OpenJDK 64-Bit Server VM (25.252-b09) for linux-amd64 JRE (1.8.0_252-8u252-b09-1~18.04-b09), built on Apr 15 2020 18:48:05 by "buildd" with gcc 7.5.0
Memory: 4k page, physical 8151012k(7665672k free), swap 0k(0k free)
CommandLine flags: -XX:+ExplicitGCInvokesConcurrent -XX:GCLogFileSize=104857600 -XX:InitialHeapSize=1073741824 -XX:InitiatingHeapOccupancyPercent=35 -XX:+ManagementServer -XX:MaxGCPauseMillis=20 -XX:MaxHeapSize=1073741824 -XX:MaxInlineLevel=15 -XX:NumberOfGCLogFiles=10 -XX:+PrintGC -XX:+PrintGCDateStamps -XX:+PrintGCDetails -XX:+PrintGCTimeStamps -XX:+UseCompressedClassPointers -XX:+UseCompressedOops -XX:+UseG1GC -XX:+UseGCLogFileRotation 
2020-06-15T23:19:17.195+0000: 1.261: [GC pause (G1 Evacuation Pause) (young), 0.0139166 secs]
   [Parallel Time: 9.2 ms, GC Workers: 2]
      [GC Worker Start (ms): Min: 1261.4, Avg: 1261.4, Max: 1261.4, Diff: 0.0]
      [Ext Root Scanning (ms): Min: 1.7, Avg: 1.9, Max: 2.0, Diff: 0.3, Sum: 3.7]
      [Update RS (ms): Min: 0.0, Avg: 0.0, Max: 0.0, Diff: 0.0, Sum: 0.0]
         [Processed Buffers: Min: 0, Avg: 0.0, Max: 0, Diff: 0, Sum: 0]
      [Scan RS (ms): Min: 0.0, Avg: 0.0, Max: 0.1, Diff: 0.1, Sum: 0.1]
      [Code Root Scanning (ms): Min: 0.4, Avg: 0.4, Max: 0.4, Diff: 0.0, Sum: 0.8]
      [Object Copy (ms): Min: 6.6, Avg: 6.8, Max: 6.9, Diff: 0.3, Sum: 13.5]
      [Termination (ms): Min: 0.0, Avg: 0.0, Max: 0.0, Diff: 0.0, Sum: 0.0]
         [Termination Attempts: Min: 1, Avg: 1.0, Max: 1, Diff: 0, Sum: 2]
      [GC Worker Other (ms): Min: 0.0, Avg: 0.0, Max: 0.0, Diff: 0.0, Sum: 0.0]
      [GC Worker Total (ms): Min: 9.1, Avg: 9.1, Max: 9.1, Diff: 0.0, Sum: 18.2]
      [GC Worker End (ms): Min: 1270.5, Avg: 1270.5, Max: 1270.5, Diff: 0.0]
   [Code Root Fixup: 0.0 ms]
   [Code Root Purge: 0.0 ms]
   [Clear CT: 0.1 ms]
   [Other: 4.7 ms]
      [Choose CSet: 0.0 ms]
      [Ref Proc: 4.2 ms]
      [Ref Enq: 0.0 ms]
      [Redirty Cards: 0.1 ms]
      [Humongous Register: 0.1 ms]
      [Humongous Reclaim: 0.0 ms]
      [Free CSet: 0.1 ms]
   [Eden: 52224.0K(52224.0K)->0.0B(45056.0K) Survivors: 0.0B->7168.0K Heap: 52224.0K(1024.0M)->8439.5K(1024.0M)]
 [Times: user=0.02 sys=0.00, real=0.02 secs] 
2020-06-15T23:19:17.528+0000: 1.594: [GC pause (Metadata GC Threshold) (young) (initial-mark), 0.0100741 secs]
   [Parallel Time: 8.1 ms, GC Workers: 2]
      [GC Worker Start (ms): Min: 1594.0, Avg: 1594.0, Max: 1594.0, Diff: 0.0]
      [Ext Root Scanning (ms): Min: 1.6, Avg: 1.7, Max: 1.8, Diff: 0.3, Sum: 3.4]
      [Update RS (ms): Min: 0.1, Avg: 0.2, Max: 0.2, Diff: 0.2, Sum: 0.3]
         [Processed Buffers: Min: 1, Avg: 1.0, Max: 1, Diff: 0, Sum: 2]
      [Scan RS (ms): Min: 0.0, Avg: 0.0, Max: 0.0, Diff: 0.0, Sum: 0.0]
      [Code Root Scanning (ms): Min: 0.1, Avg: 0.4, Max: 0.8, Diff: 0.7, Sum: 0.9]
      [Object Copy (ms): Min: 5.4, Avg: 5.7, Max: 6.0, Diff: 0.6, Sum: 11.4]
      [Termination (ms): Min: 0.0, Avg: 0.0, Max: 0.0, Diff: 0.0, Sum: 0.0]
         [Termination Attempts: Min: 1, Avg: 1.0, Max: 1, Diff: 0, Sum: 2]
      [GC Worker Other (ms): Min: 0.0, Avg: 0.0, Max: 0.0, Diff: 0.0, Sum: 0.0]
      [GC Worker Total (ms): Min: 8.0, Avg: 8.0, Max: 8.1, Diff: 0.0, Sum: 16.1]
      [GC Worker End (ms): Min: 1602.0, Avg: 1602.0, Max: 1602.0, Diff: 0.0]
   [Code Root Fixup: 0.0 ms]
   [Code Root Purge: 0.0 ms]
   [Clear CT: 0.1 ms]
   [Other: 1.8 ms]
      [Choose CSet: 0.0 ms]
      [Ref Proc: 1.4 ms]
      [Ref Enq: 0.0 ms]
      [Redirty Cards: 0.1 ms]
      [Humongous Register: 0.0 ms]
      [Humongous Reclaim: 0.0 ms]
      [Free CSet: 0.0 ms]
   [Eden: 22528.0K(45056.0K)->0.0B(45056.0K) Survivors: 7168.0K->7168.0K Heap: 30967.5K(1024.0M)->8851.5K(1024.0M)]
 [Times: user=0.02 sys=0.00, real=0.01 secs] 
2020-06-15T23:19:17.538+0000: 1.604: [GC concurrent-root-region-scan-start]
2020-06-15T23:19:17.543+0000: 1.609: [GC concurrent-root-region-scan-end, 0.0055817 secs]
2020-06-15T23:19:17.543+0000: 1.610: [GC concurrent-mark-start]
2020-06-15T23:19:17.545+0000: 1.611: [GC concurrent-mark-end, 0.0018116 secs]
2020-06-15T23:19:17.547+0000: 1.613: [GC remark 2020-06-15T23:19:17.547+0000: 1.613: [Finalize Marking, 0.0001169 secs] 2020-06-15T23:19:17.547+0000: 1.613: [GC ref-proc, 0.0001575 secs] 2020-06-15T23:19:17.547+0000: 1.614: [Unloading, 0.0041657 secs], 0.0046829 secs]
 [Times: user=0.01 sys=0.00, real=0.00 secs] 
2020-06-15T23:19:17.552+0000: 1.618: [GC cleanup 9363K->8339K(1024M), 0.0021994 secs]
 [Times: user=0.00 sys=0.00, real=0.00 secs] 
2020-06-15T23:19:17.554+0000: 1.620: [GC concurrent-cleanup-start]
2020-06-15T23:19:17.554+0000: 1.620: [GC concurrent-cleanup-end, 0.0000140 secs]
2020-06-15T23:19:18.650+0000: 2.716: [GC pause (G1 Evacuation Pause) (young), 0.0146802 secs]
   [Parallel Time: 12.8 ms, GC Workers: 2]
      [GC Worker Start (ms): Min: 2716.6, Avg: 2716.6, Max: 2716.6, Diff: 0.0]
      [Ext Root Scanning (ms): Min: 1.6, Avg: 2.0, Max: 2.5, Diff: 1.0, Sum: 4.1]
      [Update RS (ms): Min: 0.0, Avg: 0.0, Max: 0.1, Diff: 0.1, Sum: 0.1]
         [Processed Buffers: Min: 0, Avg: 1.0, Max: 2, Diff: 2, Sum: 2]
      [Scan RS (ms): Min: 0.0, Avg: 0.0, Max: 0.1, Diff: 0.0, Sum: 0.1]
      [Code Root Scanning (ms): Min: 0.4, Avg: 1.2, Max: 2.1, Diff: 1.7, Sum: 2.5]
      [Object Copy (ms): Min: 8.0, Avg: 9.3, Max: 10.6, Diff: 2.6, Sum: 18.7]
      [Termination (ms): Min: 0.0, Avg: 0.0, Max: 0.0, Diff: 0.0, Sum: 0.0]
         [Termination Attempts: Min: 1, Avg: 1.0, Max: 1, Diff: 0, Sum: 2]
      [GC Worker Other (ms): Min: 0.0, Avg: 0.0, Max: 0.0, Diff: 0.0, Sum: 0.0]
      [GC Worker Total (ms): Min: 12.7, Avg: 12.7, Max: 12.7, Diff: 0.0, Sum: 25.4]
      [GC Worker End (ms): Min: 2729.3, Avg: 2729.3, Max: 2729.3, Diff: 0.0]
   [Code Root Fixup: 0.0 ms]
   [Code Root Purge: 0.0 ms]
   [Clear CT: 0.1 ms]
   [Other: 1.8 ms]
      [Choose CSet: 0.0 ms]
      [Ref Proc: 1.3 ms]
      [Ref Enq: 0.0 ms]
      [Redirty Cards: 0.1 ms]
      [Humongous Register: 0.0 ms]
      [Humongous Reclaim: 0.0 ms]
      [Free CSet: 0.1 ms]
   [Eden: 45056.0K(45056.0K)->0.0B(45056.0K) Survivors: 7168.0K->7168.0K Heap: 179.6M(1024.0M)->139.3M(1024.0M)]
 [Times: user=0.02 sys=0.00, real=0.02 secs] 
2020-06-15T23:19:19.385+0000: 3.452: [GC pause (G1 Evacuation Pause) (young), 0.0299880 secs]
   [Parallel Time: 21.5 ms, GC Workers: 2]
      [GC Worker Start (ms): Min: 3451.8, Avg: 3451.8, Max: 3451.8, Diff: 0.0]
      [Ext Root Scanning (ms): Min: 1.8, Avg: 1.9, Max: 2.1, Diff: 0.3, Sum: 3.8]
      [Update RS (ms): Min: 0.3, Avg: 0.4, Max: 0.6, Diff: 0.3, Sum: 0.9]
         [Processed Buffers: Min: 1, Avg: 5.0, Max: 9, Diff: 8, Sum: 10]
      [Scan RS (ms): Min: 0.3, Avg: 0.4, Max: 0.6, Diff: 0.3, Sum: 0.9]
      [Code Root Scanning (ms): Min: 0.1, Avg: 0.3, Max: 0.5, Diff: 0.4, Sum: 0.7]
      [Object Copy (ms): Min: 10.2, Avg: 14.4, Max: 18.6, Diff: 8.4, Sum: 28.8]
      [Termination (ms): Min: 0.0, Avg: 3.9, Max: 7.8, Diff: 7.8, Sum: 7.8]
         [Termination Attempts: Min: 1, Avg: 1.0, Max: 1, Diff: 0, Sum: 2]
      [GC Worker Other (ms): Min: 0.0, Avg: 0.0, Max: 0.0, Diff: 0.0, Sum: 0.0]
      [GC Worker Total (ms): Min: 21.4, Avg: 21.4, Max: 21.4, Diff: 0.0, Sum: 42.8]
      [GC Worker End (ms): Min: 3473.2, Avg: 3473.2, Max: 3473.2, Diff: 0.0]
   [Code Root Fixup: 0.0 ms]
   [Code Root Purge: 0.0 ms]
   [Clear CT: 0.1 ms]
   [Other: 8.4 ms]
      [Choose CSet: 0.0 ms]
      [Ref Proc: 7.9 ms]
      [Ref Enq: 0.0 ms]
      [Redirty Cards: 0.0 ms]
      [Humongous Register: 0.1 ms]
      [Humongous Reclaim: 0.0 ms]
      [Free CSet: 0.1 ms]
   [Eden: 45056.0K(45056.0K)->0.0B(45056.0K) Survivors: 7168.0K->7168.0K Heap: 183.3M(1024.0M)->143.5M(1024.0M)]
 [Times: user=0.06 sys=0.00, real=0.03 secs] 
2020-06-15T23:19:19.688+0000: 3.754: [GC pause (Metadata GC Threshold) (young) (initial-mark), 0.0174556 secs]
   [Parallel Time: 16.3 ms, GC Workers: 2]
      [GC Worker Start (ms): Min: 3754.4, Avg: 3754.4, Max: 3754.4, Diff: 0.0]
      [Ext Root Scanning (ms): Min: 2.4, Avg: 2.5, Max: 2.6, Diff: 0.2, Sum: 4.9]
      [Update RS (ms): Min: 0.5, Avg: 0.5, Max: 0.5, Diff: 0.0, Sum: 1.0]
         [Processed Buffers: Min: 5, Avg: 7.5, Max: 10, Diff: 5, Sum: 15]
      [Scan RS (ms): Min: 0.5, Avg: 0.5, Max: 0.6, Diff: 0.0, Sum: 1.1]
      [Code Root Scanning (ms): Min: 0.0, Avg: 0.4, Max: 0.8, Diff: 0.8, Sum: 0.8]
      [Object Copy (ms): Min: 11.7, Avg: 12.2, Max: 12.7, Diff: 1.0, Sum: 24.4]
      [Termination (ms): Min: 0.0, Avg: 0.0, Max: 0.0, Diff: 0.0, Sum: 0.0]
         [Termination Attempts: Min: 1, Avg: 1.0, Max: 1, Diff: 0, Sum: 2]
      [GC Worker Other (ms): Min: 0.0, Avg: 0.0, Max: 0.0, Diff: 0.0, Sum: 0.0]
      [GC Worker Total (ms): Min: 16.1, Avg: 16.1, Max: 16.1, Diff: 0.0, Sum: 32.2]
      [GC Worker End (ms): Min: 3770.5, Avg: 3770.5, Max: 3770.5, Diff: 0.0]
   [Code Root Fixup: 0.0 ms]
   [Code Root Purge: 0.0 ms]
   [Clear CT: 0.1 ms]
   [Other: 1.1 ms]
      [Choose CSet: 0.0 ms]
      [Ref Proc: 0.6 ms]
      [Ref Enq: 0.0 ms]
      [Redirty Cards: 0.1 ms]
      [Humongous Register: 0.0 ms]
      [Humongous Reclaim: 0.0 ms]
      [Free CSet: 0.0 ms]
   [Eden: 17408.0K(45056.0K)->0.0B(45056.0K) Survivors: 7168.0K->7168.0K Heap: 160.0M(1024.0M)->145.8M(1024.0M)]
 [Times: user=0.03 sys=0.00, real=0.02 secs] 
2020-06-15T23:19:19.705+0000: 3.772: [GC concurrent-root-region-scan-start]
2020-06-15T23:19:19.728+0000: 3.794: [GC concurrent-root-region-scan-end, 0.0224381 secs]
2020-06-15T23:19:19.728+0000: 3.794: [GC concurrent-mark-start]
2020-06-15T23:19:19.801+0000: 3.867: [GC concurrent-mark-end, 0.0732167 secs]
2020-06-15T23:19:19.803+0000: 3.869: [GC remark 2020-06-15T23:19:19.803+0000: 3.869: [Finalize Marking, 0.0001453 secs] 2020-06-15T23:19:19.803+0000: 3.870: [GC ref-proc, 0.0004510 secs] 2020-06-15T23:19:19.804+0000: 3.870: [Unloading, 0.0077840 secs], 0.0097636 secs]
 [Times: user=0.01 sys=0.00, real=0.00 secs] 
2020-06-15T23:19:19.813+0000: 3.879: [GC cleanup 150M->147M(1024M), 0.0020135 secs]
 [Times: user=0.01 sys=0.00, real=0.01 secs] 
2020-06-15T23:19:19.815+0000: 3.882: [GC concurrent-cleanup-start]
2020-06-15T23:19:19.815+0000: 3.882: [GC concurrent-cleanup-end, 0.0000164 secs]
2020-06-15T23:21:48.451+0000: 152.517: [GC pause (G1 Evacuation Pause) (young) (initial-mark), 0.0167252 secs]
   [Parallel Time: 15.5 ms, GC Workers: 2]
      [GC Worker Start (ms): Min: 152517.4, Avg: 152517.4, Max: 152517.5, Diff: 0.0]
      [Ext Root Scanning (ms): Min: 1.9, Avg: 2.0, Max: 2.1, Diff: 0.2, Sum: 4.1]
      [Update RS (ms): Min: 1.4, Avg: 1.4, Max: 1.4, Diff: 0.1, Sum: 2.8]
         [Processed Buffers: Min: 10, Avg: 19.0, Max: 28, Diff: 18, Sum: 38]
      [Scan RS (ms): Min: 0.7, Avg: 0.8, Max: 0.8, Diff: 0.1, Sum: 1.6]
      [Code Root Scanning (ms): Min: 0.1, Avg: 0.4, Max: 0.7, Diff: 0.6, Sum: 0.8]
      [Object Copy (ms): Min: 10.5, Avg: 10.6, Max: 10.7, Diff: 0.2, Sum: 21.2]
      [Termination (ms): Min: 0.0, Avg: 0.0, Max: 0.0, Diff: 0.0, Sum: 0.0]
         [Termination Attempts: Min: 1, Avg: 1.0, Max: 1, Diff: 0, Sum: 2]
      [GC Worker Other (ms): Min: 0.0, Avg: 0.0, Max: 0.0, Diff: 0.0, Sum: 0.1]
      [GC Worker Total (ms): Min: 15.2, Avg: 15.3, Max: 15.3, Diff: 0.0, Sum: 30.5]
      [GC Worker End (ms): Min: 152532.7, Avg: 152532.7, Max: 152532.7, Diff: 0.0]
   [Code Root Fixup: 0.0 ms]
   [Code Root Purge: 0.0 ms]
   [Clear CT: 0.1 ms]
   [Other: 1.2 ms]
      [Choose CSet: 0.0 ms]
      [Ref Proc: 0.6 ms]
      [Ref Enq: 0.0 ms]
      [Redirty Cards: 0.1 ms]
      [Humongous Register: 0.0 ms]
      [Humongous Reclaim: 0.0 ms]
      [Free CSet: 0.1 ms]
   [Eden: 45056.0K(45056.0K)->0.0B(48128.0K) Survivors: 7168.0K->4096.0K Heap: 186.8M(1024.0M)->143.5M(1024.0M)]
 [Times: user=0.03 sys=0.00, real=0.02 secs] 
2020-06-15T23:21:48.468+0000: 152.534: [GC concurrent-root-region-scan-start]
2020-06-15T23:21:48.474+0000: 152.541: [GC concurrent-root-region-scan-end, 0.0067612 secs]
2020-06-15T23:21:48.474+0000: 152.541: [GC concurrent-mark-start]
2020-06-15T23:21:48.512+0000: 152.578: [GC concurrent-mark-end, 0.0371852 secs]
2020-06-15T23:21:48.512+0000: 152.578: [GC remark 2020-06-15T23:21:48.512+0000: 152.578: [Finalize Marking, 0.0001155 secs] 2020-06-15T23:21:48.512+0000: 152.578: [GC ref-proc, 0.0005674 secs] 2020-06-15T23:21:48.513+0000: 152.579: [Unloading, 0.0090133 secs], 0.0111315 secs]
 [Times: user=0.02 sys=0.00, real=0.01 secs] 
2020-06-15T23:21:48.523+0000: 152.589: [GC cleanup 143M->143M(1024M), 0.0020503 secs]
 [Times: user=0.00 sys=0.00, real=0.00 secs] 
2020-06-15T23:31:03.478+0000: 707.544: [GC pause (G1 Evacuation Pause) (young), 0.0219500 secs]
   [Parallel Time: 20.7 ms, GC Workers: 2]
      [GC Worker Start (ms): Min: 707544.6, Avg: 707544.6, Max: 707544.6, Diff: 0.0]
      [Ext Root Scanning (ms): Min: 1.3, Avg: 1.4, Max: 1.6, Diff: 0.3, Sum: 2.9]
      [Update RS (ms): Min: 2.5, Avg: 2.5, Max: 2.5, Diff: 0.0, Sum: 5.0]
         [Processed Buffers: Min: 17, Avg: 25.0, Max: 33, Diff: 16, Sum: 50]
      [Scan RS (ms): Min: 0.5, Avg: 0.9, Max: 1.2, Diff: 0.7, Sum: 1.8]
      [Code Root Scanning (ms): Min: 0.2, Avg: 1.0, Max: 1.9, Diff: 1.7, Sum: 2.0]
      [Object Copy (ms): Min: 6.5, Avg: 7.2, Max: 7.9, Diff: 1.5, Sum: 14.4]
      [Termination (ms): Min: 0.0, Avg: 4.3, Max: 8.6, Diff: 8.6, Sum: 8.6]
         [Termination Attempts: Min: 1, Avg: 1.0, Max: 1, Diff: 0, Sum: 2]
      [GC Worker Other (ms): Min: 0.0, Avg: 0.0, Max: 0.0, Diff: 0.0, Sum: 0.0]
      [GC Worker Total (ms): Min: 14.2, Avg: 17.4, Max: 20.6, Diff: 6.4, Sum: 34.8]
      [GC Worker End (ms): Min: 707558.8, Avg: 707562.0, Max: 707565.2, Diff: 6.4]
   [Code Root Fixup: 0.0 ms]
   [Code Root Purge: 0.0 ms]
   [Clear CT: 0.1 ms]
   [Other: 1.1 ms]
      [Choose CSet: 0.0 ms]
      [Ref Proc: 0.5 ms]
      [Ref Enq: 0.0 ms]
      [Redirty Cards: 0.0 ms]
      [Humongous Register: 0.1 ms]
      [Humongous Reclaim: 0.0 ms]
      [Free CSet: 0.1 ms]
   [Eden: 48128.0K(48128.0K)->0.0B(48128.0K) Survivors: 4096.0K->4096.0K Heap: 190.5M(1024.0M)->143.5M(1024.0M)]
 [Times: user=0.03 sys=0.00, real=0.02 secs] 
2020-06-15T23:31:07.040+0000: 711.107: [GC pause (G1 Evacuation Pause) (young), 0.0197867 secs]
   [Parallel Time: 18.9 ms, GC Workers: 2]
      [GC Worker Start (ms): Min: 711106.8, Avg: 711110.0, Max: 711113.2, Diff: 6.4]
      [Ext Root Scanning (ms): Min: 0.0, Avg: 1.4, Max: 2.8, Diff: 2.8, Sum: 2.8]
      [Update RS (ms): Min: 0.0, Avg: 1.0, Max: 2.0, Diff: 2.0, Sum: 2.0]
         [Processed Buffers: Min: 0, Avg: 12.5, Max: 25, Diff: 25, Sum: 25]
      [Scan RS (ms): Min: 0.0, Avg: 0.5, Max: 0.9, Diff: 0.9, Sum: 0.9]
      [Code Root Scanning (ms): Min: 0.0, Avg: 5.5, Max: 10.9, Diff: 10.9, Sum: 10.9]
      [Object Copy (ms): Min: 0.4, Avg: 4.1, Max: 7.7, Diff: 7.3, Sum: 8.2]
      [Termination (ms): Min: 0.0, Avg: 2.3, Max: 4.6, Diff: 4.6, Sum: 4.6]
         [Termination Attempts: Min: 1, Avg: 1.0, Max: 1, Diff: 0, Sum: 2]
      [GC Worker Other (ms): Min: 0.0, Avg: 0.0, Max: 0.0, Diff: 0.0, Sum: 0.0]
      [GC Worker Total (ms): Min: 12.4, Avg: 14.7, Max: 17.0, Diff: 4.6, Sum: 29.4]
      [GC Worker End (ms): Min: 711123.8, Avg: 711124.7, Max: 711125.6, Diff: 1.8]
   [Code Root Fixup: 0.0 ms]
   [Code Root Purge: 0.0 ms]
   [Clear CT: 0.1 ms]
   [Other: 0.8 ms]
      [Choose CSet: 0.0 ms]
      [Ref Proc: 0.3 ms]
      [Ref Enq: 0.0 ms]
      [Redirty Cards: 0.0 ms]
      [Humongous Register: 0.1 ms]
      [Humongous Reclaim: 0.0 ms]
      [Free CSet: 0.1 ms]
   [Eden: 48128.0K(48128.0K)->0.0B(48128.0K) Survivors: 4096.0K->4096.0K Heap: 190.5M(1024.0M)->144.0M(1024.0M)]
 [Times: user=0.03 sys=0.00, real=0.02 secs] 
2020-06-15T23:31:10.214+0000: 714.280: [GC pause (G1 Evacuation Pause) (young), 0.0250134 secs]
   [Parallel Time: 23.5 ms, GC Workers: 2]
      [GC Worker Start (ms): Min: 714280.6, Avg: 714282.9, Max: 714285.2, Diff: 4.6]
      [Ext Root Scanning (ms): Min: 0.0, Avg: 1.6, Max: 3.1, Diff: 3.0, Sum: 3.1]
      [Update RS (ms): Min: 1.9, Avg: 5.6, Max: 9.3, Diff: 7.4, Sum: 11.3]
         [Processed Buffers: Min: 2, Avg: 8.0, Max: 14, Diff: 12, Sum: 16]
      [Scan RS (ms): Min: 0.0, Avg: 0.0, Max: 0.1, Diff: 0.1, Sum: 0.1]
      [Code Root Scanning (ms): Min: 0.0, Avg: 0.8, Max: 1.6, Diff: 1.6, Sum: 1.6]
      [Object Copy (ms): Min: 3.7, Avg: 8.3, Max: 12.9, Diff: 9.2, Sum: 16.6]
      [Termination (ms): Min: 0.0, Avg: 3.6, Max: 7.3, Diff: 7.3, Sum: 7.3]
         [Termination Attempts: Min: 1, Avg: 1.0, Max: 1, Diff: 0, Sum: 2]
      [GC Worker Other (ms): Min: 0.0, Avg: 0.0, Max: 0.0, Diff: 0.0, Sum: 0.0]
      [GC Worker Total (ms): Min: 16.6, Avg: 20.0, Max: 23.4, Diff: 6.8, Sum: 39.9]
      [GC Worker End (ms): Min: 714301.7, Avg: 714302.9, Max: 714304.0, Diff: 2.3]
   [Code Root Fixup: 0.0 ms]
   [Code Root Purge: 0.0 ms]
   [Clear CT: 0.2 ms]
   [Other: 1.3 ms]
      [Choose CSet: 0.0 ms]
      [Ref Proc: 0.7 ms]
      [Ref Enq: 0.0 ms]
      [Redirty Cards: 0.0 ms]
      [Humongous Register: 0.1 ms]
      [Humongous Reclaim: 0.0 ms]
      [Free CSet: 0.1 ms]
   [Eden: 48128.0K(48128.0K)->0.0B(48128.0K) Survivors: 4096.0K->4096.0K Heap: 191.0M(1024.0M)->143.5M(1024.0M)]
 [Times: user=0.03 sys=0.00, real=0.03 secs] 
2020-06-15T23:31:13.210+0000: 717.276: [GC pause (G1 Evacuation Pause) (young), 0.0299378 secs]
   [Parallel Time: 29.0 ms, GC Workers: 2]
      [GC Worker Start (ms): Min: 717276.2, Avg: 717278.7, Max: 717281.2, Diff: 5.0]
      [Ext Root Scanning (ms): Min: 0.0, Avg: 1.4, Max: 2.9, Diff: 2.9, Sum: 2.9]
      [Update RS (ms): Min: 0.6, Avg: 5.2, Max: 9.8, Diff: 9.2, Sum: 10.5]
         [Processed Buffers: Min: 3, Avg: 7.0, Max: 11, Diff: 8, Sum: 14]
      [Scan RS (ms): Min: 0.0, Avg: 0.3, Max: 0.5, Diff: 0.5, Sum: 0.5]
      [Code Root Scanning (ms): Min: 0.0, Avg: 0.8, Max: 1.5, Diff: 1.5, Sum: 1.5]
      [Object Copy (ms): Min: 2.6, Avg: 9.9, Max: 17.1, Diff: 14.5, Sum: 19.7]
      [Termination (ms): Min: 0.0, Avg: 6.8, Max: 13.6, Diff: 13.6, Sum: 13.6]
         [Termination Attempts: Min: 1, Avg: 1.0, Max: 1, Diff: 0, Sum: 2]
      [GC Worker Other (ms): Min: 0.0, Avg: 0.0, Max: 0.0, Diff: 0.0, Sum: 0.0]
      [GC Worker Total (ms): Min: 19.8, Avg: 24.4, Max: 29.0, Diff: 9.2, Sum: 48.8]
      [GC Worker End (ms): Min: 717301.0, Avg: 717303.1, Max: 717305.2, Diff: 4.2]
   [Code Root Fixup: 0.0 ms]
   [Code Root Purge: 0.0 ms]
   [Clear CT: 0.1 ms]
   [Other: 0.8 ms]
      [Choose CSet: 0.0 ms]
      [Ref Proc: 0.3 ms]
      [Ref Enq: 0.0 ms]
      [Redirty Cards: 0.0 ms]
      [Humongous Register: 0.1 ms]
      [Humongous Reclaim: 0.0 ms]
      [Free CSet: 0.1 ms]
   [Eden: 48128.0K(48128.0K)->0.0B(49152.0K) Survivors: 4096.0K->3072.0K Heap: 190.5M(1024.0M)->143.0M(1024.0M)]
 [Times: user=0.04 sys=0.00, real=0.03 secs] 
2020-06-15T23:31:16.291+0000: 720.357: [GC pause (G1 Evacuation Pause) (young), 0.0278492 secs]
   [Parallel Time: 26.1 ms, GC Workers: 2]
      [GC Worker Start (ms): Min: 720357.7, Avg: 720359.4, Max: 720361.2, Diff: 3.5]
      [Ext Root Scanning (ms): Min: 0.1, Avg: 1.5, Max: 3.0, Diff: 3.0, Sum: 3.1]
      [Update RS (ms): Min: 0.0, Avg: 1.2, Max: 2.5, Diff: 2.5, Sum: 2.5]
         [Processed Buffers: Min: 0, Avg: 10.0, Max: 20, Diff: 20, Sum: 20]
      [Scan RS (ms): Min: 0.1, Avg: 0.4, Max: 0.8, Diff: 0.8, Sum: 0.9]
      [Code Root Scanning (ms): Min: 0.0, Avg: 1.6, Max: 3.1, Diff: 3.1, Sum: 3.1]
      [Object Copy (ms): Min: 13.5, Avg: 13.6, Max: 13.7, Diff: 0.2, Sum: 27.1]
      [Termination (ms): Min: 0.2, Avg: 4.5, Max: 8.7, Diff: 8.5, Sum: 9.0]
         [Termination Attempts: Min: 1, Avg: 1.0, Max: 1, Diff: 0, Sum: 2]
      [GC Worker Other (ms): Min: 0.0, Avg: 0.0, Max: 0.0, Diff: 0.0, Sum: 0.0]
      [GC Worker Total (ms): Min: 20.4, Avg: 22.8, Max: 25.3, Diff: 5.0, Sum: 45.7]
      [GC Worker End (ms): Min: 720381.5, Avg: 720382.3, Max: 720383.0, Diff: 1.4]
   [Code Root Fixup: 0.0 ms]
   [Code Root Purge: 0.0 ms]
   [Clear CT: 0.2 ms]
   [Other: 1.5 ms]
      [Choose CSet: 0.0 ms]
      [Ref Proc: 0.8 ms]
      [Ref Enq: 0.0 ms]
      [Redirty Cards: 0.0 ms]
      [Humongous Register: 0.1 ms]
      [Humongous Reclaim: 0.0 ms]
      [Free CSet: 0.1 ms]
   [Eden: 49152.0K(49152.0K)->0.0B(48128.0K) Survivors: 3072.0K->4096.0K Heap: 191.0M(1024.0M)->143.5M(1024.0M)]
 [Times: user=0.03 sys=0.00, real=0.03 secs] 
2020-06-15T23:31:19.150+0000: 723.216: [GC pause (G1 Evacuation Pause) (young), 0.0197600 secs]
   [Parallel Time: 18.3 ms, GC Workers: 2]
      [GC Worker Start (ms): Min: 723215.9, Avg: 723218.6, Max: 723221.2, Diff: 5.2]
      [Ext Root Scanning (ms): Min: 0.0, Avg: 1.4, Max: 2.8, Diff: 2.8, Sum: 2.8]
      [Update RS (ms): Min: 0.2, Avg: 5.6, Max: 11.0, Diff: 10.8, Sum: 11.3]
         [Processed Buffers: Min: 3, Avg: 13.0, Max: 23, Diff: 20, Sum: 26]
      [Scan RS (ms): Min: 0.0, Avg: 0.4, Max: 0.8, Diff: 0.8, Sum: 0.8]
      [Code Root Scanning (ms): Min: 0.0, Avg: 0.9, Max: 1.8, Diff: 1.8, Sum: 1.8]
      [Object Copy (ms): Min: 3.8, Avg: 7.0, Max: 10.1, Diff: 6.3, Sum: 13.9]
      [Termination (ms): Min: 0.0, Avg: 0.3, Max: 0.6, Diff: 0.6, Sum: 0.6]
         [Termination Attempts: Min: 1, Avg: 1.0, Max: 1, Diff: 0, Sum: 2]
      [GC Worker Other (ms): Min: 0.0, Avg: 0.0, Max: 0.0, Diff: 0.0, Sum: 0.0]
      [GC Worker Total (ms): Min: 13.0, Avg: 15.6, Max: 18.3, Diff: 5.3, Sum: 31.3]
      [GC Worker End (ms): Min: 723234.2, Avg: 723234.2, Max: 723234.2, Diff: 0.0]
   [Code Root Fixup: 0.0 ms]
   [Code Root Purge: 0.0 ms]
   [Clear CT: 0.1 ms]
   [Other: 1.3 ms]
      [Choose CSet: 0.0 ms]
      [Ref Proc: 0.6 ms]
      [Ref Enq: 0.0 ms]
      [Redirty Cards: 0.1 ms]
      [Humongous Register: 0.1 ms]
      [Humongous Reclaim: 0.0 ms]
      [Free CSet: 0.1 ms]
   [Eden: 48128.0K(48128.0K)->0.0B(49152.0K) Survivors: 4096.0K->3072.0K Heap: 190.5M(1024.0M)->143.0M(1024.0M)]
 [Times: user=0.01 sys=0.00, real=0.02 secs] 
2020-06-15T23:31:21.999+0000: 726.065: [GC pause (G1 Evacuation Pause) (young), 0.0205643 secs]
   [Parallel Time: 13.2 ms, GC Workers: 2]
      [GC Worker Start (ms): Min: 726065.6, Avg: 726067.4, Max: 726069.2, Diff: 3.5]
      [Ext Root Scanning (ms): Min: 0.0, Avg: 1.4, Max: 2.7, Diff: 2.7, Sum: 2.8]
      [Update RS (ms): Min: 1.3, Avg: 2.9, Max: 4.5, Diff: 3.2, Sum: 5.9]
         [Processed Buffers: Min: 0, Avg: 11.5, Max: 23, Diff: 23, Sum: 23]
      [Scan RS (ms): Min: 0.1, Avg: 0.6, Max: 1.2, Diff: 1.1, Sum: 1.2]
      [Code Root Scanning (ms): Min: 0.0, Avg: 2.8, Max: 5.6, Diff: 5.6, Sum: 5.6]
      [Object Copy (ms): Min: 1.4, Avg: 3.6, Max: 5.8, Diff: 4.3, Sum: 7.2]
      [Termination (ms): Min: 0.0, Avg: 0.0, Max: 0.0, Diff: 0.0, Sum: 0.0]
         [Termination Attempts: Min: 1, Avg: 1.0, Max: 1, Diff: 0, Sum: 2]
      [GC Worker Other (ms): Min: 0.0, Avg: 0.0, Max: 0.0, Diff: 0.0, Sum: 0.0]
      [GC Worker Total (ms): Min: 9.6, Avg: 11.4, Max: 13.1, Diff: 3.5, Sum: 22.7]
      [GC Worker End (ms): Min: 726078.8, Avg: 726078.8, Max: 726078.8, Diff: 0.0]
   [Code Root Fixup: 0.0 ms]
   [Code Root Purge: 0.0 ms]
   [Clear CT: 0.1 ms]
   [Other: 7.3 ms]
      [Choose CSet: 0.0 ms]
      [Ref Proc: 6.5 ms]
      [Ref Enq: 0.0 ms]
      [Redirty Cards: 0.2 ms]
      [Humongous Register: 0.2 ms]
      [Humongous Reclaim: 0.0 ms]
      [Free CSet: 0.1 ms]
   [Eden: 49152.0K(49152.0K)->0.0B(48128.0K) Survivors: 3072.0K->4096.0K Heap: 191.0M(1024.0M)->144.0M(1024.0M)]
 [Times: user=0.02 sys=0.00, real=0.02 secs] 
2020-06-15T23:31:24.410+0000: 728.476: [GC pause (G1 Evacuation Pause) (young), 0.0131450 secs]
   [Parallel Time: 12.0 ms, GC Workers: 2]
      [GC Worker Start (ms): Min: 728476.7, Avg: 728476.7, Max: 728476.7, Diff: 0.0]
      [Ext Root Scanning (ms): Min: 1.2, Avg: 1.4, Max: 1.5, Diff: 0.3, Sum: 2.8]
      [Update RS (ms): Min: 0.8, Avg: 0.9, Max: 1.0, Diff: 0.1, Sum: 1.8]
         [Processed Buffers: Min: 1, Avg: 9.5, Max: 18, Diff: 17, Sum: 19]
      [Scan RS (ms): Min: 0.4, Avg: 0.5, Max: 0.5, Diff: 0.1, Sum: 1.0]
      [Code Root Scanning (ms): Min: 0.0, Avg: 1.2, Max: 2.4, Diff: 2.4, Sum: 2.4]
      [Object Copy (ms): Min: 2.6, Avg: 4.0, Max: 5.3, Diff: 2.7, Sum: 7.9]
      [Termination (ms): Min: 0.0, Avg: 0.0, Max: 0.0, Diff: 0.0, Sum: 0.0]
         [Termination Attempts: Min: 1, Avg: 1.0, Max: 1, Diff: 0, Sum: 2]
      [GC Worker Other (ms): Min: 0.0, Avg: 0.0, Max: 0.0, Diff: 0.0, Sum: 0.0]
      [GC Worker Total (ms): Min: 8.0, Avg: 8.0, Max: 8.0, Diff: 0.0, Sum: 15.9]
      [GC Worker End (ms): Min: 728484.7, Avg: 728484.7, Max: 728484.7, Diff: 0.0]
   [Code Root Fixup: 0.0 ms]
   [Code Root Purge: 0.0 ms]
   [Clear CT: 0.1 ms]
   [Other: 1.0 ms]
      [Choose CSet: 0.0 ms]
      [Ref Proc: 0.3 ms]
      [Ref Enq: 0.0 ms]
      [Redirty Cards: 0.2 ms]
      [Humongous Register: 0.1 ms]
      [Humongous Reclaim: 0.0 ms]
      [Free CSet: 0.1 ms]
   [Eden: 48128.0K(48128.0K)->0.0B(49152.0K) Survivors: 4096.0K->3072.0K Heap: 191.0M(1024.0M)->143.0M(1024.0M)]
 [Times: user=0.01 sys=0.00, real=0.02 secs] 
2020-06-15T23:31:26.764+0000: 730.830: [GC pause (G1 Evacuation Pause) (young), 0.0108779 secs]
   [Parallel Time: 8.1 ms, GC Workers: 2]
      [GC Worker Start (ms): Min: 730830.6, Avg: 730830.6, Max: 730830.6, Diff: 0.0]
      [Ext Root Scanning (ms): Min: 1.3, Avg: 1.5, Max: 1.6, Diff: 0.3, Sum: 2.9]
      [Update RS (ms): Min: 1.1, Avg: 1.1, Max: 1.1, Diff: 0.0, Sum: 2.1]
         [Processed Buffers: Min: 6, Avg: 7.0, Max: 8, Diff: 2, Sum: 14]
      [Scan RS (ms): Min: 0.3, Avg: 0.3, Max: 0.3, Diff: 0.0, Sum: 0.6]
      [Code Root Scanning (ms): Min: 0.0, Avg: 0.8, Max: 1.6, Diff: 1.5, Sum: 1.6]
      [Object Copy (ms): Min: 3.7, Avg: 4.3, Max: 4.9, Diff: 1.2, Sum: 8.6]
      [Termination (ms): Min: 0.0, Avg: 0.0, Max: 0.0, Diff: 0.0, Sum: 0.0]
         [Termination Attempts: Min: 1, Avg: 1.0, Max: 1, Diff: 0, Sum: 2]
      [GC Worker Other (ms): Min: 0.0, Avg: 0.0, Max: 0.0, Diff: 0.0, Sum: 0.0]
      [GC Worker Total (ms): Min: 8.0, Avg: 8.0, Max: 8.0, Diff: 0.0, Sum: 16.0]
      [GC Worker End (ms): Min: 730838.6, Avg: 730838.6, Max: 730838.6, Diff: 0.0]
   [Code Root Fixup: 0.0 ms]
   [Code Root Purge: 0.0 ms]
   [Clear CT: 0.1 ms]
   [Other: 2.7 ms]
      [Choose CSet: 0.0 ms]
      [Ref Proc: 2.3 ms]
      [Ref Enq: 0.0 ms]
      [Redirty Cards: 0.1 ms]
      [Humongous Register: 0.1 ms]
      [Humongous Reclaim: 0.0 ms]
      [Free CSet: 0.1 ms]
   [Eden: 49152.0K(49152.0K)->0.0B(48128.0K) Survivors: 3072.0K->4096.0K Heap: 191.0M(1024.0M)->144.0M(1024.0M)]
 [Times: user=0.02 sys=0.00, real=0.01 secs] 
2020-06-15T23:31:29.074+0000: 733.141: [GC pause (G1 Evacuation Pause) (young), 0.0112372 secs]
   [Parallel Time: 10.3 ms, GC Workers: 2]
      [GC Worker Start (ms): Min: 733140.8, Avg: 733143.0, Max: 733145.2, Diff: 4.4]
      [Ext Root Scanning (ms): Min: 0.0, Avg: 1.2, Max: 2.3, Diff: 2.3, Sum: 2.4]
      [Update RS (ms): Min: 0.3, Avg: 2.2, Max: 4.2, Diff: 3.9, Sum: 4.5]
         [Processed Buffers: Min: 3, Avg: 6.5, Max: 10, Diff: 7, Sum: 13]
      [Scan RS (ms): Min: 0.0, Avg: 0.1, Max: 0.2, Diff: 0.2, Sum: 0.2]
      [Code Root Scanning (ms): Min: 0.0, Avg: 0.6, Max: 1.2, Diff: 1.2, Sum: 1.2]
      [Object Copy (ms): Min: 3.7, Avg: 3.9, Max: 4.1, Diff: 0.4, Sum: 7.8]
      [Termination (ms): Min: 0.0, Avg: 0.0, Max: 0.0, Diff: 0.0, Sum: 0.0]
         [Termination Attempts: Min: 1, Avg: 1.0, Max: 1, Diff: 0, Sum: 2]
      [GC Worker Other (ms): Min: 0.0, Avg: 0.0, Max: 0.0, Diff: 0.0, Sum: 0.0]
      [GC Worker Total (ms): Min: 5.8, Avg: 8.0, Max: 10.2, Diff: 4.4, Sum: 16.1]
      [GC Worker End (ms): Min: 733151.0, Avg: 733151.0, Max: 733151.0, Diff: 0.0]
   [Code Root Fixup: 0.0 ms]
   [Code Root Purge: 0.0 ms]
   [Clear CT: 0.1 ms]
   [Other: 0.9 ms]
      [Choose CSet: 0.0 ms]
      [Ref Proc: 0.3 ms]
      [Ref Enq: 0.0 ms]
      [Redirty Cards: 0.1 ms]
      [Humongous Register: 0.1 ms]
      [Humongous Reclaim: 0.0 ms]
      [Free CSet: 0.1 ms]
   [Eden: 48128.0K(48128.0K)->0.0B(72704.0K) Survivors: 4096.0K->4096.0K Heap: 191.0M(1024.0M)->143.5M(1024.0M)]
 [Times: user=0.01 sys=0.00, real=0.02 secs] 
2020-06-15T23:31:32.246+0000: 736.312: [GC pause (G1 Evacuation Pause) (young), 0.0105447 secs]
   [Parallel Time: 9.2 ms, GC Workers: 2]
      [GC Worker Start (ms): Min: 736312.6, Avg: 736312.6, Max: 736312.7, Diff: 0.0]
      [Ext Root Scanning (ms): Min: 1.3, Avg: 1.5, Max: 1.7, Diff: 0.4, Sum: 3.0]
      [Update RS (ms): Min: 1.2, Avg: 1.2, Max: 1.2, Diff: 0.0, Sum: 2.5]
         [Processed Buffers: Min: 1, Avg: 6.5, Max: 12, Diff: 11, Sum: 13]
      [Scan RS (ms): Min: 0.1, Avg: 0.2, Max: 0.3, Diff: 0.2, Sum: 0.4]
      [Code Root Scanning (ms): Min: 0.0, Avg: 0.8, Max: 1.5, Diff: 1.5, Sum: 1.5]
      [Object Copy (ms): Min: 4.3, Avg: 4.7, Max: 5.1, Diff: 0.9, Sum: 9.4]
      [Termination (ms): Min: 0.0, Avg: 0.0, Max: 0.0, Diff: 0.0, Sum: 0.0]
         [Termination Attempts: Min: 1, Avg: 1.0, Max: 1, Diff: 0, Sum: 2]
      [GC Worker Other (ms): Min: 0.0, Avg: 0.0, Max: 0.0, Diff: 0.0, Sum: 0.0]
      [GC Worker Total (ms): Min: 8.4, Avg: 8.4, Max: 8.4, Diff: 0.0, Sum: 16.8]
      [GC Worker End (ms): Min: 736321.0, Avg: 736321.1, Max: 736321.1, Diff: 0.0]
   [Code Root Fixup: 0.0 ms]
   [Code Root Purge: 0.0 ms]
   [Clear CT: 0.3 ms]
   [Other: 1.0 ms]
      [Choose CSet: 0.0 ms]
      [Ref Proc: 0.5 ms]
      [Ref Enq: 0.0 ms]
      [Redirty Cards: 0.1 ms]
      [Humongous Register: 0.1 ms]
      [Humongous Reclaim: 0.0 ms]
      [Free CSet: 0.1 ms]
   [Eden: 72704.0K(72704.0K)->0.0B(532.0M) Survivors: 4096.0K->3072.0K Heap: 214.5M(1024.0M)->143.0M(1024.0M)]
 [Times: user=0.01 sys=0.01, real=0.01 secs] 
2020-06-15T23:31:54.875+0000: 758.941: [GC pause (G1 Evacuation Pause) (young), 0.0129516 secs]
   [Parallel Time: 9.8 ms, GC Workers: 2]
      [GC Worker Start (ms): Min: 758941.0, Avg: 758941.0, Max: 758941.0, Diff: 0.0]
      [Ext Root Scanning (ms): Min: 1.3, Avg: 1.5, Max: 1.7, Diff: 0.4, Sum: 2.9]
      [Update RS (ms): Min: 1.3, Avg: 1.4, Max: 1.5, Diff: 0.2, Sum: 2.8]
         [Processed Buffers: Min: 3, Avg: 9.5, Max: 16, Diff: 13, Sum: 19]
      [Scan RS (ms): Min: 0.4, Avg: 0.5, Max: 0.5, Diff: 0.1, Sum: 1.0]
      [Code Root Scanning (ms): Min: 0.2, Avg: 1.0, Max: 1.7, Diff: 1.5, Sum: 2.0]
      [Object Copy (ms): Min: 4.2, Avg: 4.7, Max: 5.2, Diff: 1.0, Sum: 9.5]
      [Termination (ms): Min: 0.0, Avg: 0.0, Max: 0.0, Diff: 0.0, Sum: 0.0]
         [Termination Attempts: Min: 1, Avg: 1.0, Max: 1, Diff: 0, Sum: 2]
      [GC Worker Other (ms): Min: 0.0, Avg: 0.0, Max: 0.0, Diff: 0.0, Sum: 0.1]
      [GC Worker Total (ms): Min: 9.1, Avg: 9.1, Max: 9.1, Diff: 0.0, Sum: 18.2]
      [GC Worker End (ms): Min: 758950.1, Avg: 758950.1, Max: 758950.1, Diff: 0.0]
   [Code Root Fixup: 0.0 ms]
   [Code Root Purge: 0.0 ms]
   [Clear CT: 0.7 ms]
   [Other: 2.4 ms]
      [Choose CSet: 0.0 ms]
      [Ref Proc: 1.6 ms]
      [Ref Enq: 0.0 ms]
      [Redirty Cards: 0.1 ms]
      [Humongous Register: 0.1 ms]
      [Humongous Reclaim: 0.0 ms]
      [Free CSet: 0.4 ms]
   [Eden: 532.0M(532.0M)->0.0B(611.0M) Survivors: 3072.0K->3072.0K Heap: 675.0M(1024.0M)->143.0M(1024.0M)]
 [Times: user=0.01 sys=0.01, real=0.02 secs] 
2020-06-15T23:32:20.059+0000: 784.125: [GC pause (G1 Evacuation Pause) (young), 0.0136687 secs]
   [Parallel Time: 11.9 ms, GC Workers: 2]
      [GC Worker Start (ms): Min: 784124.9, Avg: 784124.9, Max: 784124.9, Diff: 0.0]
      [Ext Root Scanning (ms): Min: 1.3, Avg: 1.5, Max: 1.7, Diff: 0.4, Sum: 3.0]
      [Update RS (ms): Min: 1.3, Avg: 1.3, Max: 1.3, Diff: 0.1, Sum: 2.6]
         [Processed Buffers: Min: 3, Avg: 8.0, Max: 13, Diff: 10, Sum: 16]
      [Scan RS (ms): Min: 0.6, Avg: 0.7, Max: 0.7, Diff: 0.0, Sum: 1.3]
      [Code Root Scanning (ms): Min: 0.3, Avg: 1.0, Max: 1.8, Diff: 1.5, Sum: 2.0]
      [Object Copy (ms): Min: 4.5, Avg: 5.1, Max: 5.7, Diff: 1.2, Sum: 10.2]
      [Termination (ms): Min: 0.0, Avg: 0.0, Max: 0.0, Diff: 0.0, Sum: 0.0]
         [Termination Attempts: Min: 1, Avg: 1.0, Max: 1, Diff: 0, Sum: 2]
      [GC Worker Other (ms): Min: 0.0, Avg: 0.0, Max: 0.0, Diff: 0.0, Sum: 0.1]
      [GC Worker Total (ms): Min: 9.5, Avg: 9.6, Max: 9.6, Diff: 0.0, Sum: 19.1]
      [GC Worker End (ms): Min: 784134.5, Avg: 784134.5, Max: 784134.5, Diff: 0.0]
   [Code Root Fixup: 0.0 ms]
   [Code Root Purge: 0.0 ms]
   [Clear CT: 0.4 ms]
   [Other: 1.4 ms]
      [Choose CSet: 0.0 ms]
      [Ref Proc: 0.7 ms]
      [Ref Enq: 0.0 ms]
      [Redirty Cards: 0.1 ms]
      [Humongous Register: 0.1 ms]
      [Humongous Reclaim: 0.0 ms]
      [Free CSet: 0.4 ms]
   [Eden: 611.0M(611.0M)->0.0B(611.0M) Survivors: 3072.0K->3072.0K Heap: 754.0M(1024.0M)->143.0M(1024.0M)]
 [Times: user=0.02 sys=0.00, real=0.01 secs] 
2020-06-15T23:32:46.955+0000: 811.021: [GC pause (G1 Evacuation Pause) (young), 0.0147211 secs]
   [Parallel Time: 13.1 ms, GC Workers: 2]
      [GC Worker Start (ms): Min: 811021.5, Avg: 811023.4, Max: 811025.2, Diff: 3.7]
      [Ext Root Scanning (ms): Min: 0.0, Avg: 1.1, Max: 2.2, Diff: 2.2, Sum: 2.2]
      [Update RS (ms): Min: 1.3, Avg: 3.8, Max: 6.2, Diff: 4.9, Sum: 7.5]
         [Processed Buffers: Min: 3, Avg: 9.5, Max: 16, Diff: 13, Sum: 19]
      [Scan RS (ms): Min: 0.0, Avg: 0.4, Max: 0.8, Diff: 0.8, Sum: 0.9]
      [Code Root Scanning (ms): Min: 0.0, Avg: 0.9, Max: 1.7, Diff: 1.7, Sum: 1.7]
      [Object Copy (ms): Min: 4.6, Avg: 5.0, Max: 5.5, Diff: 1.0, Sum: 10.1]
      [Termination (ms): Min: 0.0, Avg: 0.0, Max: 0.0, Diff: 0.0, Sum: 0.0]
         [Termination Attempts: Min: 1, Avg: 1.0, Max: 1, Diff: 0, Sum: 2]
      [GC Worker Other (ms): Min: 0.0, Avg: 0.0, Max: 0.0, Diff: 0.0, Sum: 0.1]
      [GC Worker Total (ms): Min: 9.4, Avg: 11.2, Max: 13.1, Diff: 3.7, Sum: 22.4]
      [GC Worker End (ms): Min: 811034.6, Avg: 811034.6, Max: 811034.6, Diff: 0.0]
   [Code Root Fixup: 0.0 ms]
   [Code Root Purge: 0.0 ms]
   [Clear CT: 0.5 ms]
   [Other: 1.1 ms]
      [Choose CSet: 0.0 ms]
      [Ref Proc: 0.4 ms]
      [Ref Enq: 0.0 ms]
      [Redirty Cards: 0.1 ms]
      [Humongous Register: 0.1 ms]
      [Humongous Reclaim: 0.0 ms]
      [Free CSet: 0.3 ms]
   [Eden: 611.0M(611.0M)->0.0B(611.0M) Survivors: 3072.0K->3072.0K Heap: 754.0M(1024.0M)->143.9M(1024.0M)]
 [Times: user=0.00 sys=0.01, real=0.01 secs] 
2020-06-15T23:33:12.913+0000: 836.979: [GC pause (G1 Evacuation Pause) (young), 0.0096221 secs]
   [Parallel Time: 7.8 ms, GC Workers: 2]
      [GC Worker Start (ms): Min: 836979.6, Avg: 836979.6, Max: 836979.6, Diff: 0.0]
      [Ext Root Scanning (ms): Min: 1.2, Avg: 1.3, Max: 1.4, Diff: 0.3, Sum: 2.6]
      [Update RS (ms): Min: 1.9, Avg: 1.9, Max: 1.9, Diff: 0.0, Sum: 3.7]
         [Processed Buffers: Min: 3, Avg: 13.0, Max: 23, Diff: 20, Sum: 26]
      [Scan RS (ms): Min: 0.7, Avg: 0.7, Max: 0.7, Diff: 0.0, Sum: 1.3]
      [Code Root Scanning (ms): Min: 0.3, Avg: 0.8, Max: 1.4, Diff: 1.1, Sum: 1.6]
      [Object Copy (ms): Min: 2.4, Avg: 3.1, Max: 3.7, Diff: 1.4, Sum: 6.1]
      [Termination (ms): Min: 0.0, Avg: 0.0, Max: 0.0, Diff: 0.0, Sum: 0.0]
         [Termination Attempts: Min: 1, Avg: 1.0, Max: 1, Diff: 0, Sum: 2]
      [GC Worker Other (ms): Min: 0.0, Avg: 0.0, Max: 0.0, Diff: 0.0, Sum: 0.1]
      [GC Worker Total (ms): Min: 7.7, Avg: 7.7, Max: 7.8, Diff: 0.0, Sum: 15.5]
      [GC Worker End (ms): Min: 836987.3, Avg: 836987.3, Max: 836987.3, Diff: 0.0]
   [Code Root Fixup: 0.0 ms]
   [Code Root Purge: 0.0 ms]
   [Clear CT: 0.6 ms]
   [Other: 1.2 ms]
      [Choose CSet: 0.0 ms]
      [Ref Proc: 0.4 ms]
      [Ref Enq: 0.0 ms]
      [Redirty Cards: 0.1 ms]
      [Humongous Register: 0.1 ms]
      [Humongous Reclaim: 0.0 ms]
      [Free CSet: 0.5 ms]
   [Eden: 611.0M(611.0M)->0.0B(612.0M) Survivors: 3072.0K->2048.0K Heap: 754.9M(1024.0M)->144.0M(1024.0M)]
 [Times: user=0.02 sys=0.00, real=0.01 secs] 
2020-06-15T23:33:39.435+0000: 863.501: [GC pause (G1 Evacuation Pause) (young), 0.0100661 secs]
   [Parallel Time: 5.8 ms, GC Workers: 2]
      [GC Worker Start (ms): Min: 863501.3, Avg: 863501.3, Max: 863501.3, Diff: 0.0]
      [Ext Root Scanning (ms): Min: 1.1, Avg: 1.2, Max: 1.3, Diff: 0.1, Sum: 2.4]
      [Update RS (ms): Min: 1.9, Avg: 1.9, Max: 1.9, Diff: 0.0, Sum: 3.7]
         [Processed Buffers: Min: 3, Avg: 14.0, Max: 25, Diff: 22, Sum: 28]
      [Scan RS (ms): Min: 0.8, Avg: 0.8, Max: 0.9, Diff: 0.1, Sum: 1.7]
      [Code Root Scanning (ms): Min: 0.3, Avg: 0.5, Max: 0.8, Diff: 0.6, Sum: 1.1]
      [Object Copy (ms): Min: 1.0, Avg: 1.3, Max: 1.5, Diff: 0.5, Sum: 2.5]
      [Termination (ms): Min: 0.0, Avg: 0.0, Max: 0.0, Diff: 0.0, Sum: 0.0]
         [Termination Attempts: Min: 1, Avg: 1.0, Max: 1, Diff: 0, Sum: 2]
      [GC Worker Other (ms): Min: 0.0, Avg: 0.0, Max: 0.0, Diff: 0.0, Sum: 0.1]
      [GC Worker Total (ms): Min: 5.7, Avg: 5.7, Max: 5.7, Diff: 0.0, Sum: 11.4]
      [GC Worker End (ms): Min: 863507.0, Avg: 863507.0, Max: 863507.0, Diff: 0.0]
   [Code Root Fixup: 0.0 ms]
   [Code Root Purge: 0.0 ms]
   [Clear CT: 3.4 ms]
   [Other: 0.9 ms]
      [Choose CSet: 0.0 ms]
      [Ref Proc: 0.2 ms]
      [Ref Enq: 0.0 ms]
      [Redirty Cards: 0.1 ms]
      [Humongous Register: 0.1 ms]
      [Humongous Reclaim: 0.0 ms]
      [Free CSet: 0.3 ms]
   [Eden: 612.0M(612.0M)->0.0B(613.0M) Survivors: 2048.0K->1024.0K Heap: 756.0M(1024.0M)->144.1M(1024.0M)]
 [Times: user=0.01 sys=0.01, real=0.02 secs] 
2020-06-16T00:01:42.020+0000: 2546.086: [GC pause (G1 Evacuation Pause) (young), 0.0158788 secs]
   [Parallel Time: 13.7 ms, GC Workers: 2]
      [GC Worker Start (ms): Min: 2546086.4, Avg: 2546089.8, Max: 2546093.2, Diff: 6.7]
      [Ext Root Scanning (ms): Min: 0.0, Avg: 1.1, Max: 2.2, Diff: 2.2, Sum: 2.2]
      [Update RS (ms): Min: 0.0, Avg: 1.9, Max: 3.7, Diff: 3.7, Sum: 3.7]
         [Processed Buffers: Min: 0, Avg: 20.0, Max: 40, Diff: 40, Sum: 40]
      [Scan RS (ms): Min: 0.6, Avg: 3.9, Max: 7.2, Diff: 6.5, Sum: 7.8]
      [Code Root Scanning (ms): Min: 0.1, Avg: 0.3, Max: 0.4, Diff: 0.2, Sum: 0.5]
      [Object Copy (ms): Min: 0.3, Avg: 0.5, Max: 0.6, Diff: 0.3, Sum: 0.9]
      [Termination (ms): Min: 0.0, Avg: 2.6, Max: 5.2, Diff: 5.2, Sum: 5.2]
         [Termination Attempts: Min: 1, Avg: 1.0, Max: 1, Diff: 0, Sum: 2]
      [GC Worker Other (ms): Min: 0.0, Avg: 0.0, Max: 0.0, Diff: 0.0, Sum: 0.0]
      [GC Worker Total (ms): Min: 6.9, Avg: 10.2, Max: 13.6, Diff: 6.7, Sum: 20.5]
      [GC Worker End (ms): Min: 2546100.1, Avg: 2546100.1, Max: 2546100.1, Diff: 0.0]
   [Code Root Fixup: 0.0 ms]
   [Code Root Purge: 0.0 ms]
   [Clear CT: 0.9 ms]
   [Other: 1.3 ms]
      [Choose CSet: 0.0 ms]
      [Ref Proc: 0.4 ms]
      [Ref Enq: 0.0 ms]
      [Redirty Cards: 0.0 ms]
      [Humongous Register: 0.1 ms]
      [Humongous Reclaim: 0.0 ms]
      [Free CSet: 0.5 ms]
   [Eden: 613.0M(613.0M)->0.0B(613.0M) Survivors: 1024.0K->1024.0K Heap: 757.1M(1024.0M)->144.1M(1024.0M)]
 [Times: user=0.02 sys=0.00, real=0.02 secs] 
2020-06-16T00:04:17.337+0000: 2701.403: [GC pause (G1 Evacuation Pause) (young), 0.0083622 secs]
   [Parallel Time: 6.7 ms, GC Workers: 2]
      [GC Worker Start (ms): Min: 2701403.7, Avg: 2701404.4, Max: 2701405.2, Diff: 1.5]
      [Ext Root Scanning (ms): Min: 0.8, Avg: 3.2, Max: 5.6, Diff: 4.8, Sum: 6.4]
      [Update RS (ms): Min: 0.0, Avg: 0.7, Max: 1.5, Diff: 1.5, Sum: 1.5]
         [Processed Buffers: Min: 0, Avg: 17.0, Max: 34, Diff: 34, Sum: 34]
      [Scan RS (ms): Min: 0.2, Avg: 1.1, Max: 2.0, Diff: 1.8, Sum: 2.1]
      [Code Root Scanning (ms): Min: 0.1, Avg: 0.3, Max: 0.5, Diff: 0.4, Sum: 0.5]
      [Object Copy (ms): Min: 0.3, Avg: 0.4, Max: 0.5, Diff: 0.2, Sum: 0.8]
      [Termination (ms): Min: 0.0, Avg: 0.1, Max: 0.2, Diff: 0.2, Sum: 0.2]
         [Termination Attempts: Min: 1, Avg: 1.0, Max: 1, Diff: 0, Sum: 2]
      [GC Worker Other (ms): Min: 0.0, Avg: 0.0, Max: 0.0, Diff: 0.0, Sum: 0.0]
      [GC Worker Total (ms): Min: 5.0, Avg: 5.8, Max: 6.6, Diff: 1.6, Sum: 11.6]
      [GC Worker End (ms): Min: 2701410.2, Avg: 2701410.2, Max: 2701410.2, Diff: 0.0]
   [Code Root Fixup: 0.0 ms]
   [Code Root Purge: 0.0 ms]
   [Clear CT: 0.5 ms]
   [Other: 1.2 ms]
      [Choose CSet: 0.0 ms]
      [Ref Proc: 0.3 ms]
      [Ref Enq: 0.0 ms]
      [Redirty Cards: 0.0 ms]
      [Humongous Register: 0.1 ms]
      [Humongous Reclaim: 0.0 ms]
      [Free CSet: 0.6 ms]
   [Eden: 613.0M(613.0M)->0.0B(613.0M) Survivors: 1024.0K->1024.0K Heap: 757.1M(1024.0M)->144.2M(1024.0M)]
 [Times: user=0.00 sys=0.00, real=0.01 secs] 
2020-06-16T00:04:47.954+0000: 2732.020: [GC pause (G1 Evacuation Pause) (young), 0.0044310 secs]
   [Parallel Time: 3.0 ms, GC Workers: 2]
      [GC Worker Start (ms): Min: 2732020.6, Avg: 2732020.7, Max: 2732020.7, Diff: 0.0]
      [Ext Root Scanning (ms): Min: 1.1, Avg: 1.2, Max: 1.2, Diff: 0.1, Sum: 2.4]
      [Update RS (ms): Min: 0.4, Avg: 0.6, Max: 0.8, Diff: 0.4, Sum: 1.2]
         [Processed Buffers: Min: 1, Avg: 13.5, Max: 26, Diff: 25, Sum: 27]
      [Scan RS (ms): Min: 0.4, Avg: 0.5, Max: 0.6, Diff: 0.2, Sum: 1.0]
      [Code Root Scanning (ms): Min: 0.3, Avg: 0.3, Max: 0.3, Diff: 0.1, Sum: 0.6]
      [Object Copy (ms): Min: 0.3, Avg: 0.3, Max: 0.3, Diff: 0.0, Sum: 0.6]
      [Termination (ms): Min: 0.0, Avg: 0.0, Max: 0.0, Diff: 0.0, Sum: 0.0]
         [Termination Attempts: Min: 1, Avg: 1.0, Max: 1, Diff: 0, Sum: 2]
      [GC Worker Other (ms): Min: 0.0, Avg: 0.0, Max: 0.0, Diff: 0.0, Sum: 0.0]
      [GC Worker Total (ms): Min: 2.9, Avg: 2.9, Max: 2.9, Diff: 0.0, Sum: 5.8]
      [GC Worker End (ms): Min: 2732023.6, Avg: 2732023.6, Max: 2732023.6, Diff: 0.0]
   [Code Root Fixup: 0.0 ms]
   [Code Root Purge: 0.0 ms]
   [Clear CT: 0.5 ms]
   [Other: 0.9 ms]
      [Choose CSet: 0.0 ms]
      [Ref Proc: 0.1 ms]
      [Ref Enq: 0.0 ms]
      [Redirty Cards: 0.0 ms]
      [Humongous Register: 0.1 ms]
      [Humongous Reclaim: 0.0 ms]
      [Free CSet: 0.4 ms]
   [Eden: 613.0M(613.0M)->0.0B(613.0M) Survivors: 1024.0K->1024.0K Heap: 757.2M(1024.0M)->144.2M(1024.0M)]
 [Times: user=0.01 sys=0.00, real=0.01 secs] 
2020-06-16T00:05:17.891+0000: 2761.957: [GC pause (G1 Evacuation Pause) (young), 0.0043461 secs]
   [Parallel Time: 2.8 ms, GC Workers: 2]
      [GC Worker Start (ms): Min: 2761957.6, Avg: 2761957.6, Max: 2761957.6, Diff: 0.0]
      [Ext Root Scanning (ms): Min: 1.1, Avg: 1.1, Max: 1.1, Diff: 0.1, Sum: 2.2]
      [Update RS (ms): Min: 0.5, Avg: 0.5, Max: 0.5, Diff: 0.0, Sum: 1.1]
         [Processed Buffers: Min: 2, Avg: 13.5, Max: 25, Diff: 23, Sum: 27]
      [Scan RS (ms): Min: 0.5, Avg: 0.5, Max: 0.6, Diff: 0.0, Sum: 1.1]
      [Code Root Scanning (ms): Min: 0.3, Avg: 0.3, Max: 0.3, Diff: 0.0, Sum: 0.6]
      [Object Copy (ms): Min: 0.3, Avg: 0.3, Max: 0.3, Diff: 0.0, Sum: 0.6]
      [Termination (ms): Min: 0.0, Avg: 0.0, Max: 0.0, Diff: 0.0, Sum: 0.0]
         [Termination Attempts: Min: 1, Avg: 1.0, Max: 1, Diff: 0, Sum: 2]
      [GC Worker Other (ms): Min: 0.0, Avg: 0.0, Max: 0.0, Diff: 0.0, Sum: 0.1]
      [GC Worker Total (ms): Min: 2.8, Avg: 2.8, Max: 2.8, Diff: 0.0, Sum: 5.6]
      [GC Worker End (ms): Min: 2761960.4, Avg: 2761960.4, Max: 2761960.4, Diff: 0.0]
   [Code Root Fixup: 0.0 ms]
   [Code Root Purge: 0.0 ms]
   [Clear CT: 0.4 ms]
   [Other: 1.1 ms]
      [Choose CSet: 0.0 ms]
      [Ref Proc: 0.3 ms]
      [Ref Enq: 0.0 ms]
      [Redirty Cards: 0.1 ms]
      [Humongous Register: 0.0 ms]
      [Humongous Reclaim: 0.0 ms]
      [Free CSet: 0.4 ms]
   [Eden: 613.0M(613.0M)->0.0B(613.0M) Survivors: 1024.0K->1024.0K Heap: 757.2M(1024.0M)->144.2M(1024.0M)]
 [Times: user=0.00 sys=0.00, real=0.01 secs] 
2020-06-16T00:05:48.123+0000: 2792.189: [GC pause (G1 Evacuation Pause) (young), 0.0041000 secs]
   [Parallel Time: 2.8 ms, GC Workers: 2]
      [GC Worker Start (ms): Min: 2792189.6, Avg: 2792189.6, Max: 2792189.7, Diff: 0.0]
      [Ext Root Scanning (ms): Min: 1.1, Avg: 1.1, Max: 1.1, Diff: 0.1, Sum: 2.2]
      [Update RS (ms): Min: 0.5, Avg: 0.5, Max: 0.5, Diff: 0.0, Sum: 1.0]
         [Processed Buffers: Min: 2, Avg: 14.0, Max: 26, Diff: 24, Sum: 28]
      [Scan RS (ms): Min: 0.6, Avg: 0.6, Max: 0.6, Diff: 0.0, Sum: 1.1]
      [Code Root Scanning (ms): Min: 0.3, Avg: 0.3, Max: 0.3, Diff: 0.1, Sum: 0.6]
      [Object Copy (ms): Min: 0.2, Avg: 0.3, Max: 0.3, Diff: 0.1, Sum: 0.5]
      [Termination (ms): Min: 0.0, Avg: 0.0, Max: 0.0, Diff: 0.0, Sum: 0.0]
         [Termination Attempts: Min: 1, Avg: 1.0, Max: 1, Diff: 0, Sum: 2]
      [GC Worker Other (ms): Min: 0.0, Avg: 0.0, Max: 0.0, Diff: 0.0, Sum: 0.0]
      [GC Worker Total (ms): Min: 2.8, Avg: 2.8, Max: 2.8, Diff: 0.0, Sum: 5.5]
      [GC Worker End (ms): Min: 2792192.4, Avg: 2792192.4, Max: 2792192.4, Diff: 0.0]
   [Code Root Fixup: 0.0 ms]
   [Code Root Purge: 0.0 ms]
   [Clear CT: 0.3 ms]
   [Other: 0.9 ms]
      [Choose CSet: 0.0 ms]
      [Ref Proc: 0.2 ms]
      [Ref Enq: 0.0 ms]
      [Redirty Cards: 0.1 ms]
      [Humongous Register: 0.1 ms]
      [Humongous Reclaim: 0.0 ms]
      [Free CSet: 0.5 ms]
   [Eden: 613.0M(613.0M)->0.0B(613.0M) Survivors: 1024.0K->1024.0K Heap: 757.2M(1024.0M)->144.2M(1024.0M)]
 [Times: user=0.01 sys=0.00, real=0.00 secs] 
2020-06-16T00:06:14.839+0000: 2818.905: [GC pause (G1 Evacuation Pause) (young), 0.0041849 secs]
   [Parallel Time: 2.8 ms, GC Workers: 2]
      [GC Worker Start (ms): Min: 2818905.3, Avg: 2818905.3, Max: 2818905.4, Diff: 0.0]
      [Ext Root Scanning (ms): Min: 1.1, Avg: 1.1, Max: 1.1, Diff: 0.1, Sum: 2.2]
      [Update RS (ms): Min: 0.5, Avg: 0.5, Max: 0.5, Diff: 0.0, Sum: 1.0]
         [Processed Buffers: Min: 4, Avg: 13.5, Max: 23, Diff: 19, Sum: 27]
      [Scan RS (ms): Min: 0.6, Avg: 0.6, Max: 0.6, Diff: 0.0, Sum: 1.2]
      [Code Root Scanning (ms): Min: 0.2, Avg: 0.3, Max: 0.3, Diff: 0.1, Sum: 0.6]
      [Object Copy (ms): Min: 0.3, Avg: 0.3, Max: 0.3, Diff: 0.0, Sum: 0.5]
      [Termination (ms): Min: 0.0, Avg: 0.0, Max: 0.0, Diff: 0.0, Sum: 0.0]
         [Termination Attempts: Min: 1, Avg: 1.0, Max: 1, Diff: 0, Sum: 2]
      [GC Worker Other (ms): Min: 0.0, Avg: 0.0, Max: 0.0, Diff: 0.0, Sum: 0.1]
      [GC Worker Total (ms): Min: 2.8, Avg: 2.8, Max: 2.8, Diff: 0.0, Sum: 5.5]
      [GC Worker End (ms): Min: 2818908.1, Avg: 2818908.1, Max: 2818908.1, Diff: 0.0]
   [Code Root Fixup: 0.0 ms]
   [Code Root Purge: 0.0 ms]
   [Clear CT: 0.3 ms]
   [Other: 1.0 ms]
      [Choose CSet: 0.0 ms]
      [Ref Proc: 0.2 ms]
      [Ref Enq: 0.0 ms]
      [Redirty Cards: 0.1 ms]
      [Humongous Register: 0.1 ms]
      [Humongous Reclaim: 0.0 ms]
      [Free CSet: 0.5 ms]
   [Eden: 613.0M(613.0M)->0.0B(613.0M) Survivors: 1024.0K->1024.0K Heap: 757.2M(1024.0M)->144.2M(1024.0M)]
 [Times: user=0.00 sys=0.00, real=0.01 secs] 
2020-06-16T00:06:43.024+0000: 2847.091: [GC pause (G1 Evacuation Pause) (young), 0.0044501 secs]
   [Parallel Time: 2.8 ms, GC Workers: 2]
      [GC Worker Start (ms): Min: 2847090.7, Avg: 2847090.7, Max: 2847090.8, Diff: 0.0]
      [Ext Root Scanning (ms): Min: 1.1, Avg: 1.1, Max: 1.1, Diff: 0.1, Sum: 2.2]
      [Update RS (ms): Min: 0.5, Avg: 0.5, Max: 0.5, Diff: 0.0, Sum: 1.0]
         [Processed Buffers: Min: 2, Avg: 14.0, Max: 26, Diff: 24, Sum: 28]
      [Scan RS (ms): Min: 0.6, Avg: 0.6, Max: 0.6, Diff: 0.0, Sum: 1.2]
      [Code Root Scanning (ms): Min: 0.3, Avg: 0.3, Max: 0.3, Diff: 0.1, Sum: 0.6]
      [Object Copy (ms): Min: 0.2, Avg: 0.3, Max: 0.3, Diff: 0.1, Sum: 0.5]
      [Termination (ms): Min: 0.0, Avg: 0.0, Max: 0.0, Diff: 0.0, Sum: 0.0]
         [Termination Attempts: Min: 1, Avg: 1.0, Max: 1, Diff: 0, Sum: 2]
      [GC Worker Other (ms): Min: 0.0, Avg: 0.0, Max: 0.0, Diff: 0.0, Sum: 0.1]
      [GC Worker Total (ms): Min: 2.8, Avg: 2.8, Max: 2.8, Diff: 0.0, Sum: 5.6]
      [GC Worker End (ms): Min: 2847093.5, Avg: 2847093.5, Max: 2847093.5, Diff: 0.0]
   [Code Root Fixup: 0.0 ms]
   [Code Root Purge: 0.0 ms]
   [Clear CT: 0.5 ms]
   [Other: 1.1 ms]
      [Choose CSet: 0.0 ms]
      [Ref Proc: 0.3 ms]
      [Ref Enq: 0.0 ms]
      [Redirty Cards: 0.1 ms]
      [Humongous Register: 0.1 ms]
      [Humongous Reclaim: 0.0 ms]
      [Free CSet: 0.5 ms]
   [Eden: 613.0M(613.0M)->0.0B(613.0M) Survivors: 1024.0K->1024.0K Heap: 757.2M(1024.0M)->144.2M(1024.0M)]
 [Times: user=0.00 sys=0.00, real=0.00 secs] 
2020-06-16T00:07:10.565+0000: 2874.631: [GC pause (G1 Evacuation Pause) (young), 0.0044322 secs]
   [Parallel Time: 2.9 ms, GC Workers: 2]
      [GC Worker Start (ms): Min: 2874631.4, Avg: 2874631.4, Max: 2874631.4, Diff: 0.0]
      [Ext Root Scanning (ms): Min: 1.1, Avg: 1.1, Max: 1.2, Diff: 0.1, Sum: 2.3]
      [Update RS (ms): Min: 0.5, Avg: 0.5, Max: 0.5, Diff: 0.0, Sum: 1.1]
         [Processed Buffers: Min: 5, Avg: 13.5, Max: 22, Diff: 17, Sum: 27]
      [Scan RS (ms): Min: 0.5, Avg: 0.5, Max: 0.6, Diff: 0.0, Sum: 1.1]
      [Code Root Scanning (ms): Min: 0.3, Avg: 0.3, Max: 0.3, Diff: 0.0, Sum: 0.6]
      [Object Copy (ms): Min: 0.2, Avg: 0.3, Max: 0.3, Diff: 0.0, Sum: 0.5]
      [Termination (ms): Min: 0.0, Avg: 0.0, Max: 0.0, Diff: 0.0, Sum: 0.0]
         [Termination Attempts: Min: 1, Avg: 1.0, Max: 1, Diff: 0, Sum: 2]
      [GC Worker Other (ms): Min: 0.0, Avg: 0.0, Max: 0.0, Diff: 0.0, Sum: 0.1]
      [GC Worker Total (ms): Min: 2.8, Avg: 2.8, Max: 2.8, Diff: 0.0, Sum: 5.6]
      [GC Worker End (ms): Min: 2874634.2, Avg: 2874634.2, Max: 2874634.2, Diff: 0.0]
   [Code Root Fixup: 0.0 ms]
   [Code Root Purge: 0.0 ms]
   [Clear CT: 0.6 ms]
   [Other: 1.0 ms]
      [Choose CSet: 0.0 ms]
      [Ref Proc: 0.3 ms]
      [Ref Enq: 0.0 ms]
      [Redirty Cards: 0.1 ms]
      [Humongous Register: 0.1 ms]
      [Humongous Reclaim: 0.0 ms]
      [Free CSet: 0.3 ms]
   [Eden: 613.0M(613.0M)->0.0B(613.0M) Survivors: 1024.0K->1024.0K Heap: 757.2M(1024.0M)->144.2M(1024.0M)]
 [Times: user=0.01 sys=0.00, real=0.00 secs] 
2020-06-16T00:07:39.189+0000: 2903.256: [GC pause (G1 Evacuation Pause) (young), 0.0038311 secs]
   [Parallel Time: 2.8 ms, GC Workers: 2]
      [GC Worker Start (ms): Min: 2903255.7, Avg: 2903255.7, Max: 2903255.7, Diff: 0.0]
      [Ext Root Scanning (ms): Min: 1.0, Avg: 1.1, Max: 1.1, Diff: 0.1, Sum: 2.2]
      [Update RS (ms): Min: 0.5, Avg: 0.5, Max: 0.5, Diff: 0.0, Sum: 1.0]
         [Processed Buffers: Min: 4, Avg: 13.0, Max: 22, Diff: 18, Sum: 26]
      [Scan RS (ms): Min: 0.6, Avg: 0.6, Max: 0.6, Diff: 0.0, Sum: 1.1]
      [Code Root Scanning (ms): Min: 0.3, Avg: 0.3, Max: 0.3, Diff: 0.1, Sum: 0.6]
      [Object Copy (ms): Min: 0.2, Avg: 0.2, Max: 0.3, Diff: 0.0, Sum: 0.5]
      [Termination (ms): Min: 0.0, Avg: 0.0, Max: 0.0, Diff: 0.0, Sum: 0.0]
         [Termination Attempts: Min: 1, Avg: 1.0, Max: 1, Diff: 0, Sum: 2]
      [GC Worker Other (ms): Min: 0.0, Avg: 0.0, Max: 0.0, Diff: 0.0, Sum: 0.0]
      [GC Worker Total (ms): Min: 2.7, Avg: 2.7, Max: 2.7, Diff: 0.0, Sum: 5.5]
      [GC Worker End (ms): Min: 2903258.5, Avg: 2903258.5, Max: 2903258.5, Diff: 0.0]
   [Code Root Fixup: 0.0 ms]
   [Code Root Purge: 0.0 ms]
   [Clear CT: 0.3 ms]
   [Other: 0.7 ms]
      [Choose CSet: 0.0 ms]
      [Ref Proc: 0.1 ms]
      [Ref Enq: 0.0 ms]
      [Redirty Cards: 0.1 ms]
      [Humongous Register: 0.1 ms]
      [Humongous Reclaim: 0.0 ms]
      [Free CSet: 0.3 ms]
   [Eden: 613.0M(613.0M)->0.0B(613.0M) Survivors: 1024.0K->1024.0K Heap: 757.2M(1024.0M)->144.2M(1024.0M)]
 [Times: user=0.01 sys=0.00, real=0.00 secs] 
2020-06-16T00:08:07.548+0000: 2931.614: [GC pause (G1 Evacuation Pause) (young), 0.0041121 secs]
   [Parallel Time: 2.9 ms, GC Workers: 2]
      [GC Worker Start (ms): Min: 2931614.2, Avg: 2931614.2, Max: 2931614.2, Diff: 0.0]
      [Ext Root Scanning (ms): Min: 1.2, Avg: 1.2, Max: 1.2, Diff: 0.1, Sum: 2.4]
      [Update RS (ms): Min: 0.5, Avg: 0.5, Max: 0.5, Diff: 0.1, Sum: 1.0]
         [Processed Buffers: Min: 6, Avg: 14.0, Max: 22, Diff: 16, Sum: 28]
      [Scan RS (ms): Min: 0.5, Avg: 0.6, Max: 0.6, Diff: 0.0, Sum: 1.1]
      [Code Root Scanning (ms): Min: 0.3, Avg: 0.3, Max: 0.3, Diff: 0.1, Sum: 0.6]
      [Object Copy (ms): Min: 0.3, Avg: 0.3, Max: 0.3, Diff: 0.0, Sum: 0.5]
      [Termination (ms): Min: 0.0, Avg: 0.0, Max: 0.0, Diff: 0.0, Sum: 0.0]
         [Termination Attempts: Min: 1, Avg: 1.0, Max: 1, Diff: 0, Sum: 2]
      [GC Worker Other (ms): Min: 0.0, Avg: 0.0, Max: 0.0, Diff: 0.0, Sum: 0.1]
      [GC Worker Total (ms): Min: 2.8, Avg: 2.9, Max: 2.9, Diff: 0.0, Sum: 5.7]
      [GC Worker End (ms): Min: 2931617.1, Avg: 2931617.1, Max: 2931617.1, Diff: 0.0]
   [Code Root Fixup: 0.0 ms]
   [Code Root Purge: 0.0 ms]
   [Clear CT: 0.3 ms]
   [Other: 0.9 ms]
      [Choose CSet: 0.0 ms]
      [Ref Proc: 0.1 ms]
      [Ref Enq: 0.0 ms]
      [Redirty Cards: 0.0 ms]
      [Humongous Register: 0.1 ms]
      [Humongous Reclaim: 0.0 ms]
      [Free CSet: 0.5 ms]
   [Eden: 613.0M(613.0M)->0.0B(613.0M) Survivors: 1024.0K->1024.0K Heap: 757.2M(1024.0M)->144.2M(1024.0M)]
 [Times: user=0.01 sys=0.00, real=0.00 secs] 
2020-06-16T00:18:56.653+0000: 3580.719: [GC pause (G1 Evacuation Pause) (young), 0.0046052 secs]
   [Parallel Time: 3.0 ms, GC Workers: 2]
      [GC Worker Start (ms): Min: 3580718.9, Avg: 3580718.9, Max: 3580718.9, Diff: 0.0]
      [Ext Root Scanning (ms): Min: 1.1, Avg: 1.1, Max: 1.1, Diff: 0.1, Sum: 2.2]
      [Update RS (ms): Min: 0.5, Avg: 0.6, Max: 0.6, Diff: 0.0, Sum: 1.1]
         [Processed Buffers: Min: 8, Avg: 18.5, Max: 29, Diff: 21, Sum: 37]
      [Scan RS (ms): Min: 0.6, Avg: 0.6, Max: 0.6, Diff: 0.0, Sum: 1.2]
      [Code Root Scanning (ms): Min: 0.3, Avg: 0.3, Max: 0.4, Diff: 0.1, Sum: 0.6]
      [Object Copy (ms): Min: 0.3, Avg: 0.3, Max: 0.3, Diff: 0.0, Sum: 0.6]
      [Termination (ms): Min: 0.0, Avg: 0.0, Max: 0.0, Diff: 0.0, Sum: 0.0]
         [Termination Attempts: Min: 1, Avg: 1.0, Max: 1, Diff: 0, Sum: 2]
      [GC Worker Other (ms): Min: 0.0, Avg: 0.0, Max: 0.0, Diff: 0.0, Sum: 0.1]
      [GC Worker Total (ms): Min: 2.9, Avg: 2.9, Max: 2.9, Diff: 0.0, Sum: 5.9]
      [GC Worker End (ms): Min: 3580721.9, Avg: 3580721.9, Max: 3580721.9, Diff: 0.0]
   [Code Root Fixup: 0.0 ms]
   [Code Root Purge: 0.0 ms]
   [Clear CT: 0.4 ms]
   [Other: 1.2 ms]
      [Choose CSet: 0.0 ms]
      [Ref Proc: 0.4 ms]
      [Ref Enq: 0.0 ms]
      [Redirty Cards: 0.1 ms]
      [Humongous Register: 0.1 ms]
      [Humongous Reclaim: 0.0 ms]
      [Free CSet: 0.5 ms]
   [Eden: 613.0M(613.0M)->0.0B(613.0M) Survivors: 1024.0K->1024.0K Heap: 757.2M(1024.0M)->144.2M(1024.0M)]
 [Times: user=0.00 sys=0.00, real=0.01 secs] 
2020-06-16T00:19:27.480+0000: 3611.546: [GC pause (G1 Evacuation Pause) (young), 0.0049601 secs]
   [Parallel Time: 3.3 ms, GC Workers: 2]
      [GC Worker Start (ms): Min: 3611546.2, Avg: 3611546.2, Max: 3611546.2, Diff: 0.0]
      [Ext Root Scanning (ms): Min: 1.1, Avg: 1.1, Max: 1.2, Diff: 0.1, Sum: 2.2]
      [Update RS (ms): Min: 0.7, Avg: 0.7, Max: 0.7, Diff: 0.0, Sum: 1.4]
         [Processed Buffers: Min: 16, Avg: 17.5, Max: 19, Diff: 3, Sum: 35]
      [Scan RS (ms): Min: 0.6, Avg: 0.6, Max: 0.6, Diff: 0.0, Sum: 1.1]
      [Code Root Scanning (ms): Min: 0.2, Avg: 0.3, Max: 0.4, Diff: 0.1, Sum: 0.6]
      [Object Copy (ms): Min: 0.4, Avg: 0.5, Max: 0.6, Diff: 0.1, Sum: 1.0]
      [Termination (ms): Min: 0.0, Avg: 0.0, Max: 0.0, Diff: 0.0, Sum: 0.0]
         [Termination Attempts: Min: 1, Avg: 1.0, Max: 1, Diff: 0, Sum: 2]
      [GC Worker Other (ms): Min: 0.0, Avg: 0.0, Max: 0.0, Diff: 0.0, Sum: 0.1]
      [GC Worker Total (ms): Min: 3.2, Avg: 3.2, Max: 3.2, Diff: 0.0, Sum: 6.4]
      [GC Worker End (ms): Min: 3611549.4, Avg: 3611549.4, Max: 3611549.4, Diff: 0.0]
   [Code Root Fixup: 0.0 ms]
   [Code Root Purge: 0.0 ms]
   [Clear CT: 0.5 ms]
   [Other: 1.2 ms]
      [Choose CSet: 0.0 ms]
      [Ref Proc: 0.3 ms]
      [Ref Enq: 0.0 ms]
      [Redirty Cards: 0.1 ms]
      [Humongous Register: 0.1 ms]
      [Humongous Reclaim: 0.0 ms]
      [Free CSet: 0.5 ms]
   [Eden: 613.0M(613.0M)->0.0B(613.0M) Survivors: 1024.0K->1024.0K Heap: 757.2M(1024.0M)->144.4M(1024.0M)]
 [Times: user=0.01 sys=0.00, real=0.01 secs] 
2020-06-16T00:20:00.316+0000: 3644.382: [GC pause (G1 Evacuation Pause) (young), 0.0056264 secs]
   [Parallel Time: 4.6 ms, GC Workers: 2]
      [GC Worker Start (ms): Min: 3644382.4, Avg: 3644384.7, Max: 3644386.9, Diff: 4.5]
      [Ext Root Scanning (ms): Min: 0.0, Avg: 0.9, Max: 1.7, Diff: 1.7, Sum: 1.7]
      [Update RS (ms): Min: 0.0, Avg: 0.5, Max: 1.0, Diff: 1.0, Sum: 1.0]
         [Processed Buffers: Min: 0, Avg: 14.5, Max: 29, Diff: 29, Sum: 29]
      [Scan RS (ms): Min: 0.0, Avg: 0.4, Max: 0.7, Diff: 0.6, Sum: 0.7]
      [Code Root Scanning (ms): Min: 0.0, Avg: 0.2, Max: 0.4, Diff: 0.4, Sum: 0.4]
      [Object Copy (ms): Min: 0.0, Avg: 0.3, Max: 0.5, Diff: 0.5, Sum: 0.6]
      [Termination (ms): Min: 0.0, Avg: 0.1, Max: 0.2, Diff: 0.2, Sum: 0.2]
         [Termination Attempts: Min: 1, Avg: 1.0, Max: 1, Diff: 0, Sum: 2]
      [GC Worker Other (ms): Min: 0.0, Avg: 0.0, Max: 0.0, Diff: 0.0, Sum: 0.0]
      [GC Worker Total (ms): Min: 0.1, Avg: 2.3, Max: 4.6, Diff: 4.5, Sum: 4.7]
      [GC Worker End (ms): Min: 3644387.0, Avg: 3644387.0, Max: 3644387.0, Diff: 0.0]
   [Code Root Fixup: 0.0 ms]
   [Code Root Purge: 0.0 ms]
   [Clear CT: 0.3 ms]
   [Other: 0.7 ms]
      [Choose CSet: 0.0 ms]
      [Ref Proc: 0.1 ms]
      [Ref Enq: 0.0 ms]
      [Redirty Cards: 0.1 ms]
      [Humongous Register: 0.1 ms]
      [Humongous Reclaim: 0.0 ms]
      [Free CSet: 0.2 ms]
   [Eden: 613.0M(613.0M)->0.0B(613.0M) Survivors: 1024.0K->1024.0K Heap: 757.4M(1024.0M)->144.3M(1024.0M)]
 [Times: user=0.01 sys=0.00, real=0.00 secs] 
2020-06-16T00:20:32.939+0000: 3677.006: [GC pause (G1 Evacuation Pause) (young), 0.0077038 secs]
   [Parallel Time: 6.7 ms, GC Workers: 2]
      [GC Worker Start (ms): Min: 3677005.8, Avg: 3677008.2, Max: 3677010.6, Diff: 4.9]
      [Ext Root Scanning (ms): Min: 0.0, Avg: 0.9, Max: 1.9, Diff: 1.8, Sum: 1.9]
      [Update RS (ms): Min: 0.0, Avg: 0.5, Max: 1.1, Diff: 1.1, Sum: 1.1]
         [Processed Buffers: Min: 0, Avg: 12.0, Max: 24, Diff: 24, Sum: 24]
      [Scan RS (ms): Min: 0.1, Avg: 0.4, Max: 0.8, Diff: 0.7, Sum: 0.9]
      [Code Root Scanning (ms): Min: 0.0, Avg: 0.2, Max: 0.4, Diff: 0.4, Sum: 0.4]
      [Object Copy (ms): Min: 0.0, Avg: 0.3, Max: 0.5, Diff: 0.5, Sum: 0.5]
      [Termination (ms): Min: 0.0, Avg: 0.9, Max: 1.8, Diff: 1.8, Sum: 1.8]
         [Termination Attempts: Min: 1, Avg: 1.0, Max: 1, Diff: 0, Sum: 2]
      [GC Worker Other (ms): Min: 0.0, Avg: 0.0, Max: 0.0, Diff: 0.0, Sum: 0.1]
      [GC Worker Total (ms): Min: 0.1, Avg: 3.3, Max: 6.6, Diff: 6.5, Sum: 6.7]
      [GC Worker End (ms): Min: 3677010.8, Avg: 3677011.6, Max: 3677012.4, Diff: 1.6]
   [Code Root Fixup: 0.0 ms]
   [Code Root Purge: 0.0 ms]
   [Clear CT: 0.3 ms]
   [Other: 0.7 ms]
      [Choose CSet: 0.0 ms]
      [Ref Proc: 0.1 ms]
      [Ref Enq: 0.0 ms]
      [Redirty Cards: 0.1 ms]
      [Humongous Register: 0.1 ms]
      [Humongous Reclaim: 0.0 ms]
      [Free CSet: 0.3 ms]
   [Eden: 613.0M(613.0M)->0.0B(613.0M) Survivors: 1024.0K->1024.0K Heap: 757.3M(1024.0M)->144.3M(1024.0M)]
 [Times: user=0.01 sys=0.00, real=0.01 secs] 
2020-06-16T00:21:03.619+0000: 3707.685: [GC pause (G1 Evacuation Pause) (young), 0.0043594 secs]
   [Parallel Time: 3.1 ms, GC Workers: 2]
      [GC Worker Start (ms): Min: 3707685.6, Avg: 3707685.7, Max: 3707685.7, Diff: 0.0]
      [Ext Root Scanning (ms): Min: 1.1, Avg: 1.1, Max: 1.1, Diff: 0.1, Sum: 2.2]
      [Update RS (ms): Min: 0.6, Avg: 0.6, Max: 0.6, Diff: 0.0, Sum: 1.2]
         [Processed Buffers: Min: 1, Avg: 14.0, Max: 27, Diff: 26, Sum: 28]
      [Scan RS (ms): Min: 0.6, Avg: 0.6, Max: 0.6, Diff: 0.0, Sum: 1.1]
      [Code Root Scanning (ms): Min: 0.3, Avg: 0.3, Max: 0.3, Diff: 0.1, Sum: 0.6]
      [Object Copy (ms): Min: 0.4, Avg: 0.4, Max: 0.4, Diff: 0.0, Sum: 0.9]
      [Termination (ms): Min: 0.0, Avg: 0.0, Max: 0.0, Diff: 0.0, Sum: 0.0]
         [Termination Attempts: Min: 1, Avg: 1.0, Max: 1, Diff: 0, Sum: 2]
      [GC Worker Other (ms): Min: 0.0, Avg: 0.0, Max: 0.0, Diff: 0.0, Sum: 0.1]
      [GC Worker Total (ms): Min: 3.0, Avg: 3.0, Max: 3.0, Diff: 0.0, Sum: 6.0]
      [GC Worker End (ms): Min: 3707688.7, Avg: 3707688.7, Max: 3707688.7, Diff: 0.0]
   [Code Root Fixup: 0.0 ms]
   [Code Root Purge: 0.0 ms]
   [Clear CT: 0.3 ms]
   [Other: 0.9 ms]
      [Choose CSet: 0.0 ms]
      [Ref Proc: 0.2 ms]
      [Ref Enq: 0.0 ms]
      [Redirty Cards: 0.0 ms]
      [Humongous Register: 0.1 ms]
      [Humongous Reclaim: 0.0 ms]
      [Free CSet: 0.4 ms]
   [Eden: 613.0M(613.0M)->0.0B(613.0M) Survivors: 1024.0K->1024.0K Heap: 757.3M(1024.0M)->144.4M(1024.0M)]
 [Times: user=0.01 sys=0.00, real=0.01 secs] 
2020-06-16T00:21:34.643+0000: 3738.709: [GC pause (G1 Evacuation Pause) (young), 0.0044304 secs]
   [Parallel Time: 3.1 ms, GC Workers: 2]
      [GC Worker Start (ms): Min: 3738709.5, Avg: 3738709.5, Max: 3738709.5, Diff: 0.0]
      [Ext Root Scanning (ms): Min: 1.1, Avg: 1.1, Max: 1.1, Diff: 0.1, Sum: 2.2]
      [Update RS (ms): Min: 0.6, Avg: 0.6, Max: 0.6, Diff: 0.0, Sum: 1.2]
         [Processed Buffers: Min: 2, Avg: 13.5, Max: 25, Diff: 23, Sum: 27]
      [Scan RS (ms): Min: 0.5, Avg: 0.6, Max: 0.6, Diff: 0.0, Sum: 1.1]
      [Code Root Scanning (ms): Min: 0.3, Avg: 0.3, Max: 0.3, Diff: 0.0, Sum: 0.6]
      [Object Copy (ms): Min: 0.4, Avg: 0.4, Max: 0.5, Diff: 0.1, Sum: 0.9]
      [Termination (ms): Min: 0.0, Avg: 0.0, Max: 0.0, Diff: 0.0, Sum: 0.0]
         [Termination Attempts: Min: 1, Avg: 1.0, Max: 1, Diff: 0, Sum: 2]
      [GC Worker Other (ms): Min: 0.0, Avg: 0.0, Max: 0.0, Diff: 0.0, Sum: 0.1]
      [GC Worker Total (ms): Min: 3.0, Avg: 3.0, Max: 3.1, Diff: 0.0, Sum: 6.1]
      [GC Worker End (ms): Min: 3738712.6, Avg: 3738712.6, Max: 3738712.6, Diff: 0.0]
   [Code Root Fixup: 0.0 ms]
   [Code Root Purge: 0.0 ms]
   [Clear CT: 0.6 ms]
   [Other: 0.7 ms]
      [Choose CSet: 0.0 ms]
      [Ref Proc: 0.2 ms]
      [Ref Enq: 0.0 ms]
      [Redirty Cards: 0.0 ms]
      [Humongous Register: 0.1 ms]
      [Humongous Reclaim: 0.0 ms]
      [Free CSet: 0.3 ms]
   [Eden: 613.0M(613.0M)->0.0B(613.0M) Survivors: 1024.0K->1024.0K Heap: 757.4M(1024.0M)->144.3M(1024.0M)]
 [Times: user=0.01 sys=0.00, real=0.00 secs] 
2020-06-16T00:22:02.584+0000: 3766.650: [GC pause (G1 Evacuation Pause) (young), 0.0042438 secs]
   [Parallel Time: 3.1 ms, GC Workers: 2]
      [GC Worker Start (ms): Min: 3766650.0, Avg: 3766650.0, Max: 3766650.0, Diff: 0.0]
      [Ext Root Scanning (ms): Min: 1.1, Avg: 1.1, Max: 1.2, Diff: 0.1, Sum: 2.3]
      [Update RS (ms): Min: 0.6, Avg: 0.6, Max: 0.6, Diff: 0.0, Sum: 1.2]
         [Processed Buffers: Min: 4, Avg: 13.5, Max: 23, Diff: 19, Sum: 27]
      [Scan RS (ms): Min: 0.6, Avg: 0.6, Max: 0.6, Diff: 0.0, Sum: 1.2]
      [Code Root Scanning (ms): Min: 0.2, Avg: 0.3, Max: 0.3, Diff: 0.1, Sum: 0.6]
      [Object Copy (ms): Min: 0.4, Avg: 0.4, Max: 0.4, Diff: 0.1, Sum: 0.8]
      [Termination (ms): Min: 0.0, Avg: 0.0, Max: 0.0, Diff: 0.0, Sum: 0.0]
         [Termination Attempts: Min: 1, Avg: 1.0, Max: 1, Diff: 0, Sum: 2]
      [GC Worker Other (ms): Min: 0.0, Avg: 0.0, Max: 0.0, Diff: 0.0, Sum: 0.1]
      [GC Worker Total (ms): Min: 3.0, Avg: 3.0, Max: 3.0, Diff: 0.0, Sum: 6.1]
      [GC Worker End (ms): Min: 3766653.1, Avg: 3766653.1, Max: 3766653.1, Diff: 0.0]
   [Code Root Fixup: 0.0 ms]
   [Code Root Purge: 0.0 ms]
   [Clear CT: 0.3 ms]
   [Other: 0.8 ms]
      [Choose CSet: 0.0 ms]
      [Ref Proc: 0.2 ms]
      [Ref Enq: 0.0 ms]
      [Redirty Cards: 0.1 ms]
      [Humongous Register: 0.1 ms]
      [Humongous Reclaim: 0.0 ms]
      [Free CSet: 0.3 ms]
   [Eden: 613.0M(613.0M)->0.0B(613.0M) Survivors: 1024.0K->1024.0K Heap: 757.3M(1024.0M)->144.4M(1024.0M)]
 [Times: user=0.01 sys=0.00, real=0.00 secs] 
2020-06-16T00:22:29.988+0000: 3794.055: [GC pause (G1 Evacuation Pause) (young), 0.0065520 secs]
   [Parallel Time: 5.5 ms, GC Workers: 2]
      [GC Worker Start (ms): Min: 3794054.8, Avg: 3794057.5, Max: 3794060.1, Diff: 5.3]
      [Ext Root Scanning (ms): Min: 0.0, Avg: 1.1, Max: 2.1, Diff: 2.1, Sum: 2.1]
      [Update RS (ms): Min: 0.0, Avg: 0.6, Max: 1.1, Diff: 1.1, Sum: 1.1]
         [Processed Buffers: Min: 0, Avg: 13.5, Max: 27, Diff: 27, Sum: 27]
      [Scan RS (ms): Min: 0.0, Avg: 0.4, Max: 0.8, Diff: 0.8, Sum: 0.8]
      [Code Root Scanning (ms): Min: 0.0, Avg: 0.2, Max: 0.5, Diff: 0.5, Sum: 0.5]
      [Object Copy (ms): Min: 0.0, Avg: 0.3, Max: 0.7, Diff: 0.7, Sum: 0.7]
      [Termination (ms): Min: 0.0, Avg: 0.1, Max: 0.2, Diff: 0.2, Sum: 0.2]
         [Termination Attempts: Min: 1, Avg: 1.0, Max: 1, Diff: 0, Sum: 2]
      [GC Worker Other (ms): Min: 0.0, Avg: 0.0, Max: 0.0, Diff: 0.0, Sum: 0.0]
      [GC Worker Total (ms): Min: 0.1, Avg: 2.8, Max: 5.4, Diff: 5.3, Sum: 5.5]
      [GC Worker End (ms): Min: 3794060.2, Avg: 3794060.2, Max: 3794060.2, Diff: 0.0]
   [Code Root Fixup: 0.0 ms]
   [Code Root Purge: 0.0 ms]
   [Clear CT: 0.3 ms]
   [Other: 0.7 ms]
      [Choose CSet: 0.0 ms]
      [Ref Proc: 0.1 ms]
      [Ref Enq: 0.0 ms]
      [Redirty Cards: 0.1 ms]
      [Humongous Register: 0.1 ms]
      [Humongous Reclaim: 0.0 ms]
      [Free CSet: 0.3 ms]
   [Eden: 613.0M(613.0M)->0.0B(613.0M) Survivors: 1024.0K->1024.0K Heap: 757.4M(1024.0M)->144.3M(1024.0M)]
 [Times: user=0.01 sys=0.00, real=0.01 secs] 
2020-06-16T00:22:57.501+0000: 3821.567: [GC pause (G1 Evacuation Pause) (young), 0.0043407 secs]
   [Parallel Time: 3.0 ms, GC Workers: 2]
      [GC Worker Start (ms): Min: 3821567.3, Avg: 3821567.3, Max: 3821567.3, Diff: 0.0]
      [Ext Root Scanning (ms): Min: 1.1, Avg: 1.1, Max: 1.1, Diff: 0.1, Sum: 2.2]
      [Update RS (ms): Min: 0.4, Avg: 0.6, Max: 0.8, Diff: 0.4, Sum: 1.2]
         [Processed Buffers: Min: 1, Avg: 14.0, Max: 27, Diff: 26, Sum: 28]
      [Scan RS (ms): Min: 0.4, Avg: 0.5, Max: 0.7, Diff: 0.3, Sum: 1.1]
      [Code Root Scanning (ms): Min: 0.2, Avg: 0.3, Max: 0.3, Diff: 0.1, Sum: 0.5]
      [Object Copy (ms): Min: 0.4, Avg: 0.4, Max: 0.4, Diff: 0.0, Sum: 0.7]
      [Termination (ms): Min: 0.0, Avg: 0.0, Max: 0.0, Diff: 0.0, Sum: 0.0]
         [Termination Attempts: Min: 1, Avg: 1.0, Max: 1, Diff: 0, Sum: 2]
      [GC Worker Other (ms): Min: 0.0, Avg: 0.0, Max: 0.0, Diff: 0.0, Sum: 0.1]
      [GC Worker Total (ms): Min: 2.9, Avg: 2.9, Max: 3.0, Diff: 0.0, Sum: 5.9]
      [GC Worker End (ms): Min: 3821570.2, Avg: 3821570.2, Max: 3821570.2, Diff: 0.0]
   [Code Root Fixup: 0.0 ms]
   [Code Root Purge: 0.0 ms]
   [Clear CT: 0.3 ms]
   [Other: 1.0 ms]
      [Choose CSet: 0.0 ms]
      [Ref Proc: 0.1 ms]
      [Ref Enq: 0.0 ms]
      [Redirty Cards: 0.0 ms]
      [Humongous Register: 0.1 ms]
      [Humongous Reclaim: 0.0 ms]
      [Free CSet: 0.6 ms]
   [Eden: 613.0M(613.0M)->0.0B(613.0M) Survivors: 1024.0K->1024.0K Heap: 757.3M(1024.0M)->144.4M(1024.0M)]
 [Times: user=0.01 sys=0.00, real=0.01 secs] 
2020-06-16T00:23:24.685+0000: 3848.751: [GC pause (G1 Evacuation Pause) (young), 0.0076942 secs]
   [Parallel Time: 4.4 ms, GC Workers: 2]
      [GC Worker Start (ms): Min: 3848751.6, Avg: 3848753.7, Max: 3848755.8, Diff: 4.2]
      [Ext Root Scanning (ms): Min: 0.0, Avg: 0.9, Max: 1.7, Diff: 1.7, Sum: 1.7]
      [Update RS (ms): Min: 0.0, Avg: 0.4, Max: 0.8, Diff: 0.8, Sum: 0.8]
         [Processed Buffers: Min: 0, Avg: 13.0, Max: 26, Diff: 26, Sum: 26]
      [Scan RS (ms): Min: 0.1, Avg: 0.4, Max: 0.7, Diff: 0.6, Sum: 0.7]
      [Code Root Scanning (ms): Min: 0.0, Avg: 0.2, Max: 0.4, Diff: 0.4, Sum: 0.4]
      [Object Copy (ms): Min: 0.0, Avg: 0.2, Max: 0.4, Diff: 0.4, Sum: 0.4]
      [Termination (ms): Min: 0.0, Avg: 0.1, Max: 0.2, Diff: 0.2, Sum: 0.2]
         [Termination Attempts: Min: 1, Avg: 1.0, Max: 1, Diff: 0, Sum: 2]
      [GC Worker Other (ms): Min: 0.0, Avg: 0.0, Max: 0.0, Diff: 0.0, Sum: 0.0]
      [GC Worker Total (ms): Min: 0.1, Avg: 2.2, Max: 4.3, Diff: 4.2, Sum: 4.4]
      [GC Worker End (ms): Min: 3848755.9, Avg: 3848755.9, Max: 3848755.9, Diff: 0.0]
   [Code Root Fixup: 0.0 ms]
   [Code Root Purge: 0.0 ms]
   [Clear CT: 0.5 ms]
   [Other: 2.8 ms]
      [Choose CSet: 0.0 ms]
      [Ref Proc: 2.2 ms]
      [Ref Enq: 0.0 ms]
      [Redirty Cards: 0.1 ms]
      [Humongous Register: 0.1 ms]
      [Humongous Reclaim: 0.0 ms]
      [Free CSet: 0.2 ms]
   [Eden: 613.0M(613.0M)->0.0B(613.0M) Survivors: 1024.0K->1024.0K Heap: 757.4M(1024.0M)->144.3M(1024.0M)]
 [Times: user=0.01 sys=0.00, real=0.00 secs] 
2020-06-16T00:23:52.175+0000: 3876.241: [GC pause (G1 Evacuation Pause) (young), 0.0077612 secs]
   [Parallel Time: 6.4 ms, GC Workers: 2]
      [GC Worker Start (ms): Min: 3876241.1, Avg: 3876243.1, Max: 3876245.2, Diff: 4.1]
      [Ext Root Scanning (ms): Min: 0.0, Avg: 1.0, Max: 2.0, Diff: 2.0, Sum: 2.0]
      [Update RS (ms): Min: 0.0, Avg: 0.6, Max: 1.2, Diff: 1.2, Sum: 1.2]
         [Processed Buffers: Min: 0, Avg: 14.5, Max: 29, Diff: 29, Sum: 29]
      [Scan RS (ms): Min: 0.4, Avg: 0.4, Max: 0.5, Diff: 0.1, Sum: 0.9]
      [Code Root Scanning (ms): Min: 0.2, Avg: 1.3, Max: 2.4, Diff: 2.2, Sum: 2.6]
      [Object Copy (ms): Min: 0.2, Avg: 0.4, Max: 0.6, Diff: 0.4, Sum: 0.7]
      [Termination (ms): Min: 0.0, Avg: 0.5, Max: 1.0, Diff: 1.0, Sum: 1.0]
         [Termination Attempts: Min: 1, Avg: 1.0, Max: 1, Diff: 0, Sum: 2]
      [GC Worker Other (ms): Min: 0.0, Avg: 0.0, Max: 0.0, Diff: 0.0, Sum: 0.0]
      [GC Worker Total (ms): Min: 2.3, Avg: 4.3, Max: 6.3, Diff: 4.1, Sum: 8.6]
      [GC Worker End (ms): Min: 3876247.4, Avg: 3876247.4, Max: 3876247.4, Diff: 0.0]
   [Code Root Fixup: 0.0 ms]
   [Code Root Purge: 0.0 ms]
   [Clear CT: 0.3 ms]
   [Other: 1.0 ms]
      [Choose CSet: 0.0 ms]
      [Ref Proc: 0.1 ms]
      [Ref Enq: 0.0 ms]
      [Redirty Cards: 0.1 ms]
      [Humongous Register: 0.1 ms]
      [Humongous Reclaim: 0.0 ms]
      [Free CSet: 0.5 ms]
   [Eden: 613.0M(613.0M)->0.0B(613.0M) Survivors: 1024.0K->1024.0K Heap: 757.3M(1024.0M)->144.4M(1024.0M)]
 [Times: user=0.00 sys=0.00, real=0.01 secs] 
2020-06-16T00:24:20.208+0000: 3904.274: [GC pause (G1 Evacuation Pause) (young), 0.0077630 secs]
   [Parallel Time: 6.2 ms, GC Workers: 2]
      [GC Worker Start (ms): Min: 3904275.1, Avg: 3904276.2, Max: 3904277.2, Diff: 2.1]
      [Ext Root Scanning (ms): Min: 0.3, Avg: 1.1, Max: 1.9, Diff: 1.7, Sum: 2.2]
      [Update RS (ms): Min: 0.0, Avg: 0.5, Max: 1.1, Diff: 1.1, Sum: 1.1]
         [Processed Buffers: Min: 0, Avg: 13.5, Max: 27, Diff: 27, Sum: 27]
      [Scan RS (ms): Min: 0.0, Avg: 0.5, Max: 1.0, Diff: 0.9, Sum: 1.0]
      [Code Root Scanning (ms): Min: 0.0, Avg: 0.2, Max: 0.5, Diff: 0.5, Sum: 0.5]
      [Object Copy (ms): Min: 0.5, Avg: 2.0, Max: 3.5, Diff: 3.0, Sum: 4.0]
      [Termination (ms): Min: 0.0, Avg: 0.1, Max: 0.2, Diff: 0.2, Sum: 0.2]
         [Termination Attempts: Min: 1, Avg: 1.0, Max: 1, Diff: 0, Sum: 2]
      [GC Worker Other (ms): Min: 0.0, Avg: 0.0, Max: 0.0, Diff: 0.0, Sum: 0.1]
      [GC Worker Total (ms): Min: 3.5, Avg: 4.5, Max: 5.5, Diff: 2.0, Sum: 9.0]
      [GC Worker End (ms): Min: 3904280.6, Avg: 3904280.7, Max: 3904280.7, Diff: 0.0]
   [Code Root Fixup: 0.0 ms]
   [Code Root Purge: 0.0 ms]
   [Clear CT: 0.5 ms]
   [Other: 1.1 ms]
      [Choose CSet: 0.0 ms]
      [Ref Proc: 0.3 ms]
      [Ref Enq: 0.0 ms]
      [Redirty Cards: 0.0 ms]
      [Humongous Register: 0.1 ms]
      [Humongous Reclaim: 0.0 ms]
      [Free CSet: 0.4 ms]
   [Eden: 613.0M(613.0M)->0.0B(613.0M) Survivors: 1024.0K->1024.0K Heap: 757.4M(1024.0M)->144.3M(1024.0M)]
 [Times: user=0.01 sys=0.00, real=0.01 secs] 
2020-06-16T00:24:47.498+0000: 3931.564: [GC pause (G1 Evacuation Pause) (young), 0.0087605 secs]
   [Parallel Time: 5.0 ms, GC Workers: 2]
      [GC Worker Start (ms): Min: 3931564.1, Avg: 3931566.5, Max: 3931569.0, Diff: 4.9]
      [Ext Root Scanning (ms): Min: 0.0, Avg: 1.1, Max: 2.1, Diff: 2.1, Sum: 2.1]
      [Update RS (ms): Min: 0.0, Avg: 0.5, Max: 1.0, Diff: 1.0, Sum: 1.0]
         [Processed Buffers: Min: 0, Avg: 16.0, Max: 32, Diff: 32, Sum: 32]
      [Scan RS (ms): Min: 0.0, Avg: 0.4, Max: 0.7, Diff: 0.7, Sum: 0.8]
      [Code Root Scanning (ms): Min: 0.0, Avg: 0.2, Max: 0.4, Diff: 0.4, Sum: 0.4]
      [Object Copy (ms): Min: 0.0, Avg: 0.3, Max: 0.5, Diff: 0.5, Sum: 0.5]
      [Termination (ms): Min: 0.0, Avg: 0.1, Max: 0.2, Diff: 0.2, Sum: 0.2]
         [Termination Attempts: Min: 1, Avg: 1.0, Max: 1, Diff: 0, Sum: 2]
      [GC Worker Other (ms): Min: 0.0, Avg: 0.0, Max: 0.0, Diff: 0.0, Sum: 0.0]
      [GC Worker Total (ms): Min: 0.1, Avg: 2.5, Max: 5.0, Diff: 4.9, Sum: 5.1]
      [GC Worker End (ms): Min: 3931569.1, Avg: 3931569.1, Max: 3931569.1, Diff: 0.0]
   [Code Root Fixup: 0.0 ms]
   [Code Root Purge: 0.0 ms]
   [Clear CT: 0.3 ms]
   [Other: 3.4 ms]
      [Choose CSet: 0.0 ms]
      [Ref Proc: 2.9 ms]
      [Ref Enq: 0.0 ms]
      [Redirty Cards: 0.1 ms]
      [Humongous Register: 0.1 ms]
      [Humongous Reclaim: 0.0 ms]
      [Free CSet: 0.2 ms]
   [Eden: 613.0M(613.0M)->0.0B(613.0M) Survivors: 1024.0K->1024.0K Heap: 757.3M(1024.0M)->144.4M(1024.0M)]
 [Times: user=0.01 sys=0.00, real=0.01 secs] 
2020-06-16T00:25:15.080+0000: 3959.146: [GC pause (G1 Evacuation Pause) (young), 0.0044269 secs]
   [Parallel Time: 3.1 ms, GC Workers: 2]
      [GC Worker Start (ms): Min: 3959146.1, Avg: 3959146.1, Max: 3959146.1, Diff: 0.0]
      [Ext Root Scanning (ms): Min: 1.0, Avg: 1.1, Max: 1.1, Diff: 0.1, Sum: 2.2]
      [Update RS (ms): Min: 0.4, Avg: 0.6, Max: 0.8, Diff: 0.4, Sum: 1.2]
         [Processed Buffers: Min: 1, Avg: 14.0, Max: 27, Diff: 26, Sum: 28]
      [Scan RS (ms): Min: 0.4, Avg: 0.5, Max: 0.7, Diff: 0.2, Sum: 1.1]
      [Code Root Scanning (ms): Min: 0.3, Avg: 0.3, Max: 0.3, Diff: 0.1, Sum: 0.6]
      [Object Copy (ms): Min: 0.4, Avg: 0.4, Max: 0.4, Diff: 0.0, Sum: 0.9]
      [Termination (ms): Min: 0.0, Avg: 0.0, Max: 0.0, Diff: 0.0, Sum: 0.0]
         [Termination Attempts: Min: 1, Avg: 1.0, Max: 1, Diff: 0, Sum: 2]
      [GC Worker Other (ms): Min: 0.0, Avg: 0.0, Max: 0.0, Diff: 0.0, Sum: 0.1]
      [GC Worker Total (ms): Min: 3.0, Avg: 3.0, Max: 3.0, Diff: 0.0, Sum: 6.0]
      [GC Worker End (ms): Min: 3959149.1, Avg: 3959149.1, Max: 3959149.1, Diff: 0.0]
   [Code Root Fixup: 0.0 ms]
   [Code Root Purge: 0.0 ms]
   [Clear CT: 0.5 ms]
   [Other: 0.8 ms]
      [Choose CSet: 0.0 ms]
      [Ref Proc: 0.3 ms]
      [Ref Enq: 0.0 ms]
      [Redirty Cards: 0.1 ms]
      [Humongous Register: 0.1 ms]
      [Humongous Reclaim: 0.0 ms]
      [Free CSet: 0.3 ms]
   [Eden: 613.0M(613.0M)->0.0B(613.0M) Survivors: 1024.0K->1024.0K Heap: 757.4M(1024.0M)->144.3M(1024.0M)]
 [Times: user=0.00 sys=0.01, real=0.01 secs] 
2020-06-16T00:25:42.638+0000: 3986.704: [GC pause (G1 Evacuation Pause) (young), 0.0043545 secs]
   [Parallel Time: 3.1 ms, GC Workers: 2]
      [GC Worker Start (ms): Min: 3986704.4, Avg: 3986704.4, Max: 3986704.4, Diff: 0.0]
      [Ext Root Scanning (ms): Min: 1.1, Avg: 1.1, Max: 1.2, Diff: 0.1, Sum: 2.2]
      [Update RS (ms): Min: 0.5, Avg: 0.6, Max: 0.7, Diff: 0.2, Sum: 1.2]
         [Processed Buffers: Min: 1, Avg: 13.0, Max: 25, Diff: 24, Sum: 26]
      [Scan RS (ms): Min: 0.5, Avg: 0.5, Max: 0.6, Diff: 0.1, Sum: 1.1]
      [Code Root Scanning (ms): Min: 0.2, Avg: 0.3, Max: 0.3, Diff: 0.1, Sum: 0.6]
      [Object Copy (ms): Min: 0.4, Avg: 0.4, Max: 0.5, Diff: 0.1, Sum: 0.8]
      [Termination (ms): Min: 0.0, Avg: 0.0, Max: 0.0, Diff: 0.0, Sum: 0.0]
         [Termination Attempts: Min: 1, Avg: 1.0, Max: 1, Diff: 0, Sum: 2]
      [GC Worker Other (ms): Min: 0.0, Avg: 0.0, Max: 0.0, Diff: 0.0, Sum: 0.1]
      [GC Worker Total (ms): Min: 2.9, Avg: 3.0, Max: 3.0, Diff: 0.0, Sum: 5.9]
      [GC Worker End (ms): Min: 3986707.4, Avg: 3986707.4, Max: 3986707.4, Diff: 0.0]
   [Code Root Fixup: 0.0 ms]
   [Code Root Purge: 0.0 ms]
   [Clear CT: 0.3 ms]
   [Other: 1.0 ms]
      [Choose CSet: 0.0 ms]
      [Ref Proc: 0.1 ms]
      [Ref Enq: 0.0 ms]
      [Redirty Cards: 0.1 ms]
      [Humongous Register: 0.1 ms]
      [Humongous Reclaim: 0.0 ms]
      [Free CSet: 0.4 ms]
   [Eden: 613.0M(613.0M)->0.0B(613.0M) Survivors: 1024.0K->1024.0K Heap: 757.3M(1024.0M)->144.4M(1024.0M)]
 [Times: user=0.00 sys=0.00, real=0.00 secs] 
2020-06-16T00:26:10.297+0000: 4014.363: [GC pause (G1 Evacuation Pause) (young), 0.0081366 secs]
   [Parallel Time: 4.5 ms, GC Workers: 2]
      [GC Worker Start (ms): Min: 4014363.3, Avg: 4014365.5, Max: 4014367.6, Diff: 4.3]
      [Ext Root Scanning (ms): Min: 0.0, Avg: 0.9, Max: 1.8, Diff: 1.7, Sum: 1.8]
      [Update RS (ms): Min: 0.0, Avg: 0.4, Max: 0.9, Diff: 0.9, Sum: 0.9]
         [Processed Buffers: Min: 0, Avg: 14.0, Max: 28, Diff: 28, Sum: 28]
      [Scan RS (ms): Min: 0.1, Avg: 0.4, Max: 0.7, Diff: 0.6, Sum: 0.7]
      [Code Root Scanning (ms): Min: 0.0, Avg: 0.2, Max: 0.4, Diff: 0.4, Sum: 0.4]
      [Object Copy (ms): Min: 0.0, Avg: 0.2, Max: 0.5, Diff: 0.5, Sum: 0.5]
      [Termination (ms): Min: 0.0, Avg: 0.1, Max: 0.2, Diff: 0.2, Sum: 0.2]
         [Termination Attempts: Min: 1, Avg: 1.0, Max: 1, Diff: 0, Sum: 2]
      [GC Worker Other (ms): Min: 0.0, Avg: 0.0, Max: 0.0, Diff: 0.0, Sum: 0.0]
      [GC Worker Total (ms): Min: 0.1, Avg: 2.3, Max: 4.4, Diff: 4.3, Sum: 4.5]
      [GC Worker End (ms): Min: 4014367.7, Avg: 4014367.7, Max: 4014367.8, Diff: 0.0]
   [Code Root Fixup: 0.0 ms]
   [Code Root Purge: 0.0 ms]
   [Clear CT: 0.4 ms]
   [Other: 3.2 ms]
      [Choose CSet: 0.0 ms]
      [Ref Proc: 2.5 ms]
      [Ref Enq: 0.0 ms]
      [Redirty Cards: 0.1 ms]
      [Humongous Register: 0.1 ms]
      [Humongous Reclaim: 0.0 ms]
      [Free CSet: 0.4 ms]
   [Eden: 613.0M(613.0M)->0.0B(613.0M) Survivors: 1024.0K->1024.0K Heap: 757.4M(1024.0M)->144.4M(1024.0M)]
 [Times: user=0.01 sys=0.00, real=0.01 secs] 
2020-06-16T00:26:38.021+0000: 4042.087: [GC pause (G1 Evacuation Pause) (young), 0.0079865 secs]
   [Parallel Time: 4.5 ms, GC Workers: 2]
      [GC Worker Start (ms): Min: 4042087.2, Avg: 4042089.4, Max: 4042091.6, Diff: 4.4]
      [Ext Root Scanning (ms): Min: 0.0, Avg: 0.9, Max: 1.7, Diff: 1.7, Sum: 1.7]
      [Update RS (ms): Min: 0.0, Avg: 0.4, Max: 0.9, Diff: 0.9, Sum: 0.9]
         [Processed Buffers: Min: 0, Avg: 13.5, Max: 27, Diff: 27, Sum: 27]
      [Scan RS (ms): Min: 0.1, Avg: 0.4, Max: 0.7, Diff: 0.6, Sum: 0.7]
      [Code Root Scanning (ms): Min: 0.0, Avg: 0.2, Max: 0.4, Diff: 0.4, Sum: 0.4]
      [Object Copy (ms): Min: 0.0, Avg: 0.3, Max: 0.5, Diff: 0.5, Sum: 0.5]
      [Termination (ms): Min: 0.0, Avg: 0.1, Max: 0.2, Diff: 0.2, Sum: 0.2]
         [Termination Attempts: Min: 1, Avg: 1.0, Max: 1, Diff: 0, Sum: 2]
      [GC Worker Other (ms): Min: 0.0, Avg: 0.0, Max: 0.0, Diff: 0.0, Sum: 0.0]
      [GC Worker Total (ms): Min: 0.1, Avg: 2.3, Max: 4.5, Diff: 4.4, Sum: 4.6]
      [GC Worker End (ms): Min: 4042091.7, Avg: 4042091.7, Max: 4042091.7, Diff: 0.0]
   [Code Root Fixup: 0.0 ms]
   [Code Root Purge: 0.0 ms]
   [Clear CT: 0.5 ms]
   [Other: 3.0 ms]
      [Choose CSet: 0.0 ms]
      [Ref Proc: 2.3 ms]
      [Ref Enq: 0.0 ms]
      [Redirty Cards: 0.1 ms]
      [Humongous Register: 0.1 ms]
      [Humongous Reclaim: 0.0 ms]
      [Free CSet: 0.3 ms]
   [Eden: 613.0M(613.0M)->0.0B(613.0M) Survivors: 1024.0K->1024.0K Heap: 757.4M(1024.0M)->144.4M(1024.0M)]
 [Times: user=0.01 sys=0.00, real=0.01 secs] 
2020-06-16T00:27:05.620+0000: 4069.686: [GC pause (G1 Evacuation Pause) (young), 0.0042358 secs]
   [Parallel Time: 3.0 ms, GC Workers: 2]
      [GC Worker Start (ms): Min: 4069686.4, Avg: 4069686.4, Max: 4069686.4, Diff: 0.0]
      [Ext Root Scanning (ms): Min: 1.1, Avg: 1.1, Max: 1.1, Diff: 0.1, Sum: 2.2]
      [Update RS (ms): Min: 0.7, Avg: 0.7, Max: 0.7, Diff: 0.0, Sum: 1.4]
         [Processed Buffers: Min: 3, Avg: 14.0, Max: 25, Diff: 22, Sum: 28]
      [Scan RS (ms): Min: 0.6, Avg: 0.6, Max: 0.6, Diff: 0.0, Sum: 1.1]
      [Code Root Scanning (ms): Min: 0.3, Avg: 0.3, Max: 0.3, Diff: 0.0, Sum: 0.6]
      [Object Copy (ms): Min: 0.2, Avg: 0.2, Max: 0.2, Diff: 0.0, Sum: 0.4]
      [Termination (ms): Min: 0.0, Avg: 0.0, Max: 0.0, Diff: 0.0, Sum: 0.0]
         [Termination Attempts: Min: 1, Avg: 1.0, Max: 1, Diff: 0, Sum: 2]
      [GC Worker Other (ms): Min: 0.0, Avg: 0.0, Max: 0.0, Diff: 0.0, Sum: 0.1]
      [GC Worker Total (ms): Min: 2.9, Avg: 2.9, Max: 2.9, Diff: 0.0, Sum: 5.8]
      [GC Worker End (ms): Min: 4069689.3, Avg: 4069689.3, Max: 4069689.3, Diff: 0.0]
   [Code Root Fixup: 0.0 ms]
   [Code Root Purge: 0.0 ms]
   [Clear CT: 0.5 ms]
   [Other: 0.8 ms]
      [Choose CSet: 0.0 ms]
      [Ref Proc: 0.1 ms]
      [Ref Enq: 0.0 ms]
      [Redirty Cards: 0.1 ms]
      [Humongous Register: 0.1 ms]
      [Humongous Reclaim: 0.0 ms]
      [Free CSet: 0.3 ms]
   [Eden: 613.0M(613.0M)->0.0B(613.0M) Survivors: 1024.0K->1024.0K Heap: 757.4M(1024.0M)->144.4M(1024.0M)]
 [Times: user=0.01 sys=0.00, real=0.01 secs] 
2020-06-16T00:27:33.159+0000: 4097.225: [GC pause (G1 Evacuation Pause) (young), 0.0041551 secs]
   [Parallel Time: 2.6 ms, GC Workers: 2]
      [GC Worker Start (ms): Min: 4097225.6, Avg: 4097225.6, Max: 4097225.6, Diff: 0.0]
      [Ext Root Scanning (ms): Min: 1.0, Avg: 1.1, Max: 1.1, Diff: 0.1, Sum: 2.2]
      [Update RS (ms): Min: 0.4, Avg: 0.4, Max: 0.4, Diff: 0.0, Sum: 0.8]
         [Processed Buffers: Min: 3, Avg: 13.0, Max: 23, Diff: 20, Sum: 26]
      [Scan RS (ms): Min: 0.5, Avg: 0.6, Max: 0.6, Diff: 0.0, Sum: 1.1]
      [Code Root Scanning (ms): Min: 0.3, Avg: 0.3, Max: 0.3, Diff: 0.0, Sum: 0.6]
      [Object Copy (ms): Min: 0.2, Avg: 0.2, Max: 0.2, Diff: 0.0, Sum: 0.4]
      [Termination (ms): Min: 0.0, Avg: 0.0, Max: 0.0, Diff: 0.0, Sum: 0.0]
         [Termination Attempts: Min: 1, Avg: 1.0, Max: 1, Diff: 0, Sum: 2]
      [GC Worker Other (ms): Min: 0.0, Avg: 0.0, Max: 0.0, Diff: 0.0, Sum: 0.1]
      [GC Worker Total (ms): Min: 2.5, Avg: 2.5, Max: 2.5, Diff: 0.0, Sum: 5.0]
      [GC Worker End (ms): Min: 4097228.1, Avg: 4097228.1, Max: 4097228.1, Diff: 0.0]
   [Code Root Fixup: 0.0 ms]
   [Code Root Purge: 0.0 ms]
   [Clear CT: 0.6 ms]
   [Other: 1.0 ms]
      [Choose CSet: 0.0 ms]
      [Ref Proc: 0.2 ms]
      [Ref Enq: 0.0 ms]
      [Redirty Cards: 0.1 ms]
      [Humongous Register: 0.1 ms]
      [Humongous Reclaim: 0.0 ms]
      [Free CSet: 0.4 ms]
   [Eden: 613.0M(613.0M)->0.0B(613.0M) Survivors: 1024.0K->1024.0K Heap: 757.4M(1024.0M)->144.4M(1024.0M)]
 [Times: user=0.00 sys=0.00, real=0.01 secs] 
2020-06-16T00:28:00.664+0000: 4124.730: [GC pause (G1 Evacuation Pause) (young), 0.0042534 secs]
   [Parallel Time: 2.7 ms, GC Workers: 2]
      [GC Worker Start (ms): Min: 4124730.6, Avg: 4124730.6, Max: 4124730.6, Diff: 0.0]
      [Ext Root Scanning (ms): Min: 1.1, Avg: 1.1, Max: 1.1, Diff: 0.1, Sum: 2.2]
      [Update RS (ms): Min: 0.4, Avg: 0.4, Max: 0.4, Diff: 0.0, Sum: 0.8]
         [Processed Buffers: Min: 4, Avg: 14.5, Max: 25, Diff: 21, Sum: 29]
      [Scan RS (ms): Min: 0.6, Avg: 0.6, Max: 0.6, Diff: 0.0, Sum: 1.1]
      [Code Root Scanning (ms): Min: 0.3, Avg: 0.3, Max: 0.3, Diff: 0.1, Sum: 0.6]
      [Object Copy (ms): Min: 0.2, Avg: 0.2, Max: 0.3, Diff: 0.1, Sum: 0.5]
      [Termination (ms): Min: 0.0, Avg: 0.0, Max: 0.0, Diff: 0.0, Sum: 0.0]
         [Termination Attempts: Min: 1, Avg: 1.0, Max: 1, Diff: 0, Sum: 2]
      [GC Worker Other (ms): Min: 0.0, Avg: 0.0, Max: 0.0, Diff: 0.0, Sum: 0.1]
      [GC Worker Total (ms): Min: 2.6, Avg: 2.6, Max: 2.6, Diff: 0.0, Sum: 5.2]
      [GC Worker End (ms): Min: 4124733.2, Avg: 4124733.2, Max: 4124733.2, Diff: 0.0]
   [Code Root Fixup: 0.0 ms]
   [Code Root Purge: 0.0 ms]
   [Clear CT: 0.5 ms]
   [Other: 1.1 ms]
      [Choose CSet: 0.0 ms]
      [Ref Proc: 0.3 ms]
      [Ref Enq: 0.0 ms]
      [Redirty Cards: 0.1 ms]
      [Humongous Register: 0.1 ms]
      [Humongous Reclaim: 0.0 ms]
      [Free CSet: 0.4 ms]
   [Eden: 613.0M(613.0M)->0.0B(613.0M) Survivors: 1024.0K->1024.0K Heap: 757.4M(1024.0M)->144.4M(1024.0M)]
 [Times: user=0.00 sys=0.00, real=0.00 secs] 
2020-06-16T00:28:28.737+0000: 4152.803: [GC pause (G1 Evacuation Pause) (young), 0.0036983 secs]
   [Parallel Time: 2.7 ms, GC Workers: 2]
      [GC Worker Start (ms): Min: 4152803.0, Avg: 4152803.0, Max: 4152803.0, Diff: 0.0]
      [Ext Root Scanning (ms): Min: 1.1, Avg: 1.1, Max: 1.1, Diff: 0.1, Sum: 2.2]
      [Update RS (ms): Min: 0.4, Avg: 0.4, Max: 0.4, Diff: 0.0, Sum: 0.8]
         [Processed Buffers: Min: 2, Avg: 13.5, Max: 25, Diff: 23, Sum: 27]
      [Scan RS (ms): Min: 0.6, Avg: 0.6, Max: 0.6, Diff: 0.0, Sum: 1.2]
      [Code Root Scanning (ms): Min: 0.3, Avg: 0.3, Max: 0.3, Diff: 0.0, Sum: 0.6]
      [Object Copy (ms): Min: 0.2, Avg: 0.2, Max: 0.2, Diff: 0.0, Sum: 0.4]
      [Termination (ms): Min: 0.0, Avg: 0.0, Max: 0.0, Diff: 0.0, Sum: 0.0]
         [Termination Attempts: Min: 1, Avg: 1.0, Max: 1, Diff: 0, Sum: 2]
      [GC Worker Other (ms): Min: 0.0, Avg: 0.0, Max: 0.0, Diff: 0.0, Sum: 0.1]
      [GC Worker Total (ms): Min: 2.6, Avg: 2.6, Max: 2.6, Diff: 0.0, Sum: 5.2]
      [GC Worker End (ms): Min: 4152805.6, Avg: 4152805.6, Max: 4152805.6, Diff: 0.0]
   [Code Root Fixup: 0.0 ms]
   [Code Root Purge: 0.0 ms]
   [Clear CT: 0.3 ms]
   [Other: 0.7 ms]
      [Choose CSet: 0.0 ms]
      [Ref Proc: 0.1 ms]
      [Ref Enq: 0.0 ms]
      [Redirty Cards: 0.1 ms]
      [Humongous Register: 0.1 ms]
      [Humongous Reclaim: 0.0 ms]
      [Free CSet: 0.3 ms]
   [Eden: 613.0M(613.0M)->0.0B(613.0M) Survivors: 1024.0K->1024.0K Heap: 757.4M(1024.0M)->144.4M(1024.0M)]
 [Times: user=0.01 sys=0.00, real=0.00 secs] 
2020-06-16T00:28:56.527+0000: 4180.593: [GC pause (G1 Evacuation Pause) (young), 0.0038411 secs]
   [Parallel Time: 2.7 ms, GC Workers: 2]
      [GC Worker Start (ms): Min: 4180593.6, Avg: 4180593.6, Max: 4180593.6, Diff: 0.0]
      [Ext Root Scanning (ms): Min: 1.0, Avg: 1.1, Max: 1.1, Diff: 0.1, Sum: 2.2]
      [Update RS (ms): Min: 0.4, Avg: 0.4, Max: 0.4, Diff: 0.1, Sum: 0.8]
         [Processed Buffers: Min: 4, Avg: 14.0, Max: 24, Diff: 20, Sum: 28]
      [Scan RS (ms): Min: 0.6, Avg: 0.6, Max: 0.6, Diff: 0.0, Sum: 1.1]
      [Code Root Scanning (ms): Min: 0.3, Avg: 0.3, Max: 0.3, Diff: 0.0, Sum: 0.6]
      [Object Copy (ms): Min: 0.2, Avg: 0.2, Max: 0.3, Diff: 0.1, Sum: 0.4]
      [Termination (ms): Min: 0.0, Avg: 0.0, Max: 0.0, Diff: 0.0, Sum: 0.0]
         [Termination Attempts: Min: 1, Avg: 1.0, Max: 1, Diff: 0, Sum: 2]
      [GC Worker Other (ms): Min: 0.0, Avg: 0.0, Max: 0.0, Diff: 0.0, Sum: 0.1]
      [GC Worker Total (ms): Min: 2.6, Avg: 2.6, Max: 2.6, Diff: 0.0, Sum: 5.2]
      [GC Worker End (ms): Min: 4180596.2, Avg: 4180596.2, Max: 4180596.2, Diff: 0.0]
   [Code Root Fixup: 0.0 ms]
   [Code Root Purge: 0.0 ms]
   [Clear CT: 0.3 ms]
   [Other: 0.9 ms]
      [Choose CSet: 0.0 ms]
      [Ref Proc: 0.1 ms]
      [Ref Enq: 0.0 ms]
      [Redirty Cards: 0.0 ms]
      [Humongous Register: 0.1 ms]
      [Humongous Reclaim: 0.0 ms]
      [Free CSet: 0.4 ms]
   [Eden: 613.0M(613.0M)->0.0B(613.0M) Survivors: 1024.0K->1024.0K Heap: 757.4M(1024.0M)->144.4M(1024.0M)]
 [Times: user=0.01 sys=0.00, real=0.00 secs] 
2020-06-16T00:29:24.069+0000: 4208.135: [GC pause (G1 Evacuation Pause) (young), 0.0040489 secs]
   [Parallel Time: 2.7 ms, GC Workers: 2]
      [GC Worker Start (ms): Min: 4208135.2, Avg: 4208135.2, Max: 4208135.2, Diff: 0.0]
      [Ext Root Scanning (ms): Min: 1.0, Avg: 1.1, Max: 1.1, Diff: 0.1, Sum: 2.1]
      [Update RS (ms): Min: 0.4, Avg: 0.4, Max: 0.4, Diff: 0.0, Sum: 0.9]
         [Processed Buffers: Min: 4, Avg: 15.0, Max: 26, Diff: 22, Sum: 30]
      [Scan RS (ms): Min: 0.6, Avg: 0.6, Max: 0.6, Diff: 0.0, Sum: 1.2]
      [Code Root Scanning (ms): Min: 0.3, Avg: 0.3, Max: 0.3, Diff: 0.0, Sum: 0.6]
      [Object Copy (ms): Min: 0.2, Avg: 0.2, Max: 0.3, Diff: 0.1, Sum: 0.4]
      [Termination (ms): Min: 0.0, Avg: 0.0, Max: 0.0, Diff: 0.0, Sum: 0.0]
         [Termination Attempts: Min: 1, Avg: 1.0, Max: 1, Diff: 0, Sum: 2]
      [GC Worker Other (ms): Min: 0.0, Avg: 0.0, Max: 0.0, Diff: 0.0, Sum: 0.0]
      [GC Worker Total (ms): Min: 2.6, Avg: 2.6, Max: 2.6, Diff: 0.0, Sum: 5.2]
      [GC Worker End (ms): Min: 4208137.8, Avg: 4208137.8, Max: 4208137.8, Diff: 0.0]
   [Code Root Fixup: 0.0 ms]
   [Code Root Purge: 0.0 ms]
   [Clear CT: 0.5 ms]
   [Other: 0.8 ms]
      [Choose CSet: 0.0 ms]
      [Ref Proc: 0.3 ms]
      [Ref Enq: 0.0 ms]
      [Redirty Cards: 0.1 ms]
      [Humongous Register: 0.1 ms]
      [Humongous Reclaim: 0.0 ms]
      [Free CSet: 0.3 ms]
   [Eden: 613.0M(613.0M)->0.0B(613.0M) Survivors: 1024.0K->1024.0K Heap: 757.4M(1024.0M)->144.4M(1024.0M)]
 [Times: user=0.00 sys=0.00, real=0.00 secs] 
2020-06-16T00:29:51.305+0000: 4235.371: [GC pause (G1 Evacuation Pause) (young), 0.0085497 secs]
   [Parallel Time: 5.6 ms, GC Workers: 2]
      [GC Worker Start (ms): Min: 4235371.2, Avg: 4235373.2, Max: 4235375.3, Diff: 4.1]
      [Ext Root Scanning (ms): Min: 0.0, Avg: 0.9, Max: 1.7, Diff: 1.7, Sum: 1.8]
      [Update RS (ms): Min: 0.0, Avg: 0.4, Max: 0.8, Diff: 0.8, Sum: 0.8]
         [Processed Buffers: Min: 0, Avg: 16.0, Max: 32, Diff: 32, Sum: 32]
      [Scan RS (ms): Min: 0.0, Avg: 0.4, Max: 0.7, Diff: 0.7, Sum: 0.8]
      [Code Root Scanning (ms): Min: 0.0, Avg: 0.2, Max: 0.4, Diff: 0.4, Sum: 0.4]
      [Object Copy (ms): Min: 0.0, Avg: 0.2, Max: 0.3, Diff: 0.3, Sum: 0.3]
      [Termination (ms): Min: 0.0, Avg: 0.8, Max: 1.5, Diff: 1.5, Sum: 1.5]
         [Termination Attempts: Min: 1, Avg: 1.0, Max: 1, Diff: 0, Sum: 2]
      [GC Worker Other (ms): Min: 0.0, Avg: 0.0, Max: 0.0, Diff: 0.0, Sum: 0.0]
      [GC Worker Total (ms): Min: 0.1, Avg: 2.8, Max: 5.5, Diff: 5.4, Sum: 5.6]
      [GC Worker End (ms): Min: 4235375.3, Avg: 4235376.0, Max: 4235376.7, Diff: 1.3]
   [Code Root Fixup: 0.0 ms]
   [Code Root Purge: 0.0 ms]
   [Clear CT: 0.3 ms]
   [Other: 2.7 ms]
      [Choose CSet: 0.0 ms]
      [Ref Proc: 2.1 ms]
      [Ref Enq: 0.0 ms]
      [Redirty Cards: 0.1 ms]
      [Humongous Register: 0.1 ms]
      [Humongous Reclaim: 0.0 ms]
      [Free CSet: 0.3 ms]
   [Eden: 613.0M(613.0M)->0.0B(613.0M) Survivors: 1024.0K->1024.0K Heap: 757.4M(1024.0M)->144.4M(1024.0M)]
 [Times: user=0.01 sys=0.00, real=0.00 secs] 
2020-06-16T00:30:18.870+0000: 4262.937: [GC pause (G1 Evacuation Pause) (young), 0.0065561 secs]
   [Parallel Time: 5.4 ms, GC Workers: 2]
      [GC Worker Start (ms): Min: 4262936.8, Avg: 4262938.9, Max: 4262940.9, Diff: 4.1]
      [Ext Root Scanning (ms): Min: 0.0, Avg: 1.0, Max: 1.9, Diff: 1.9, Sum: 1.9]
      [Update RS (ms): Min: 0.0, Avg: 0.3, Max: 0.6, Diff: 0.6, Sum: 0.6]
         [Processed Buffers: Min: 0, Avg: 12.0, Max: 24, Diff: 24, Sum: 24]
      [Scan RS (ms): Min: 0.0, Avg: 0.4, Max: 0.7, Diff: 0.7, Sum: 0.8]
      [Code Root Scanning (ms): Min: 0.0, Avg: 0.2, Max: 0.4, Diff: 0.4, Sum: 0.4]
      [Object Copy (ms): Min: 0.0, Avg: 0.2, Max: 0.3, Diff: 0.3, Sum: 0.3]
      [Termination (ms): Min: 0.0, Avg: 0.6, Max: 1.3, Diff: 1.3, Sum: 1.3]
         [Termination Attempts: Min: 1, Avg: 1.0, Max: 1, Diff: 0, Sum: 2]
      [GC Worker Other (ms): Min: 0.0, Avg: 0.0, Max: 0.0, Diff: 0.0, Sum: 0.0]
      [GC Worker Total (ms): Min: 0.1, Avg: 2.7, Max: 5.3, Diff: 5.2, Sum: 5.4]
      [GC Worker End (ms): Min: 4262941.0, Avg: 4262941.6, Max: 4262942.1, Diff: 1.1]
   [Code Root Fixup: 0.0 ms]
   [Code Root Purge: 0.0 ms]
   [Clear CT: 0.3 ms]
   [Other: 0.8 ms]
      [Choose CSet: 0.0 ms]
      [Ref Proc: 0.2 ms]
      [Ref Enq: 0.0 ms]
      [Redirty Cards: 0.1 ms]
      [Humongous Register: 0.1 ms]
      [Humongous Reclaim: 0.0 ms]
      [Free CSet: 0.3 ms]
   [Eden: 613.0M(613.0M)->0.0B(613.0M) Survivors: 1024.0K->1024.0K Heap: 757.4M(1024.0M)->144.4M(1024.0M)]
 [Times: user=0.00 sys=0.00, real=0.01 secs] 
2020-06-16T00:30:45.648+0000: 4289.714: [GC pause (G1 Evacuation Pause) (young), 0.0069529 secs]
   [Parallel Time: 5.9 ms, GC Workers: 2]
      [GC Worker Start (ms): Min: 4289713.9, Avg: 4289715.9, Max: 4289718.0, Diff: 4.1]
      [Ext Root Scanning (ms): Min: 0.0, Avg: 0.9, Max: 1.8, Diff: 1.8, Sum: 1.9]
      [Update RS (ms): Min: 0.0, Avg: 0.4, Max: 0.7, Diff: 0.7, Sum: 0.7]
         [Processed Buffers: Min: 0, Avg: 14.5, Max: 29, Diff: 29, Sum: 29]
      [Scan RS (ms): Min: 0.1, Avg: 0.4, Max: 0.7, Diff: 0.6, Sum: 0.8]
      [Code Root Scanning (ms): Min: 0.0, Avg: 0.2, Max: 0.4, Diff: 0.4, Sum: 0.4]
      [Object Copy (ms): Min: 0.0, Avg: 0.1, Max: 0.3, Diff: 0.3, Sum: 0.3]
      [Termination (ms): Min: 0.0, Avg: 0.9, Max: 1.8, Diff: 1.8, Sum: 1.8]
         [Termination Attempts: Min: 1, Avg: 1.0, Max: 1, Diff: 0, Sum: 2]
      [GC Worker Other (ms): Min: 0.0, Avg: 0.0, Max: 0.0, Diff: 0.0, Sum: 0.0]
      [GC Worker Total (ms): Min: 0.1, Avg: 3.0, Max: 5.8, Diff: 5.7, Sum: 5.9]
      [GC Worker End (ms): Min: 4289718.1, Avg: 4289718.9, Max: 4289719.7, Diff: 1.6]
   [Code Root Fixup: 0.0 ms]
   [Code Root Purge: 0.0 ms]
   [Clear CT: 0.3 ms]
   [Other: 0.7 ms]
      [Choose CSet: 0.0 ms]
      [Ref Proc: 0.1 ms]
      [Ref Enq: 0.0 ms]
      [Redirty Cards: 0.0 ms]
      [Humongous Register: 0.0 ms]
      [Humongous Reclaim: 0.0 ms]
      [Free CSet: 0.3 ms]
   [Eden: 613.0M(613.0M)->0.0B(613.0M) Survivors: 1024.0K->1024.0K Heap: 757.4M(1024.0M)->144.4M(1024.0M)]
 [Times: user=0.01 sys=0.00, real=0.00 secs] 
2020-06-16T00:31:11.491+0000: 4315.557: [GC pause (G1 Evacuation Pause) (young), 0.0039087 secs]
   [Parallel Time: 2.6 ms, GC Workers: 2]
      [GC Worker Start (ms): Min: 4315557.6, Avg: 4315557.6, Max: 4315557.6, Diff: 0.0]
      [Ext Root Scanning (ms): Min: 1.0, Avg: 1.1, Max: 1.1, Diff: 0.1, Sum: 2.2]
      [Update RS (ms): Min: 0.3, Avg: 0.4, Max: 0.5, Diff: 0.2, Sum: 0.9]
         [Processed Buffers: Min: 1, Avg: 13.5, Max: 26, Diff: 25, Sum: 27]
      [Scan RS (ms): Min: 0.4, Avg: 0.5, Max: 0.6, Diff: 0.1, Sum: 1.0]
      [Code Root Scanning (ms): Min: 0.2, Avg: 0.3, Max: 0.3, Diff: 0.1, Sum: 0.6]
      [Object Copy (ms): Min: 0.2, Avg: 0.2, Max: 0.3, Diff: 0.1, Sum: 0.5]
      [Termination (ms): Min: 0.0, Avg: 0.0, Max: 0.0, Diff: 0.0, Sum: 0.0]
         [Termination Attempts: Min: 1, Avg: 1.0, Max: 1, Diff: 0, Sum: 2]
      [GC Worker Other (ms): Min: 0.0, Avg: 0.0, Max: 0.0, Diff: 0.0, Sum: 0.0]
      [GC Worker Total (ms): Min: 2.5, Avg: 2.5, Max: 2.6, Diff: 0.0, Sum: 5.1]
      [GC Worker End (ms): Min: 4315560.2, Avg: 4315560.2, Max: 4315560.2, Diff: 0.0]
   [Code Root Fixup: 0.0 ms]
   [Code Root Purge: 0.0 ms]
   [Clear CT: 0.3 ms]
   [Other: 1.0 ms]
      [Choose CSet: 0.0 ms]
      [Ref Proc: 0.1 ms]
      [Ref Enq: 0.0 ms]
      [Redirty Cards: 0.1 ms]
      [Humongous Register: 0.1 ms]
      [Humongous Reclaim: 0.0 ms]
      [Free CSet: 0.5 ms]
   [Eden: 613.0M(613.0M)->0.0B(613.0M) Survivors: 1024.0K->1024.0K Heap: 757.4M(1024.0M)->144.4M(1024.0M)]
 [Times: user=0.01 sys=0.00, real=0.01 secs] 
2020-06-16T00:31:38.163+0000: 4342.230: [GC pause (G1 Evacuation Pause) (young), 0.0076297 secs]
   [Parallel Time: 6.3 ms, GC Workers: 2]
      [GC Worker Start (ms): Min: 4342229.8, Avg: 4342231.8, Max: 4342233.9, Diff: 4.1]
      [Ext Root Scanning (ms): Min: 0.0, Avg: 0.9, Max: 1.8, Diff: 1.8, Sum: 1.8]
      [Update RS (ms): Min: 0.0, Avg: 0.3, Max: 0.7, Diff: 0.7, Sum: 0.7]
         [Processed Buffers: Min: 0, Avg: 13.0, Max: 26, Diff: 26, Sum: 26]
      [Scan RS (ms): Min: 0.0, Avg: 0.4, Max: 0.8, Diff: 0.7, Sum: 0.8]
      [Code Root Scanning (ms): Min: 0.0, Avg: 0.2, Max: 0.4, Diff: 0.4, Sum: 0.4]
      [Object Copy (ms): Min: 0.0, Avg: 0.1, Max: 0.3, Diff: 0.3, Sum: 0.3]
      [Termination (ms): Min: 0.0, Avg: 1.1, Max: 2.3, Diff: 2.3, Sum: 2.3]
         [Termination Attempts: Min: 1, Avg: 1.0, Max: 1, Diff: 0, Sum: 2]
      [GC Worker Other (ms): Min: 0.0, Avg: 0.0, Max: 0.0, Diff: 0.0, Sum: 0.0]
      [GC Worker Total (ms): Min: 0.1, Avg: 3.2, Max: 6.3, Diff: 6.2, Sum: 6.4]
      [GC Worker End (ms): Min: 4342234.0, Avg: 4342235.0, Max: 4342236.0, Diff: 2.0]
   [Code Root Fixup: 0.0 ms]
   [Code Root Purge: 0.0 ms]
   [Clear CT: 0.3 ms]
   [Other: 1.0 ms]
      [Choose CSet: 0.0 ms]
      [Ref Proc: 0.1 ms]
      [Ref Enq: 0.0 ms]
      [Redirty Cards: 0.1 ms]
      [Humongous Register: 0.1 ms]
      [Humongous Reclaim: 0.0 ms]
      [Free CSet: 0.5 ms]
   [Eden: 613.0M(613.0M)->0.0B(613.0M) Survivors: 1024.0K->1024.0K Heap: 757.4M(1024.0M)->144.4M(1024.0M)]
 [Times: user=0.01 sys=0.00, real=0.00 secs] 
2020-06-16T00:36:07.601+0000: 4611.667: [GC pause (G1 Evacuation Pause) (young), 0.0049672 secs]
   [Parallel Time: 3.0 ms, GC Workers: 2]
      [GC Worker Start (ms): Min: 4611667.1, Avg: 4611667.1, Max: 4611667.2, Diff: 0.1]
      [Ext Root Scanning (ms): Min: 1.0, Avg: 1.1, Max: 1.2, Diff: 0.2, Sum: 2.2]
      [Update RS (ms): Min: 0.6, Avg: 0.6, Max: 0.6, Diff: 0.0, Sum: 1.2]
         [Processed Buffers: Min: 8, Avg: 17.0, Max: 26, Diff: 18, Sum: 34]
      [Scan RS (ms): Min: 0.6, Avg: 0.6, Max: 0.6, Diff: 0.0, Sum: 1.2]
      [Code Root Scanning (ms): Min: 0.3, Avg: 0.3, Max: 0.3, Diff: 0.0, Sum: 0.5]
      [Object Copy (ms): Min: 0.3, Avg: 0.3, Max: 0.3, Diff: 0.1, Sum: 0.6]
      [Termination (ms): Min: 0.0, Avg: 0.0, Max: 0.0, Diff: 0.0, Sum: 0.0]
         [Termination Attempts: Min: 1, Avg: 1.0, Max: 1, Diff: 0, Sum: 2]
      [GC Worker Other (ms): Min: 0.0, Avg: 0.0, Max: 0.0, Diff: 0.0, Sum: 0.1]
      [GC Worker Total (ms): Min: 2.8, Avg: 2.9, Max: 2.9, Diff: 0.1, Sum: 5.7]
      [GC Worker End (ms): Min: 4611670.0, Avg: 4611670.0, Max: 4611670.0, Diff: 0.0]
   [Code Root Fixup: 0.0 ms]
   [Code Root Purge: 0.0 ms]
   [Clear CT: 0.3 ms]
   [Other: 1.7 ms]
      [Choose CSet: 0.0 ms]
      [Ref Proc: 0.6 ms]
      [Ref Enq: 0.0 ms]
      [Redirty Cards: 0.3 ms]
      [Humongous Register: 0.1 ms]
      [Humongous Reclaim: 0.0 ms]
      [Free CSet: 0.4 ms]
   [Eden: 613.0M(613.0M)->0.0B(613.0M) Survivors: 1024.0K->1024.0K Heap: 757.4M(1024.0M)->144.4M(1024.0M)]
 [Times: user=0.01 sys=0.00, real=0.01 secs] 
2020-06-16T00:36:33.900+0000: 4637.966: [GC pause (G1 Evacuation Pause) (young), 0.0045563 secs]
   [Parallel Time: 2.9 ms, GC Workers: 2]
      [GC Worker Start (ms): Min: 4637966.0, Avg: 4637966.0, Max: 4637966.0, Diff: 0.0]
      [Ext Root Scanning (ms): Min: 1.1, Avg: 1.1, Max: 1.2, Diff: 0.1, Sum: 2.2]
      [Update RS (ms): Min: 0.5, Avg: 0.6, Max: 0.6, Diff: 0.1, Sum: 1.1]
         [Processed Buffers: Min: 7, Avg: 14.0, Max: 21, Diff: 14, Sum: 28]
      [Scan RS (ms): Min: 0.5, Avg: 0.6, Max: 0.6, Diff: 0.1, Sum: 1.1]
      [Code Root Scanning (ms): Min: 0.3, Avg: 0.3, Max: 0.3, Diff: 0.0, Sum: 0.5]
      [Object Copy (ms): Min: 0.2, Avg: 0.3, Max: 0.3, Diff: 0.1, Sum: 0.5]
      [Termination (ms): Min: 0.0, Avg: 0.0, Max: 0.0, Diff: 0.0, Sum: 0.0]
         [Termination Attempts: Min: 1, Avg: 1.0, Max: 1, Diff: 0, Sum: 2]
      [GC Worker Other (ms): Min: 0.0, Avg: 0.0, Max: 0.0, Diff: 0.0, Sum: 0.0]
      [GC Worker Total (ms): Min: 2.8, Avg: 2.8, Max: 2.8, Diff: 0.0, Sum: 5.6]
      [GC Worker End (ms): Min: 4637968.8, Avg: 4637968.8, Max: 4637968.8, Diff: 0.0]
   [Code Root Fixup: 0.0 ms]
   [Code Root Purge: 0.0 ms]
   [Clear CT: 0.6 ms]
   [Other: 1.1 ms]
      [Choose CSet: 0.0 ms]
      [Ref Proc: 0.3 ms]
      [Ref Enq: 0.0 ms]
      [Redirty Cards: 0.1 ms]
      [Humongous Register: 0.1 ms]
      [Humongous Reclaim: 0.0 ms]
      [Free CSet: 0.4 ms]
   [Eden: 613.0M(613.0M)->0.0B(613.0M) Survivors: 1024.0K->1024.0K Heap: 757.4M(1024.0M)->144.5M(1024.0M)]
 [Times: user=0.00 sys=0.00, real=0.01 secs] 
2020-06-16T00:37:12.043+0000: 4676.110: [GC pause (G1 Evacuation Pause) (young), 0.0040611 secs]
   [Parallel Time: 2.9 ms, GC Workers: 2]
      [GC Worker Start (ms): Min: 4676109.8, Avg: 4676109.8, Max: 4676109.8, Diff: 0.0]
      [Ext Root Scanning (ms): Min: 1.1, Avg: 1.1, Max: 1.1, Diff: 0.1, Sum: 2.2]
      [Update RS (ms): Min: 0.5, Avg: 0.6, Max: 0.6, Diff: 0.1, Sum: 1.2]
         [Processed Buffers: Min: 11, Avg: 14.5, Max: 18, Diff: 7, Sum: 29]
      [Scan RS (ms): Min: 0.5, Avg: 0.6, Max: 0.6, Diff: 0.0, Sum: 1.1]
      [Code Root Scanning (ms): Min: 0.3, Avg: 0.3, Max: 0.3, Diff: 0.0, Sum: 0.5]
      [Object Copy (ms): Min: 0.3, Avg: 0.3, Max: 0.3, Diff: 0.0, Sum: 0.6]
      [Termination (ms): Min: 0.0, Avg: 0.0, Max: 0.0, Diff: 0.0, Sum: 0.0]
         [Termination Attempts: Min: 1, Avg: 1.0, Max: 1, Diff: 0, Sum: 2]
      [GC Worker Other (ms): Min: 0.0, Avg: 0.0, Max: 0.0, Diff: 0.0, Sum: 0.1]
      [GC Worker Total (ms): Min: 2.8, Avg: 2.8, Max: 2.8, Diff: 0.0, Sum: 5.6]
      [GC Worker End (ms): Min: 4676112.6, Avg: 4676112.6, Max: 4676112.6, Diff: 0.0]
   [Code Root Fixup: 0.0 ms]
   [Code Root Purge: 0.0 ms]
   [Clear CT: 0.3 ms]
   [Other: 0.9 ms]
      [Choose CSet: 0.0 ms]
      [Ref Proc: 0.1 ms]
      [Ref Enq: 0.0 ms]
      [Redirty Cards: 0.1 ms]
      [Humongous Register: 0.1 ms]
      [Humongous Reclaim: 0.0 ms]
      [Free CSet: 0.4 ms]
   [Eden: 613.0M(613.0M)->0.0B(613.0M) Survivors: 1024.0K->1024.0K Heap: 757.5M(1024.0M)->144.5M(1024.0M)]
 [Times: user=0.00 sys=0.00, real=0.00 secs] 
2020-06-16T00:37:52.992+0000: 4717.058: [GC pause (G1 Evacuation Pause) (young), 0.0043509 secs]
   [Parallel Time: 2.9 ms, GC Workers: 2]
      [GC Worker Start (ms): Min: 4717058.3, Avg: 4717058.4, Max: 4717058.4, Diff: 0.1]
      [Ext Root Scanning (ms): Min: 1.0, Avg: 1.1, Max: 1.2, Diff: 0.1, Sum: 2.2]
      [Update RS (ms): Min: 0.5, Avg: 0.6, Max: 0.6, Diff: 0.1, Sum: 1.1]
         [Processed Buffers: Min: 8, Avg: 13.5, Max: 19, Diff: 11, Sum: 27]
      [Scan RS (ms): Min: 0.5, Avg: 0.5, Max: 0.6, Diff: 0.0, Sum: 1.1]
      [Code Root Scanning (ms): Min: 0.2, Avg: 0.3, Max: 0.3, Diff: 0.0, Sum: 0.5]
      [Object Copy (ms): Min: 0.2, Avg: 0.3, Max: 0.3, Diff: 0.1, Sum: 0.5]
      [Termination (ms): Min: 0.0, Avg: 0.0, Max: 0.0, Diff: 0.0, Sum: 0.0]
         [Termination Attempts: Min: 1, Avg: 1.0, Max: 1, Diff: 0, Sum: 2]
      [GC Worker Other (ms): Min: 0.0, Avg: 0.0, Max: 0.0, Diff: 0.0, Sum: 0.1]
      [GC Worker Total (ms): Min: 2.7, Avg: 2.8, Max: 2.8, Diff: 0.1, Sum: 5.5]
      [GC Worker End (ms): Min: 4717061.1, Avg: 4717061.1, Max: 4717061.1, Diff: 0.0]
   [Code Root Fixup: 0.0 ms]
   [Code Root Purge: 0.0 ms]
   [Clear CT: 0.4 ms]
   [Other: 1.0 ms]
      [Choose CSet: 0.0 ms]
      [Ref Proc: 0.3 ms]
      [Ref Enq: 0.0 ms]
      [Redirty Cards: 0.1 ms]
      [Humongous Register: 0.1 ms]
      [Humongous Reclaim: 0.0 ms]
      [Free CSet: 0.4 ms]
   [Eden: 613.0M(613.0M)->0.0B(613.0M) Survivors: 1024.0K->1024.0K Heap: 757.5M(1024.0M)->144.5M(1024.0M)]
 [Times: user=0.00 sys=0.01, real=0.01 secs] 
2020-06-16T00:38:33.759+0000: 4757.825: [GC pause (G1 Evacuation Pause) (young), 0.0074168 secs]
   [Parallel Time: 4.3 ms, GC Workers: 2]
      [GC Worker Start (ms): Min: 4757825.3, Avg: 4757827.3, Max: 4757829.3, Diff: 4.1]
      [Ext Root Scanning (ms): Min: 0.0, Avg: 0.9, Max: 1.7, Diff: 1.7, Sum: 1.7]
      [Update RS (ms): Min: 0.0, Avg: 0.4, Max: 0.8, Diff: 0.8, Sum: 0.8]
         [Processed Buffers: Min: 0, Avg: 13.5, Max: 27, Diff: 27, Sum: 27]
      [Scan RS (ms): Min: 0.1, Avg: 0.4, Max: 0.7, Diff: 0.6, Sum: 0.7]
      [Code Root Scanning (ms): Min: 0.0, Avg: 0.2, Max: 0.4, Diff: 0.4, Sum: 0.4]
      [Object Copy (ms): Min: 0.0, Avg: 0.2, Max: 0.4, Diff: 0.4, Sum: 0.4]
      [Termination (ms): Min: 0.0, Avg: 0.1, Max: 0.2, Diff: 0.2, Sum: 0.2]
         [Termination Attempts: Min: 1, Avg: 1.0, Max: 1, Diff: 0, Sum: 2]
      [GC Worker Other (ms): Min: 0.0, Avg: 0.0, Max: 0.0, Diff: 0.0, Sum: 0.0]
      [GC Worker Total (ms): Min: 0.1, Avg: 2.2, Max: 4.2, Diff: 4.1, Sum: 4.3]
      [GC Worker End (ms): Min: 4757829.4, Avg: 4757829.4, Max: 4757829.5, Diff: 0.0]
   [Code Root Fixup: 0.0 ms]
   [Code Root Purge: 0.0 ms]
   [Clear CT: 0.3 ms]
   [Other: 2.8 ms]
      [Choose CSet: 0.0 ms]
      [Ref Proc: 2.1 ms]
      [Ref Enq: 0.0 ms]
      [Redirty Cards: 0.1 ms]
      [Humongous Register: 0.1 ms]
      [Humongous Reclaim: 0.0 ms]
      [Free CSet: 0.4 ms]
   [Eden: 613.0M(613.0M)->0.0B(613.0M) Survivors: 1024.0K->1024.0K Heap: 757.5M(1024.0M)->144.5M(1024.0M)]
 [Times: user=0.01 sys=0.00, real=0.01 secs] 
2020-06-16T00:39:13.891+0000: 4797.957: [GC pause (G1 Evacuation Pause) (young), 0.0043153 secs]
   [Parallel Time: 2.9 ms, GC Workers: 2]
      [GC Worker Start (ms): Min: 4797957.5, Avg: 4797957.6, Max: 4797957.6, Diff: 0.0]
      [Ext Root Scanning (ms): Min: 1.1, Avg: 1.1, Max: 1.2, Diff: 0.1, Sum: 2.3]
      [Update RS (ms): Min: 0.3, Avg: 0.6, Max: 0.8, Diff: 0.5, Sum: 1.2]
         [Processed Buffers: Min: 1, Avg: 15.0, Max: 29, Diff: 28, Sum: 30]
      [Scan RS (ms): Min: 0.4, Avg: 0.5, Max: 0.7, Diff: 0.3, Sum: 1.0]
      [Code Root Scanning (ms): Min: 0.2, Avg: 0.3, Max: 0.4, Diff: 0.2, Sum: 0.5]
      [Object Copy (ms): Min: 0.2, Avg: 0.3, Max: 0.3, Diff: 0.1, Sum: 0.6]
      [Termination (ms): Min: 0.0, Avg: 0.0, Max: 0.0, Diff: 0.0, Sum: 0.0]
         [Termination Attempts: Min: 1, Avg: 1.0, Max: 1, Diff: 0, Sum: 2]
      [GC Worker Other (ms): Min: 0.0, Avg: 0.0, Max: 0.0, Diff: 0.0, Sum: 0.1]
      [GC Worker Total (ms): Min: 2.8, Avg: 2.8, Max: 2.8, Diff: 0.0, Sum: 5.6]
      [GC Worker End (ms): Min: 4797960.4, Avg: 4797960.4, Max: 4797960.4, Diff: 0.0]
   [Code Root Fixup: 0.0 ms]
   [Code Root Purge: 0.0 ms]
   [Clear CT: 0.5 ms]
   [Other: 0.9 ms]
      [Choose CSet: 0.0 ms]
      [Ref Proc: 0.2 ms]
      [Ref Enq: 0.0 ms]
      [Redirty Cards: 0.1 ms]
      [Humongous Register: 0.1 ms]
      [Humongous Reclaim: 0.0 ms]
      [Free CSet: 0.4 ms]
   [Eden: 613.0M(613.0M)->0.0B(613.0M) Survivors: 1024.0K->1024.0K Heap: 757.5M(1024.0M)->144.5M(1024.0M)]
 [Times: user=0.01 sys=0.00, real=0.01 secs] 
2020-06-16T00:39:53.945+0000: 4838.011: [GC pause (G1 Evacuation Pause) (young), 0.0076325 secs]
   [Parallel Time: 4.4 ms, GC Workers: 2]
      [GC Worker Start (ms): Min: 4838011.5, Avg: 4838013.6, Max: 4838015.7, Diff: 4.2]
      [Ext Root Scanning (ms): Min: 0.0, Avg: 0.9, Max: 1.8, Diff: 1.8, Sum: 1.9]
      [Update RS (ms): Min: 0.0, Avg: 0.4, Max: 0.9, Diff: 0.9, Sum: 0.9]
         [Processed Buffers: Min: 0, Avg: 17.5, Max: 35, Diff: 35, Sum: 35]
      [Scan RS (ms): Min: 0.1, Avg: 0.4, Max: 0.7, Diff: 0.6, Sum: 0.7]
      [Code Root Scanning (ms): Min: 0.0, Avg: 0.2, Max: 0.4, Diff: 0.4, Sum: 0.4]
      [Object Copy (ms): Min: 0.0, Avg: 0.2, Max: 0.3, Diff: 0.3, Sum: 0.3]
      [Termination (ms): Min: 0.0, Avg: 0.1, Max: 0.2, Diff: 0.2, Sum: 0.2]
         [Termination Attempts: Min: 1, Avg: 1.0, Max: 1, Diff: 0, Sum: 2]
      [GC Worker Other (ms): Min: 0.0, Avg: 0.0, Max: 0.0, Diff: 0.0, Sum: 0.0]
      [GC Worker Total (ms): Min: 0.1, Avg: 2.2, Max: 4.3, Diff: 4.2, Sum: 4.4]
      [GC Worker End (ms): Min: 4838015.8, Avg: 4838015.8, Max: 4838015.8, Diff: 0.0]
   [Code Root Fixup: 0.0 ms]
   [Code Root Purge: 0.0 ms]
   [Clear CT: 0.3 ms]
   [Other: 2.9 ms]
      [Choose CSet: 0.0 ms]
      [Ref Proc: 2.3 ms]
      [Ref Enq: 0.0 ms]
      [Redirty Cards: 0.1 ms]
      [Humongous Register: 0.1 ms]
      [Humongous Reclaim: 0.0 ms]
      [Free CSet: 0.2 ms]
   [Eden: 613.0M(613.0M)->0.0B(613.0M) Survivors: 1024.0K->1024.0K Heap: 757.5M(1024.0M)->144.5M(1024.0M)]
 [Times: user=0.01 sys=0.00, real=0.00 secs] 
2020-06-16T00:40:38.251+0000: 4882.317: [GC pause (G1 Evacuation Pause) (young), 0.0081506 secs]
   [Parallel Time: 4.5 ms, GC Workers: 2]
      [GC Worker Start (ms): Min: 4882317.4, Avg: 4882319.6, Max: 4882321.8, Diff: 4.4]
      [Ext Root Scanning (ms): Min: 0.0, Avg: 1.0, Max: 1.9, Diff: 1.9, Sum: 1.9]
      [Update RS (ms): Min: 0.0, Avg: 0.4, Max: 0.9, Diff: 0.9, Sum: 0.9]
         [Processed Buffers: Min: 0, Avg: 15.5, Max: 31, Diff: 31, Sum: 31]
      [Scan RS (ms): Min: 0.0, Avg: 0.4, Max: 0.7, Diff: 0.7, Sum: 0.8]
      [Code Root Scanning (ms): Min: 0.0, Avg: 0.2, Max: 0.4, Diff: 0.4, Sum: 0.4]
      [Object Copy (ms): Min: 0.0, Avg: 0.2, Max: 0.3, Diff: 0.3, Sum: 0.3]
      [Termination (ms): Min: 0.0, Avg: 0.1, Max: 0.2, Diff: 0.2, Sum: 0.2]
         [Termination Attempts: Min: 1, Avg: 1.0, Max: 1, Diff: 0, Sum: 2]
      [GC Worker Other (ms): Min: 0.0, Avg: 0.0, Max: 0.0, Diff: 0.0, Sum: 0.0]
      [GC Worker Total (ms): Min: 0.1, Avg: 2.3, Max: 4.5, Diff: 4.4, Sum: 4.6]
      [GC Worker End (ms): Min: 4882321.9, Avg: 4882321.9, Max: 4882321.9, Diff: 0.0]
   [Code Root Fixup: 0.0 ms]
   [Code Root Purge: 0.0 ms]
   [Clear CT: 0.3 ms]
   [Other: 3.3 ms]
      [Choose CSet: 0.0 ms]
      [Ref Proc: 2.4 ms]
      [Ref Enq: 0.0 ms]
      [Redirty Cards: 0.1 ms]
      [Humongous Register: 0.1 ms]
      [Humongous Reclaim: 0.0 ms]
      [Free CSet: 0.5 ms]
   [Eden: 613.0M(613.0M)->0.0B(613.0M) Survivors: 1024.0K->1024.0K Heap: 757.5M(1024.0M)->144.5M(1024.0M)]
 [Times: user=0.01 sys=0.00, real=0.01 secs] 
2020-06-16T00:41:11.408+0000: 4915.474: [GC pause (G1 Evacuation Pause) (young), 0.0040102 secs]
   [Parallel Time: 2.8 ms, GC Workers: 2]
      [GC Worker Start (ms): Min: 4915474.5, Avg: 4915474.5, Max: 4915474.5, Diff: 0.0]
      [Ext Root Scanning (ms): Min: 1.1, Avg: 1.1, Max: 1.1, Diff: 0.1, Sum: 2.2]
      [Update RS (ms): Min: 0.3, Avg: 0.6, Max: 0.8, Diff: 0.5, Sum: 1.2]
         [Processed Buffers: Min: 1, Avg: 15.5, Max: 30, Diff: 29, Sum: 31]
      [Scan RS (ms): Min: 0.4, Avg: 0.5, Max: 0.7, Diff: 0.3, Sum: 1.0]
      [Code Root Scanning (ms): Min: 0.2, Avg: 0.2, Max: 0.3, Diff: 0.2, Sum: 0.5]
      [Object Copy (ms): Min: 0.2, Avg: 0.3, Max: 0.3, Diff: 0.1, Sum: 0.5]
      [Termination (ms): Min: 0.0, Avg: 0.0, Max: 0.0, Diff: 0.0, Sum: 0.0]
         [Termination Attempts: Min: 1, Avg: 1.0, Max: 1, Diff: 0, Sum: 2]
      [GC Worker Other (ms): Min: 0.0, Avg: 0.0, Max: 0.0, Diff: 0.0, Sum: 0.1]
      [GC Worker Total (ms): Min: 2.8, Avg: 2.8, Max: 2.8, Diff: 0.0, Sum: 5.5]
      [GC Worker End (ms): Min: 4915477.2, Avg: 4915477.2, Max: 4915477.2, Diff: 0.0]
   [Code Root Fixup: 0.0 ms]
   [Code Root Purge: 0.0 ms]
   [Clear CT: 0.3 ms]
   [Other: 0.8 ms]
      [Choose CSet: 0.0 ms]
      [Ref Proc: 0.2 ms]
      [Ref Enq: 0.0 ms]
      [Redirty Cards: 0.0 ms]
      [Humongous Register: 0.1 ms]
      [Humongous Reclaim: 0.0 ms]
      [Free CSet: 0.4 ms]
   [Eden: 613.0M(613.0M)->0.0B(613.0M) Survivors: 1024.0K->1024.0K Heap: 757.5M(1024.0M)->144.5M(1024.0M)]
 [Times: user=0.01 sys=0.00, real=0.00 secs] 
2020-06-16T00:41:51.840+0000: 4955.906: [GC pause (G1 Evacuation Pause) (young), 0.0091592 secs]
   [Parallel Time: 5.6 ms, GC Workers: 2]
      [GC Worker Start (ms): Min: 4955906.0, Avg: 4955908.1, Max: 4955910.3, Diff: 4.3]
      [Ext Root Scanning (ms): Min: 0.0, Avg: 0.9, Max: 1.8, Diff: 1.8, Sum: 1.8]
      [Update RS (ms): Min: 0.0, Avg: 0.5, Max: 0.9, Diff: 0.9, Sum: 0.9]
         [Processed Buffers: Min: 0, Avg: 15.5, Max: 31, Diff: 31, Sum: 31]
      [Scan RS (ms): Min: 0.0, Avg: 0.4, Max: 0.7, Diff: 0.7, Sum: 0.8]
      [Code Root Scanning (ms): Min: 0.0, Avg: 0.2, Max: 0.4, Diff: 0.4, Sum: 0.4]
      [Object Copy (ms): Min: 0.0, Avg: 0.2, Max: 0.3, Diff: 0.3, Sum: 0.3]
      [Termination (ms): Min: 0.0, Avg: 0.7, Max: 1.3, Diff: 1.3, Sum: 1.3]
         [Termination Attempts: Min: 1, Avg: 1.0, Max: 1, Diff: 0, Sum: 2]
      [GC Worker Other (ms): Min: 0.0, Avg: 0.0, Max: 0.0, Diff: 0.0, Sum: 0.0]
      [GC Worker Total (ms): Min: 0.1, Avg: 2.8, Max: 5.5, Diff: 5.5, Sum: 5.6]
      [GC Worker End (ms): Min: 4955910.3, Avg: 4955910.9, Max: 4955911.5, Diff: 1.2]
   [Code Root Fixup: 0.0 ms]
   [Code Root Purge: 0.0 ms]
   [Clear CT: 0.4 ms]
   [Other: 3.1 ms]
      [Choose CSet: 0.0 ms]
      [Ref Proc: 2.4 ms]
      [Ref Enq: 0.0 ms]
      [Redirty Cards: 0.1 ms]
      [Humongous Register: 0.1 ms]
      [Humongous Reclaim: 0.0 ms]
      [Free CSet: 0.4 ms]
   [Eden: 613.0M(613.0M)->0.0B(613.0M) Survivors: 1024.0K->1024.0K Heap: 757.5M(1024.0M)->144.5M(1024.0M)]
 [Times: user=0.00 sys=0.00, real=0.01 secs] 
2020-06-16T00:42:30.660+0000: 4994.726: [GC pause (G1 Evacuation Pause) (young), 0.0039296 secs]
   [Parallel Time: 2.8 ms, GC Workers: 2]
      [GC Worker Start (ms): Min: 4994726.0, Avg: 4994726.0, Max: 4994726.0, Diff: 0.0]
      [Ext Root Scanning (ms): Min: 1.1, Avg: 1.1, Max: 1.1, Diff: 0.1, Sum: 2.2]
      [Update RS (ms): Min: 0.3, Avg: 0.6, Max: 0.8, Diff: 0.5, Sum: 1.2]
         [Processed Buffers: Min: 1, Avg: 14.5, Max: 28, Diff: 27, Sum: 29]
      [Scan RS (ms): Min: 0.4, Avg: 0.5, Max: 0.7, Diff: 0.3, Sum: 1.1]
      [Code Root Scanning (ms): Min: 0.2, Avg: 0.2, Max: 0.3, Diff: 0.2, Sum: 0.5]
      [Object Copy (ms): Min: 0.2, Avg: 0.3, Max: 0.3, Diff: 0.1, Sum: 0.5]
      [Termination (ms): Min: 0.0, Avg: 0.0, Max: 0.0, Diff: 0.0, Sum: 0.0]
         [Termination Attempts: Min: 1, Avg: 1.0, Max: 1, Diff: 0, Sum: 2]
      [GC Worker Other (ms): Min: 0.0, Avg: 0.0, Max: 0.0, Diff: 0.0, Sum: 0.1]
      [GC Worker Total (ms): Min: 2.7, Avg: 2.8, Max: 2.8, Diff: 0.0, Sum: 5.5]
      [GC Worker End (ms): Min: 4994728.7, Avg: 4994728.7, Max: 4994728.7, Diff: 0.0]
   [Code Root Fixup: 0.0 ms]
   [Code Root Purge: 0.0 ms]
   [Clear CT: 0.3 ms]
   [Other: 0.8 ms]
      [Choose CSet: 0.0 ms]
      [Ref Proc: 0.1 ms]
      [Ref Enq: 0.0 ms]
      [Redirty Cards: 0.1 ms]
      [Humongous Register: 0.1 ms]
      [Humongous Reclaim: 0.0 ms]
      [Free CSet: 0.3 ms]
   [Eden: 613.0M(613.0M)->0.0B(613.0M) Survivors: 1024.0K->1024.0K Heap: 757.5M(1024.0M)->144.5M(1024.0M)]
 [Times: user=0.01 sys=0.00, real=0.01 secs] 
2020-06-16T00:43:04.317+0000: 5028.383: [GC pause (G1 Evacuation Pause) (young), 0.0041413 secs]
   [Parallel Time: 2.9 ms, GC Workers: 2]
      [GC Worker Start (ms): Min: 5028383.4, Avg: 5028383.5, Max: 5028383.5, Diff: 0.0]
      [Ext Root Scanning (ms): Min: 1.1, Avg: 1.2, Max: 1.2, Diff: 0.1, Sum: 2.3]
      [Update RS (ms): Min: 0.6, Avg: 0.6, Max: 0.6, Diff: 0.0, Sum: 1.1]
         [Processed Buffers: Min: 3, Avg: 14.0, Max: 25, Diff: 22, Sum: 28]
      [Scan RS (ms): Min: 0.6, Avg: 0.6, Max: 0.6, Diff: 0.0, Sum: 1.2]
      [Code Root Scanning (ms): Min: 0.3, Avg: 0.3, Max: 0.3, Diff: 0.0, Sum: 0.5]
      [Object Copy (ms): Min: 0.2, Avg: 0.3, Max: 0.3, Diff: 0.1, Sum: 0.6]
      [Termination (ms): Min: 0.0, Avg: 0.0, Max: 0.0, Diff: 0.0, Sum: 0.0]
         [Termination Attempts: Min: 1, Avg: 1.0, Max: 1, Diff: 0, Sum: 2]
      [GC Worker Other (ms): Min: 0.0, Avg: 0.0, Max: 0.0, Diff: 0.0, Sum: 0.1]
      [GC Worker Total (ms): Min: 2.9, Avg: 2.9, Max: 2.9, Diff: 0.0, Sum: 5.7]
      [GC Worker End (ms): Min: 5028386.3, Avg: 5028386.3, Max: 5028386.3, Diff: 0.0]
   [Code Root Fixup: 0.0 ms]
   [Code Root Purge: 0.0 ms]
   [Clear CT: 0.3 ms]
   [Other: 0.9 ms]
      [Choose CSet: 0.0 ms]
      [Ref Proc: 0.2 ms]
      [Ref Enq: 0.0 ms]
      [Redirty Cards: 0.0 ms]
      [Humongous Register: 0.1 ms]
      [Humongous Reclaim: 0.0 ms]
      [Free CSet: 0.4 ms]
   [Eden: 613.0M(613.0M)->0.0B(613.0M) Survivors: 1024.0K->1024.0K Heap: 757.5M(1024.0M)->144.5M(1024.0M)]
 [Times: user=0.01 sys=0.00, real=0.00 secs] 
2020-06-16T00:43:32.454+0000: 5056.520: [GC pause (G1 Evacuation Pause) (young), 0.0046619 secs]
   [Parallel Time: 3.2 ms, GC Workers: 2]
      [GC Worker Start (ms): Min: 5056520.5, Avg: 5056520.8, Max: 5056521.2, Diff: 0.7]
      [Ext Root Scanning (ms): Min: 0.7, Avg: 1.1, Max: 1.4, Diff: 0.7, Sum: 2.2]
      [Update RS (ms): Min: 0.5, Avg: 0.6, Max: 0.6, Diff: 0.0, Sum: 1.1]
         [Processed Buffers: Min: 3, Avg: 13.0, Max: 23, Diff: 20, Sum: 26]
      [Scan RS (ms): Min: 0.6, Avg: 0.6, Max: 0.6, Diff: 0.0, Sum: 1.1]
      [Code Root Scanning (ms): Min: 0.3, Avg: 0.3, Max: 0.3, Diff: 0.0, Sum: 0.5]
      [Object Copy (ms): Min: 0.2, Avg: 0.3, Max: 0.3, Diff: 0.1, Sum: 0.5]
      [Termination (ms): Min: 0.0, Avg: 0.0, Max: 0.0, Diff: 0.0, Sum: 0.0]
         [Termination Attempts: Min: 1, Avg: 1.0, Max: 1, Diff: 0, Sum: 2]
      [GC Worker Other (ms): Min: 0.0, Avg: 0.0, Max: 0.0, Diff: 0.0, Sum: 0.1]
      [GC Worker Total (ms): Min: 2.4, Avg: 2.8, Max: 3.1, Diff: 0.7, Sum: 5.5]
      [GC Worker End (ms): Min: 5056523.6, Avg: 5056523.6, Max: 5056523.6, Diff: 0.0]
   [Code Root Fixup: 0.0 ms]
   [Code Root Purge: 0.0 ms]
   [Clear CT: 0.5 ms]
   [Other: 1.0 ms]
      [Choose CSet: 0.0 ms]
      [Ref Proc: 0.3 ms]
      [Ref Enq: 0.0 ms]
      [Redirty Cards: 0.0 ms]
      [Humongous Register: 0.1 ms]
      [Humongous Reclaim: 0.0 ms]
      [Free CSet: 0.4 ms]
   [Eden: 613.0M(613.0M)->0.0B(613.0M) Survivors: 1024.0K->1024.0K Heap: 757.5M(1024.0M)->144.5M(1024.0M)]
 [Times: user=0.01 sys=0.00, real=0.01 secs] 
2020-06-16T00:44:00.925+0000: 5084.992: [GC pause (G1 Evacuation Pause) (young), 0.0042520 secs]
   [Parallel Time: 2.8 ms, GC Workers: 2]
      [GC Worker Start (ms): Min: 5084991.8, Avg: 5084991.8, Max: 5084991.8, Diff: 0.0]
      [Ext Root Scanning (ms): Min: 1.1, Avg: 1.1, Max: 1.2, Diff: 0.1, Sum: 2.2]
      [Update RS (ms): Min: 0.5, Avg: 0.5, Max: 0.6, Diff: 0.0, Sum: 1.1]
         [Processed Buffers: Min: 2, Avg: 14.0, Max: 26, Diff: 24, Sum: 28]
      [Scan RS (ms): Min: 0.5, Avg: 0.5, Max: 0.5, Diff: 0.0, Sum: 1.0]
      [Code Root Scanning (ms): Min: 0.3, Avg: 0.3, Max: 0.3, Diff: 0.0, Sum: 0.5]
      [Object Copy (ms): Min: 0.2, Avg: 0.3, Max: 0.3, Diff: 0.1, Sum: 0.5]
      [Termination (ms): Min: 0.0, Avg: 0.0, Max: 0.0, Diff: 0.0, Sum: 0.0]
         [Termination Attempts: Min: 1, Avg: 1.0, Max: 1, Diff: 0, Sum: 2]
      [GC Worker Other (ms): Min: 0.0, Avg: 0.0, Max: 0.0, Diff: 0.0, Sum: 0.1]
      [GC Worker Total (ms): Min: 2.7, Avg: 2.8, Max: 2.8, Diff: 0.0, Sum: 5.5]
      [GC Worker End (ms): Min: 5084994.5, Avg: 5084994.5, Max: 5084994.5, Diff: 0.0]
   [Code Root Fixup: 0.0 ms]
   [Code Root Purge: 0.0 ms]
   [Clear CT: 0.5 ms]
   [Other: 0.9 ms]
      [Choose CSet: 0.0 ms]
      [Ref Proc: 0.2 ms]
      [Ref Enq: 0.0 ms]
      [Redirty Cards: 0.1 ms]
      [Humongous Register: 0.1 ms]
      [Humongous Reclaim: 0.0 ms]
      [Free CSet: 0.4 ms]
   [Eden: 613.0M(613.0M)->0.0B(613.0M) Survivors: 1024.0K->1024.0K Heap: 757.5M(1024.0M)->144.5M(1024.0M)]
 [Times: user=0.01 sys=0.00, real=0.00 secs] 
2020-06-16T00:44:29.169+0000: 5113.235: [GC pause (G1 Evacuation Pause) (young), 0.0042539 secs]
   [Parallel Time: 3.0 ms, GC Workers: 2]
      [GC Worker Start (ms): Min: 5113234.9, Avg: 5113234.9, Max: 5113234.9, Diff: 0.0]
      [Ext Root Scanning (ms): Min: 1.1, Avg: 1.2, Max: 1.2, Diff: 0.1, Sum: 2.3]
      [Update RS (ms): Min: 0.5, Avg: 0.6, Max: 0.6, Diff: 0.1, Sum: 1.1]
         [Processed Buffers: Min: 5, Avg: 15.0, Max: 25, Diff: 20, Sum: 30]
      [Scan RS (ms): Min: 0.5, Avg: 0.6, Max: 0.6, Diff: 0.1, Sum: 1.1]
      [Code Root Scanning (ms): Min: 0.3, Avg: 0.3, Max: 0.3, Diff: 0.0, Sum: 0.6]
      [Object Copy (ms): Min: 0.2, Avg: 0.3, Max: 0.3, Diff: 0.1, Sum: 0.5]
      [Termination (ms): Min: 0.0, Avg: 0.0, Max: 0.0, Diff: 0.0, Sum: 0.0]
         [Termination Attempts: Min: 1, Avg: 1.0, Max: 1, Diff: 0, Sum: 2]
      [GC Worker Other (ms): Min: 0.0, Avg: 0.0, Max: 0.0, Diff: 0.0, Sum: 0.1]
      [GC Worker Total (ms): Min: 2.9, Avg: 2.9, Max: 2.9, Diff: 0.0, Sum: 5.7]
      [GC Worker End (ms): Min: 5113237.7, Avg: 5113237.7, Max: 5113237.7, Diff: 0.0]
   [Code Root Fixup: 0.0 ms]
   [Code Root Purge: 0.0 ms]
   [Clear CT: 0.3 ms]
   [Other: 1.0 ms]
      [Choose CSet: 0.0 ms]
      [Ref Proc: 0.1 ms]
      [Ref Enq: 0.0 ms]
      [Redirty Cards: 0.1 ms]
      [Humongous Register: 0.1 ms]
      [Humongous Reclaim: 0.0 ms]
      [Free CSet: 0.5 ms]
   [Eden: 613.0M(613.0M)->0.0B(613.0M) Survivors: 1024.0K->1024.0K Heap: 757.5M(1024.0M)->144.5M(1024.0M)]
 [Times: user=0.00 sys=0.01, real=0.00 secs] 
2020-06-16T00:44:57.486+0000: 5141.552: [GC pause (G1 Evacuation Pause) (young), 0.0043613 secs]
   [Parallel Time: 2.9 ms, GC Workers: 2]
      [GC Worker Start (ms): Min: 5141552.4, Avg: 5141552.4, Max: 5141552.4, Diff: 0.0]
      [Ext Root Scanning (ms): Min: 1.1, Avg: 1.1, Max: 1.2, Diff: 0.1, Sum: 2.3]
      [Update RS (ms): Min: 0.5, Avg: 0.6, Max: 0.6, Diff: 0.1, Sum: 1.1]
         [Processed Buffers: Min: 3, Avg: 13.0, Max: 23, Diff: 20, Sum: 26]
      [Scan RS (ms): Min: 0.5, Avg: 0.6, Max: 0.6, Diff: 0.1, Sum: 1.1]
      [Code Root Scanning (ms): Min: 0.3, Avg: 0.3, Max: 0.3, Diff: 0.0, Sum: 0.5]
      [Object Copy (ms): Min: 0.3, Avg: 0.3, Max: 0.3, Diff: 0.1, Sum: 0.6]
      [Termination (ms): Min: 0.0, Avg: 0.0, Max: 0.0, Diff: 0.0, Sum: 0.0]
         [Termination Attempts: Min: 1, Avg: 1.0, Max: 1, Diff: 0, Sum: 2]
      [GC Worker Other (ms): Min: 0.0, Avg: 0.0, Max: 0.1, Diff: 0.0, Sum: 0.1]
      [GC Worker Total (ms): Min: 2.8, Avg: 2.8, Max: 2.8, Diff: 0.0, Sum: 5.7]
      [GC Worker End (ms): Min: 5141555.3, Avg: 5141555.3, Max: 5141555.3, Diff: 0.0]
   [Code Root Fixup: 0.0 ms]
   [Code Root Purge: 0.0 ms]
   [Clear CT: 0.5 ms]
   [Other: 1.0 ms]
      [Choose CSet: 0.0 ms]
      [Ref Proc: 0.3 ms]
      [Ref Enq: 0.0 ms]
      [Redirty Cards: 0.1 ms]
      [Humongous Register: 0.1 ms]
      [Humongous Reclaim: 0.0 ms]
      [Free CSet: 0.4 ms]
   [Eden: 613.0M(613.0M)->0.0B(613.0M) Survivors: 1024.0K->1024.0K Heap: 757.5M(1024.0M)->144.5M(1024.0M)]
 [Times: user=0.00 sys=0.00, real=0.00 secs] 
2020-06-16T00:45:25.846+0000: 5169.912: [GC pause (G1 Evacuation Pause) (young), 0.0083732 secs]
   [Parallel Time: 4.3 ms, GC Workers: 2]
      [GC Worker Start (ms): Min: 5169912.4, Avg: 5169914.5, Max: 5169916.6, Diff: 4.2]
      [Ext Root Scanning (ms): Min: 0.0, Avg: 0.9, Max: 1.8, Diff: 1.8, Sum: 1.8]
      [Update RS (ms): Min: 0.0, Avg: 0.5, Max: 0.9, Diff: 0.9, Sum: 0.9]
         [Processed Buffers: Min: 0, Avg: 15.0, Max: 30, Diff: 30, Sum: 30]
      [Scan RS (ms): Min: 0.1, Avg: 0.4, Max: 0.7, Diff: 0.7, Sum: 0.8]
      [Code Root Scanning (ms): Min: 0.0, Avg: 0.2, Max: 0.4, Diff: 0.4, Sum: 0.4]
      [Object Copy (ms): Min: 0.0, Avg: 0.1, Max: 0.2, Diff: 0.2, Sum: 0.2]
      [Termination (ms): Min: 0.0, Avg: 0.1, Max: 0.2, Diff: 0.2, Sum: 0.2]
         [Termination Attempts: Min: 1, Avg: 1.0, Max: 1, Diff: 0, Sum: 2]
      [GC Worker Other (ms): Min: 0.0, Avg: 0.0, Max: 0.0, Diff: 0.0, Sum: 0.0]
      [GC Worker Total (ms): Min: 0.1, Avg: 2.2, Max: 4.3, Diff: 4.2, Sum: 4.4]
      [GC Worker End (ms): Min: 5169916.7, Avg: 5169916.7, Max: 5169916.7, Diff: 0.0]
   [Code Root Fixup: 0.0 ms]
   [Code Root Purge: 0.0 ms]
   [Clear CT: 0.6 ms]
   [Other: 3.4 ms]
      [Choose CSet: 0.0 ms]
      [Ref Proc: 2.7 ms]
      [Ref Enq: 0.0 ms]
      [Redirty Cards: 0.1 ms]
      [Humongous Register: 0.1 ms]
      [Humongous Reclaim: 0.0 ms]
      [Free CSet: 0.4 ms]
   [Eden: 613.0M(613.0M)->0.0B(613.0M) Survivors: 1024.0K->1024.0K Heap: 757.5M(1024.0M)->144.5M(1024.0M)]
 [Times: user=0.00 sys=0.00, real=0.00 secs] 
2020-06-16T00:45:54.038+0000: 5198.104: [GC pause (G1 Evacuation Pause) (young), 0.0041211 secs]
   [Parallel Time: 2.6 ms, GC Workers: 2]
      [GC Worker Start (ms): Min: 5198104.3, Avg: 5198104.3, Max: 5198104.3, Diff: 0.0]
      [Ext Root Scanning (ms): Min: 1.1, Avg: 1.1, Max: 1.2, Diff: 0.1, Sum: 2.2]
      [Update RS (ms): Min: 0.3, Avg: 0.4, Max: 0.5, Diff: 0.1, Sum: 0.8]
         [Processed Buffers: Min: 1, Avg: 13.5, Max: 26, Diff: 25, Sum: 27]
      [Scan RS (ms): Min: 0.5, Avg: 0.6, Max: 0.6, Diff: 0.1, Sum: 1.1]
      [Code Root Scanning (ms): Min: 0.2, Avg: 0.3, Max: 0.3, Diff: 0.1, Sum: 0.5]
      [Object Copy (ms): Min: 0.2, Avg: 0.2, Max: 0.2, Diff: 0.1, Sum: 0.4]
      [Termination (ms): Min: 0.0, Avg: 0.0, Max: 0.0, Diff: 0.0, Sum: 0.0]
         [Termination Attempts: Min: 1, Avg: 1.0, Max: 1, Diff: 0, Sum: 2]
      [GC Worker Other (ms): Min: 0.0, Avg: 0.0, Max: 0.0, Diff: 0.0, Sum: 0.1]
      [GC Worker Total (ms): Min: 2.5, Avg: 2.5, Max: 2.6, Diff: 0.0, Sum: 5.1]
      [GC Worker End (ms): Min: 5198106.9, Avg: 5198106.9, Max: 5198106.9, Diff: 0.0]
   [Code Root Fixup: 0.0 ms]
   [Code Root Purge: 0.0 ms]
   [Clear CT: 0.5 ms]
   [Other: 1.0 ms]
      [Choose CSet: 0.0 ms]
      [Ref Proc: 0.3 ms]
      [Ref Enq: 0.0 ms]
      [Redirty Cards: 0.0 ms]
      [Humongous Register: 0.1 ms]
      [Humongous Reclaim: 0.0 ms]
      [Free CSet: 0.4 ms]
   [Eden: 613.0M(613.0M)->0.0B(613.0M) Survivors: 1024.0K->1024.0K Heap: 757.5M(1024.0M)->144.5M(1024.0M)]
 [Times: user=0.00 sys=0.00, real=0.00 secs] 
2020-06-16T00:46:22.013+0000: 5226.079: [GC pause (G1 Evacuation Pause) (young), 0.0056804 secs]
   [Parallel Time: 4.0 ms, GC Workers: 2]
      [GC Worker Start (ms): Min: 5226079.3, Avg: 5226081.3, Max: 5226083.2, Diff: 3.8]
      [Ext Root Scanning (ms): Min: 0.0, Avg: 0.9, Max: 1.8, Diff: 1.8, Sum: 1.8]
      [Update RS (ms): Min: 0.0, Avg: 0.3, Max: 0.6, Diff: 0.6, Sum: 0.6]
         [Processed Buffers: Min: 0, Avg: 14.5, Max: 29, Diff: 29, Sum: 29]
      [Scan RS (ms): Min: 0.0, Avg: 0.4, Max: 0.7, Diff: 0.7, Sum: 0.8]
      [Code Root Scanning (ms): Min: 0.0, Avg: 0.2, Max: 0.4, Diff: 0.4, Sum: 0.4]
      [Object Copy (ms): Min: 0.0, Avg: 0.1, Max: 0.2, Diff: 0.2, Sum: 0.2]
      [Termination (ms): Min: 0.0, Avg: 0.1, Max: 0.2, Diff: 0.2, Sum: 0.2]
         [Termination Attempts: Min: 1, Avg: 1.0, Max: 1, Diff: 0, Sum: 2]
      [GC Worker Other (ms): Min: 0.0, Avg: 0.0, Max: 0.0, Diff: 0.0, Sum: 0.0]
      [GC Worker Total (ms): Min: 0.1, Avg: 2.0, Max: 3.9, Diff: 3.9, Sum: 4.0]
      [GC Worker End (ms): Min: 5226083.3, Avg: 5226083.3, Max: 5226083.3, Diff: 0.0]
   [Code Root Fixup: 0.0 ms]
   [Code Root Purge: 0.0 ms]
   [Clear CT: 0.3 ms]
   [Other: 1.4 ms]
      [Choose CSet: 0.0 ms]
      [Ref Proc: 0.1 ms]
      [Ref Enq: 0.0 ms]
      [Redirty Cards: 0.5 ms]
      [Humongous Register: 0.1 ms]
      [Humongous Reclaim: 0.0 ms]
      [Free CSet: 0.4 ms]
   [Eden: 613.0M(613.0M)->0.0B(613.0M) Survivors: 1024.0K->1024.0K Heap: 757.5M(1024.0M)->144.5M(1024.0M)]
 [Times: user=0.00 sys=0.00, real=0.01 secs] 
2020-06-16T00:46:50.914+0000: 5254.981: [GC pause (G1 Evacuation Pause) (young), 0.0037710 secs]
   [Parallel Time: 2.6 ms, GC Workers: 2]
      [GC Worker Start (ms): Min: 5254980.8, Avg: 5254980.8, Max: 5254980.8, Diff: 0.0]
      [Ext Root Scanning (ms): Min: 1.1, Avg: 1.1, Max: 1.2, Diff: 0.1, Sum: 2.3]
      [Update RS (ms): Min: 0.3, Avg: 0.4, Max: 0.4, Diff: 0.1, Sum: 0.7]
         [Processed Buffers: Min: 1, Avg: 14.0, Max: 27, Diff: 26, Sum: 28]
      [Scan RS (ms): Min: 0.5, Avg: 0.6, Max: 0.6, Diff: 0.1, Sum: 1.1]
      [Code Root Scanning (ms): Min: 0.2, Avg: 0.3, Max: 0.3, Diff: 0.1, Sum: 0.5]
      [Object Copy (ms): Min: 0.2, Avg: 0.2, Max: 0.2, Diff: 0.0, Sum: 0.3]
      [Termination (ms): Min: 0.0, Avg: 0.0, Max: 0.0, Diff: 0.0, Sum: 0.0]
         [Termination Attempts: Min: 1, Avg: 1.0, Max: 1, Diff: 0, Sum: 2]
      [GC Worker Other (ms): Min: 0.0, Avg: 0.0, Max: 0.0, Diff: 0.0, Sum: 0.1]
      [GC Worker Total (ms): Min: 2.5, Avg: 2.5, Max: 2.5, Diff: 0.0, Sum: 5.1]
      [GC Worker End (ms): Min: 5254983.3, Avg: 5254983.3, Max: 5254983.3, Diff: 0.0]
   [Code Root Fixup: 0.0 ms]
   [Code Root Purge: 0.0 ms]
   [Clear CT: 0.4 ms]
   [Other: 0.8 ms]
      [Choose CSet: 0.0 ms]
      [Ref Proc: 0.1 ms]
      [Ref Enq: 0.0 ms]
      [Redirty Cards: 0.0 ms]
      [Humongous Register: 0.1 ms]
      [Humongous Reclaim: 0.0 ms]
      [Free CSet: 0.4 ms]
   [Eden: 613.0M(613.0M)->0.0B(613.0M) Survivors: 1024.0K->1024.0K Heap: 757.5M(1024.0M)->144.5M(1024.0M)]
 [Times: user=0.00 sys=0.00, real=0.01 secs] 
2020-06-16T00:47:19.803+0000: 5283.869: [GC pause (G1 Evacuation Pause) (young), 0.0071349 secs]
   [Parallel Time: 4.0 ms, GC Workers: 2]
      [GC Worker Start (ms): Min: 5283869.4, Avg: 5283871.3, Max: 5283873.2, Diff: 3.8]
      [Ext Root Scanning (ms): Min: 0.0, Avg: 0.9, Max: 1.8, Diff: 1.8, Sum: 1.8]
      [Update RS (ms): Min: 0.0, Avg: 0.3, Max: 0.6, Diff: 0.6, Sum: 0.6]
         [Processed Buffers: Min: 0, Avg: 12.0, Max: 24, Diff: 24, Sum: 24]
      [Scan RS (ms): Min: 0.0, Avg: 0.4, Max: 0.8, Diff: 0.7, Sum: 0.8]
      [Code Root Scanning (ms): Min: 0.0, Avg: 0.2, Max: 0.4, Diff: 0.4, Sum: 0.4]
      [Object Copy (ms): Min: 0.0, Avg: 0.1, Max: 0.3, Diff: 0.2, Sum: 0.3]
      [Termination (ms): Min: 0.0, Avg: 0.0, Max: 0.0, Diff: 0.0, Sum: 0.0]
         [Termination Attempts: Min: 1, Avg: 1.0, Max: 1, Diff: 0, Sum: 2]
      [GC Worker Other (ms): Min: 0.0, Avg: 0.0, Max: 0.1, Diff: 0.0, Sum: 0.1]
      [GC Worker Total (ms): Min: 0.1, Avg: 2.0, Max: 3.9, Diff: 3.8, Sum: 4.1]
      [GC Worker End (ms): Min: 5283873.3, Avg: 5283873.3, Max: 5283873.3, Diff: 0.0]
   [Code Root Fixup: 0.0 ms]
   [Code Root Purge: 0.0 ms]
   [Clear CT: 0.3 ms]
   [Other: 2.8 ms]
      [Choose CSet: 0.0 ms]
      [Ref Proc: 2.0 ms]
      [Ref Enq: 0.0 ms]
      [Redirty Cards: 0.0 ms]
      [Humongous Register: 0.1 ms]
      [Humongous Reclaim: 0.0 ms]
      [Free CSet: 0.4 ms]
   [Eden: 613.0M(613.0M)->0.0B(613.0M) Survivors: 1024.0K->1024.0K Heap: 757.5M(1024.0M)->144.5M(1024.0M)]
 [Times: user=0.01 sys=0.00, real=0.01 secs] 
2020-06-16T00:47:48.304+0000: 5312.370: [GC pause (G1 Evacuation Pause) (young), 0.0040281 secs]
   [Parallel Time: 2.6 ms, GC Workers: 2]
      [GC Worker Start (ms): Min: 5312370.0, Avg: 5312370.0, Max: 5312370.0, Diff: 0.0]
      [Ext Root Scanning (ms): Min: 1.1, Avg: 1.2, Max: 1.2, Diff: 0.1, Sum: 2.3]
      [Update RS (ms): Min: 0.3, Avg: 0.4, Max: 0.4, Diff: 0.1, Sum: 0.7]
         [Processed Buffers: Min: 1, Avg: 14.5, Max: 28, Diff: 27, Sum: 29]
      [Scan RS (ms): Min: 0.5, Avg: 0.6, Max: 0.6, Diff: 0.1, Sum: 1.1]
      [Code Root Scanning (ms): Min: 0.3, Avg: 0.3, Max: 0.3, Diff: 0.0, Sum: 0.5]
      [Object Copy (ms): Min: 0.1, Avg: 0.2, Max: 0.2, Diff: 0.1, Sum: 0.4]
      [Termination (ms): Min: 0.0, Avg: 0.0, Max: 0.0, Diff: 0.0, Sum: 0.0]
         [Termination Attempts: Min: 1, Avg: 1.0, Max: 1, Diff: 0, Sum: 2]
      [GC Worker Other (ms): Min: 0.0, Avg: 0.0, Max: 0.0, Diff: 0.0, Sum: 0.0]
      [GC Worker Total (ms): Min: 2.5, Avg: 2.6, Max: 2.6, Diff: 0.0, Sum: 5.1]
      [GC Worker End (ms): Min: 5312372.5, Avg: 5312372.5, Max: 5312372.5, Diff: 0.0]
   [Code Root Fixup: 0.0 ms]
   [Code Root Purge: 0.0 ms]
   [Clear CT: 0.5 ms]
   [Other: 0.9 ms]
      [Choose CSet: 0.0 ms]
      [Ref Proc: 0.1 ms]
      [Ref Enq: 0.0 ms]
      [Redirty Cards: 0.1 ms]
      [Humongous Register: 0.1 ms]
      [Humongous Reclaim: 0.0 ms]
      [Free CSet: 0.4 ms]
   [Eden: 613.0M(613.0M)->0.0B(613.0M) Survivors: 1024.0K->1024.0K Heap: 757.5M(1024.0M)->144.5M(1024.0M)]
 [Times: user=0.00 sys=0.00, real=0.00 secs] 
2020-06-16T00:48:16.829+0000: 5340.895: [GC pause (G1 Evacuation Pause) (young), 0.0055167 secs]
   [Parallel Time: 3.7 ms, GC Workers: 2]
      [GC Worker Start (ms): Min: 5340895.2, Avg: 5340896.8, Max: 5340898.4, Diff: 3.1]
      [Ext Root Scanning (ms): Min: 0.0, Avg: 0.9, Max: 1.8, Diff: 1.8, Sum: 1.9]
      [Update RS (ms): Min: 0.0, Avg: 0.3, Max: 0.5, Diff: 0.5, Sum: 0.5]
         [Processed Buffers: Min: 0, Avg: 14.0, Max: 28, Diff: 28, Sum: 28]
      [Scan RS (ms): Min: 0.3, Avg: 0.5, Max: 0.7, Diff: 0.4, Sum: 0.9]
      [Code Root Scanning (ms): Min: 0.1, Avg: 0.2, Max: 0.3, Diff: 0.2, Sum: 0.4]
      [Object Copy (ms): Min: 0.1, Avg: 0.1, Max: 0.2, Diff: 0.1, Sum: 0.3]
      [Termination (ms): Min: 0.0, Avg: 0.0, Max: 0.0, Diff: 0.0, Sum: 0.0]
         [Termination Attempts: Min: 1, Avg: 1.0, Max: 1, Diff: 0, Sum: 2]
      [GC Worker Other (ms): Min: 0.0, Avg: 0.0, Max: 0.0, Diff: 0.0, Sum: 0.0]
      [GC Worker Total (ms): Min: 0.5, Avg: 2.1, Max: 3.7, Diff: 3.1, Sum: 4.2]
      [GC Worker End (ms): Min: 5340898.9, Avg: 5340898.9, Max: 5340898.9, Diff: 0.0]
   [Code Root Fixup: 0.0 ms]
   [Code Root Purge: 0.0 ms]
   [Clear CT: 0.3 ms]
   [Other: 1.5 ms]
      [Choose CSet: 0.0 ms]
      [Ref Proc: 0.8 ms]
      [Ref Enq: 0.0 ms]
      [Redirty Cards: 0.1 ms]
      [Humongous Register: 0.1 ms]
      [Humongous Reclaim: 0.0 ms]
      [Free CSet: 0.3 ms]
   [Eden: 613.0M(613.0M)->0.0B(613.0M) Survivors: 1024.0K->1024.0K Heap: 757.5M(1024.0M)->144.5M(1024.0M)]
 [Times: user=0.00 sys=0.00, real=0.00 secs] 
2020-06-16T00:48:45.110+0000: 5369.176: [GC pause (G1 Evacuation Pause) (young), 0.0065727 secs]
   [Parallel Time: 3.9 ms, GC Workers: 2]
      [GC Worker Start (ms): Min: 5369176.4, Avg: 5369178.3, Max: 5369180.1, Diff: 3.7]
      [Ext Root Scanning (ms): Min: 0.0, Avg: 0.9, Max: 1.8, Diff: 1.7, Sum: 1.8]
      [Update RS (ms): Min: 0.0, Avg: 0.3, Max: 0.6, Diff: 0.6, Sum: 0.6]
         [Processed Buffers: Min: 0, Avg: 12.5, Max: 25, Diff: 25, Sum: 25]
      [Scan RS (ms): Min: 0.0, Avg: 0.4, Max: 0.7, Diff: 0.6, Sum: 0.7]
      [Code Root Scanning (ms): Min: 0.0, Avg: 0.2, Max: 0.4, Diff: 0.4, Sum: 0.4]
      [Object Copy (ms): Min: 0.0, Avg: 0.1, Max: 0.2, Diff: 0.2, Sum: 0.2]
      [Termination (ms): Min: 0.0, Avg: 0.1, Max: 0.2, Diff: 0.2, Sum: 0.2]
         [Termination Attempts: Min: 1, Avg: 1.0, Max: 1, Diff: 0, Sum: 2]
      [GC Worker Other (ms): Min: 0.0, Avg: 0.0, Max: 0.0, Diff: 0.0, Sum: 0.0]
      [GC Worker Total (ms): Min: 0.1, Avg: 2.0, Max: 3.8, Diff: 3.7, Sum: 3.9]
      [GC Worker End (ms): Min: 5369180.2, Avg: 5369180.2, Max: 5369180.2, Diff: 0.0]
   [Code Root Fixup: 0.0 ms]
   [Code Root Purge: 0.0 ms]
   [Clear CT: 0.3 ms]
   [Other: 2.4 ms]
      [Choose CSet: 0.0 ms]
      [Ref Proc: 1.7 ms]
      [Ref Enq: 0.0 ms]
      [Redirty Cards: 0.1 ms]
      [Humongous Register: 0.1 ms]
      [Humongous Reclaim: 0.0 ms]
      [Free CSet: 0.3 ms]
   [Eden: 613.0M(613.0M)->0.0B(613.0M) Survivors: 1024.0K->1024.0K Heap: 757.5M(1024.0M)->144.5M(1024.0M)]
 [Times: user=0.00 sys=0.00, real=0.01 secs] 
2020-06-16T00:49:13.557+0000: 5397.623: [GC pause (G1 Evacuation Pause) (young), 0.0122877 secs]
   [Parallel Time: 11.2 ms, GC Workers: 2]
      [GC Worker Start (ms): Min: 5397623.2, Avg: 5397626.1, Max: 5397628.9, Diff: 5.7]
      [Ext Root Scanning (ms): Min: 0.0, Avg: 1.8, Max: 3.6, Diff: 3.5, Sum: 3.6]
      [Update RS (ms): Min: 0.0, Avg: 0.3, Max: 0.7, Diff: 0.7, Sum: 0.7]
         [Processed Buffers: Min: 0, Avg: 14.5, Max: 29, Diff: 29, Sum: 29]
      [Scan RS (ms): Min: 0.0, Avg: 0.4, Max: 0.7, Diff: 0.7, Sum: 0.8]
      [Code Root Scanning (ms): Min: 0.0, Avg: 0.2, Max: 0.4, Diff: 0.4, Sum: 0.4]
      [Object Copy (ms): Min: 0.0, Avg: 0.1, Max: 0.2, Diff: 0.2, Sum: 0.2]
      [Termination (ms): Min: 0.0, Avg: 2.8, Max: 5.5, Diff: 5.5, Sum: 5.5]
         [Termination Attempts: Min: 1, Avg: 1.0, Max: 1, Diff: 0, Sum: 2]
      [GC Worker Other (ms): Min: 0.0, Avg: 0.0, Max: 0.0, Diff: 0.0, Sum: 0.0]
      [GC Worker Total (ms): Min: 0.1, Avg: 5.6, Max: 11.1, Diff: 11.0, Sum: 11.2]
      [GC Worker End (ms): Min: 5397629.0, Avg: 5397631.7, Max: 5397634.4, Diff: 5.3]
   [Code Root Fixup: 0.0 ms]
   [Code Root Purge: 0.0 ms]
   [Clear CT: 0.3 ms]
   [Other: 0.7 ms]
      [Choose CSet: 0.0 ms]
      [Ref Proc: 0.1 ms]
      [Ref Enq: 0.0 ms]
      [Redirty Cards: 0.1 ms]
      [Humongous Register: 0.1 ms]
      [Humongous Reclaim: 0.0 ms]
      [Free CSet: 0.3 ms]
   [Eden: 613.0M(613.0M)->0.0B(613.0M) Survivors: 1024.0K->1024.0K Heap: 757.5M(1024.0M)->144.5M(1024.0M)]
 [Times: user=0.00 sys=0.00, real=0.01 secs] 
2020-06-16T00:49:41.545+0000: 5425.611: [GC pause (G1 Evacuation Pause) (young), 0.0041144 secs]
   [Parallel Time: 2.6 ms, GC Workers: 2]
      [GC Worker Start (ms): Min: 5425611.2, Avg: 5425611.2, Max: 5425611.2, Diff: 0.0]
      [Ext Root Scanning (ms): Min: 1.1, Avg: 1.1, Max: 1.1, Diff: 0.1, Sum: 2.2]
      [Update RS (ms): Min: 0.3, Avg: 0.4, Max: 0.4, Diff: 0.1, Sum: 0.7]
         [Processed Buffers: Min: 1, Avg: 16.0, Max: 31, Diff: 30, Sum: 32]
      [Scan RS (ms): Min: 0.5, Avg: 0.6, Max: 0.6, Diff: 0.1, Sum: 1.2]
      [Code Root Scanning (ms): Min: 0.3, Avg: 0.3, Max: 0.3, Diff: 0.0, Sum: 0.5]
      [Object Copy (ms): Min: 0.1, Avg: 0.2, Max: 0.2, Diff: 0.1, Sum: 0.3]
      [Termination (ms): Min: 0.0, Avg: 0.0, Max: 0.0, Diff: 0.0, Sum: 0.0]
         [Termination Attempts: Min: 1, Avg: 1.0, Max: 1, Diff: 0, Sum: 2]
      [GC Worker Other (ms): Min: 0.0, Avg: 0.0, Max: 0.0, Diff: 0.0, Sum: 0.1]
      [GC Worker Total (ms): Min: 2.5, Avg: 2.5, Max: 2.5, Diff: 0.0, Sum: 5.0]
      [GC Worker End (ms): Min: 5425613.7, Avg: 5425613.7, Max: 5425613.7, Diff: 0.0]
   [Code Root Fixup: 0.0 ms]
   [Code Root Purge: 0.0 ms]
   [Clear CT: 0.6 ms]
   [Other: 1.0 ms]
      [Choose CSet: 0.0 ms]
      [Ref Proc: 0.2 ms]
      [Ref Enq: 0.0 ms]
      [Redirty Cards: 0.1 ms]
      [Humongous Register: 0.1 ms]
      [Humongous Reclaim: 0.0 ms]
      [Free CSet: 0.4 ms]
   [Eden: 613.0M(613.0M)->0.0B(613.0M) Survivors: 1024.0K->1024.0K Heap: 757.5M(1024.0M)->144.5M(1024.0M)]
 [Times: user=0.00 sys=0.01, real=0.00 secs] 
